Microchip MPLAB XC8 Compiler V1.33 ()

Linker command line:

--edf=C:\Program Files (x86)\Microchip\xc8\v1.33\dat\en_msgs.txt -cs \
  -h+PIC16F877A.sym --cmf=PIC16F877A.cmf -z -Q16F877A \
  -oC:\Users\332414\AppData\Local\Temp\s7ok.6 -MPIC16F877A.map -E1 -ver=XC8 \
  -ASTACK=01DAh-01efh -pstack=STACK -ACONST=00h-0FFhx32 -ACODE=00h-07FFhx4 \
  -ASTRCODE=00h-01FFFh -AENTRY=00h-0FFhx32 -ASTRING=00h-0FFhx32 \
  -ACOMMON=070h-07Fh -ABANK0=020h-06Fh -ABANK1=0A0h-0EFh \
  -ABANK2=0110h-016Fh -ABANK3=0190h-01EFh \
  -ARAM=020h-06Fh,0A0h-0EFh,0110h-016Fh,0190h-01EFh \
  -AABS1=020h-07Fh,0A0h-0EFh,0110h-016Fh,0190h-01EFh -ASFR0=00h-01Fh \
  -ASFR1=080h-09Fh -ASFR2=0100h-010Fh -ASFR3=0180h-018Fh \
  -preset_vec=00h,intentry=04h,init,end_init -ppowerup=CODE -pcinit=CODE \
  -pfunctab=CODE -ACONFIG=02007h-02007h -pconfig=CONFIG -DCONFIG=2 \
  -AIDLOC=02000h-02003h -pidloc=IDLOC -DIDLOC=2 -AEEDATA=00h-0FFh/02100h \
  -peeprom_data=EEDATA -DEEDATA=2 -DCODE=2 -DSTRCODE=2 -DSTRING=2 -DCONST=2 \
  -DENTRY=2 -k startup.obj PIC16F877A.obj 

Object code version is 3.11

Machine type is 16F877A



                Name                               Link     Load   Length Selector   Space Scale
startup.obj     end_init                             12       12        3        8       0
                reset_vec                             0        0        3        0       0
                config                             2007     2007        1     400E       0
PIC16F877A.obj  cinit                                15       15       3E        8       0
                intentry                              4        4        E        8       0
                text13_split_7                       53       53      799        8       0
                text13_split_6                     154A     154A       86     2A94       0
                text13_split_5                      A89      A89       B4     1512       0
                text13_split_4                      891      891       99     1122       0
                text13_split_3                     1657     1657       8C     2CAE       0
                text13_split_2                      9D7      9D7       B2     13AE       0
                text13_split_1                      800      800       91     1000       0
                text40                             110D     110D       16     221A       0
                text39                             10FE     10FE        F     21FC       0
                text38                             10B1     10B1        8     2162       0
                text37                             1185     1185       1C     230A       0
                text36                             113A     113A       18     2274       0
                text35                             1475     1475       68     28EA       0
                text34                             11DD     11DD       21     23BA       0
                text33                              7EC      7EC       11        8       0
                text32                              BF5      BF5       D3     17EA       0
                text31                             16E3     16E3       8E     2DC6       0
                text30                             1152     1152       18     22A4       0
                text29                             1264     1264       25     24C8       0
                text28                             10F0     10F0        E     21E0       0
                text27                             1414     1414       61     2828       0
                text26                             11A1     11A1       1E     2342       0
                text25                             11BF     11BF       1E     237E       0
                text24                             12C3     12C3       3E     2586       0
                text23                             15D0     15D0       87     2BA0       0
                text22                              DA1      DA1      109     1B42       0
                text21                              B3D      B3D       B8     167A       0
                text20                             10DB     10DB        A     21B6       0
                text19                              EAA      EAA      156     1D54       0
                text18                             116A     116A       1B     22D4       0
                text17                             10AB     10AB        6     2156       0
                text16                             10C9     10C9        9     2192       0
                text15                             1289     1289       3A     2512       0
                text14                             133F     133F       43     267E       0
                text13                              92A      92A       AD     1254       0
                text12                             1123     1123       17     2246       0
                text11                             14DD     14DD       6D     29BA       0
                text10                             11FE     11FE       21     23FC       0
                text9                              121F     121F       21     243E       0
                text8                              1240     1240       24     2480       0
                text7                              10E5     10E5        B     21CA       0
                text6                              10B9     10B9        8     2172       0
                text5                              1771     1771       8F     2EE2       0
                text4                              13C9     13C9       4B     2792       0
                text3                              10D2     10D2        9     21A4       0
                text2                              1301     1301       3E     2602       0
                text1                              1382     1382       47     2704       0
                maintext                            CC8      CC8       D9     1990       0
                cstackBANK0                          20       20       48       20       1
                cstackCOMMON                         70       70        E       70       1
                cstackBANK1                          A0       A0       28       A0       1
                cstackBANK3                         1C0      1C0       1A      190       1
                clrtext                            10C1     10C1        8     2182       0
                bssBANK2                            110      110       60      110       1
                bssBANK3                            190      190       30      190       1
                dataBANK1                            E5       E5        2       A0       1
                bssBANK1                             C8       C8       1D       A0       1
                dataBANK0                            6E       6E        2       20       1
                bssBANK0                             68       68        6       20       1
                strings                            1000     1000       2E     2000       0
                idataBANK1                         10A9     10A9        2     2152       0
                idataBANK0                          7FD      7FD        2        8       0

TOTAL           Name                               Link     Load   Length     Space
        CLASS   STACK          

        CLASS   CONST          

        CLASS   CODE           
                end_init                             12       12        3         0
                cinit                                15       15       3E         0
                intentry                              4        4        E         0
                reset_vec                             0        0        3         0
                text13_split_7                       53       53      799         0
                text13_split_6                     154A     154A       86         0
                text13_split_5                      A89      A89       B4         0
                text13_split_4                      891      891       99         0
                text13_split_3                     1657     1657       8C         0
                text13_split_2                      9D7      9D7       B2         0
                text13_split_1                      800      800       91         0
                text40                             110D     110D       16         0
                text39                             10FE     10FE        F         0
                text38                             10B1     10B1        8         0
                text37                             1185     1185       1C         0
                text36                             113A     113A       18         0
                text35                             1475     1475       68         0
                text34                             11DD     11DD       21         0
                text33                              7EC      7EC       11         0
                text32                              BF5      BF5       D3         0
                text31                             16E3     16E3       8E         0
                text30                             1152     1152       18         0
                text29                             1264     1264       25         0
                text28                             10F0     10F0        E         0
                text27                             1414     1414       61         0
                text26                             11A1     11A1       1E         0
                text25                             11BF     11BF       1E         0
                text24                             12C3     12C3       3E         0
                text23                             15D0     15D0       87         0
                text22                              DA1      DA1      109         0
                text21                              B3D      B3D       B8         0
                text20                             10DB     10DB        A         0
                text19                              EAA      EAA      156         0
                text18                             116A     116A       1B         0
                text17                             10AB     10AB        6         0
                text16                             10C9     10C9        9         0
                text15                             1289     1289       3A         0
                text14                             133F     133F       43         0
                text13                              92A      92A       AD         0
                text12                             1123     1123       17         0
                text11                             14DD     14DD       6D         0
                text10                             11FE     11FE       21         0
                text9                              121F     121F       21         0
                text8                              1240     1240       24         0
                text7                              10E5     10E5        B         0
                text6                              10B9     10B9        8         0
                text5                              1771     1771       8F         0
                text4                              13C9     13C9       4B         0
                text3                              10D2     10D2        9         0
                text2                              1301     1301       3E         0
                text1                              1382     1382       47         0
                maintext                            CC8      CC8       D9         0
                clrtext                            10C1     10C1        8         0
                idataBANK1                         10A9     10A9        2         0
                idataBANK0                          7FD      7FD        2         0

        CLASS   STRCODE        

        CLASS   ENTRY          

        CLASS   STRING         
                strings                            1000     1000       2E         0

        CLASS   COMMON         
                cstackCOMMON                         70       70        E         1

        CLASS   BANK0          
                cstackBANK0                          20       20       48         1
                dataBANK0                            6E       6E        2         1
                bssBANK0                             68       68        6         1

        CLASS   BANK1          
                cstackBANK1                          A0       A0       28         1
                dataBANK1                            E5       E5        2         1
                bssBANK1                             C8       C8       1D         1

        CLASS   BANK2          
                bssBANK2                            110      110       60         1

        CLASS   BANK3          
                cstackBANK3                         1C0      1C0       1A         1
                bssBANK3                            190      190       30         1

        CLASS   RAM            

        CLASS   ABS1           
                abs_s1                               7E       7E        2         1

        CLASS   SFR0           

        CLASS   SFR1           

        CLASS   SFR2           

        CLASS   SFR3           

        CLASS   CONFIG         
                config                             2007     2007        1         0

        CLASS   IDLOC          

        CLASS   EEDATA         



SEGMENTS        Name                           Load    Length   Top    Selector   Space  Class     Delta

                reset_vec                      000000  000003  000003         0       0  CODE        2
                intentry                       000004  0007FB  0007FF         8       0  CODE        2
                cstackBANK0                    000020  000050  000070        20       1  BANK0       1
                cstackCOMMON                   000070  00000E  00007E        70       1  COMMON      1
                cstackBANK1                    0000A0  000047  0000E7        A0       1  BANK1       1
                bssBANK2                       000110  000060  000170       110       1  BANK2       1
                bssBANK3                       000190  00004A  0001DA       190       1  BANK3       1
                text13_split_1                 000800  000091  000891      1000       0  CODE        2
                text13_split_4                 000891  000099  00092A      1122       0  CODE        2
                text13                         00092A  0000AD  0009D7      1254       0  CODE        2
                text13_split_2                 0009D7  0000B2  000A89      13AE       0  CODE        2
                text13_split_5                 000A89  0000B4  000B3D      1512       0  CODE        2
                text21                         000B3D  0000B8  000BF5      167A       0  CODE        2
                text32                         000BF5  0000D3  000CC8      17EA       0  CODE        2
                maintext                       000CC8  0000D9  000DA1      1990       0  CODE        2
                text22                         000DA1  000109  000EAA      1B42       0  CODE        2
                text19                         000EAA  000156  001000      1D54       0  CODE        2
                strings                        001000  00002E  00102E      2000       0  STRING      2
                idataBANK1                     0010A9  000002  0010AB      2152       0  CODE        2
                text17                         0010AB  000006  0010B1      2156       0  CODE        2
                text38                         0010B1  000008  0010B9      2162       0  CODE        2
                text6                          0010B9  000008  0010C1      2172       0  CODE        2
                clrtext                        0010C1  000008  0010C9      2182       0  CODE        2
                text16                         0010C9  000009  0010D2      2192       0  CODE        2
                text3                          0010D2  000009  0010DB      21A4       0  CODE        2
                text20                         0010DB  00000A  0010E5      21B6       0  CODE        2
                text7                          0010E5  00000B  0010F0      21CA       0  CODE        2
                text28                         0010F0  00000E  0010FE      21E0       0  CODE        2
                text39                         0010FE  00000F  00110D      21FC       0  CODE        2
                text40                         00110D  000016  001123      221A       0  CODE        2
                text12                         001123  000017  00113A      2246       0  CODE        2
                text36                         00113A  000018  001152      2274       0  CODE        2
                text30                         001152  000018  00116A      22A4       0  CODE        2
                text18                         00116A  00001B  001185      22D4       0  CODE        2
                text37                         001185  00001C  0011A1      230A       0  CODE        2
                text26                         0011A1  00001E  0011BF      2342       0  CODE        2
                text25                         0011BF  00001E  0011DD      237E       0  CODE        2
                text34                         0011DD  000021  0011FE      23BA       0  CODE        2
                text10                         0011FE  000021  00121F      23FC       0  CODE        2
                text9                          00121F  000021  001240      243E       0  CODE        2
                text8                          001240  000024  001264      2480       0  CODE        2
                text29                         001264  000025  001289      24C8       0  CODE        2
                text15                         001289  00003A  0012C3      2512       0  CODE        2
                text24                         0012C3  00003E  001301      2586       0  CODE        2
                text2                          001301  00003E  00133F      2602       0  CODE        2
                text14                         00133F  000043  001382      267E       0  CODE        2
                text1                          001382  000047  0013C9      2704       0  CODE        2
                text4                          0013C9  00004B  001414      2792       0  CODE        2
                text27                         001414  000061  001475      2828       0  CODE        2
                text35                         001475  000068  0014DD      28EA       0  CODE        2
                text11                         0014DD  00006D  00154A      29BA       0  CODE        2
                text13_split_6                 00154A  000086  0015D0      2A94       0  CODE        2
                text23                         0015D0  000087  001657      2BA0       0  CODE        2
                text13_split_3                 001657  00008C  0016E3      2CAE       0  CODE        2
                text31                         0016E3  00008E  001771      2DC6       0  CODE        2
                text5                          001771  00008F  001800      2EE2       0  CODE        2
                config                         002007  000001  002008      400E       0  CONFIG      2


UNUSED ADDRESS RANGES

        Name                Unused          Largest block    Delta
        BANK1            0000E7-0000EF                9           1
        BANK3            0001DA-0001EF               16           1
        CODE             000003-000003                1           2
                         0007FF-0007FF                1
                         00102E-0010A8               7B
                         001800-001FFF              800
        CONST            000003-000003                1           2
                         0007FF-0007FF                1
                         00102E-0010A8               7B
                         001800-001FFF              100
        EEDATA           002100-0021FF              100           2
        ENTRY            000003-000003                1           2
                         0007FF-0007FF                1
                         00102E-0010A8               7B
                         001800-001FFF              100
        IDLOC            002000-002003                4           2
        RAM              0000E7-0000EF                9           1
                         0001DA-0001EF               16
        SFR0             000000-00001F               20           1
        SFR1             000080-00009F               20           1
        SFR2             000100-00010F               10           1
        SFR3             000180-00018F               10           1
        STACK            0001DA-0001EF               16           1
        STRCODE          000003-000003                1           2
                         0007FF-0007FF                1
                         00102E-0010A8               7B
                         001800-001FFF              800
        STRING           000003-000003                1           2
                         0007FF-0007FF                1
                         00102E-0010A8               7B
                         001800-001FFF              100

                                  Symbol Table

?___aldiv                   cstackBANK3  0001C0
?___awtoft                  cstackCOMMON 000078
?___ftadd                   cstackBANK0  000023
?___ftdiv                   cstackBANK0  000030
?___ftmul                   cstackBANK0  000052
?___ftneg                   cstackBANK0  000020
?___ftpack                  cstackCOMMON 000070
?___fttol                   cstackBANK0  000032
?___lwdiv                   cstackCOMMON 000070
?___lwtoft                  cstackBANK0  000046
?___wmul                    cstackBANK0  000040
?_abs                       cstackCOMMON 000070
?_maximo                    cstackBANK0  00002C
?_minimo                    cstackBANK0  000026
?_trapmf                    cstackBANK0  000040
ISR@a                       cstackBANK1  0000B5
ISR@a_243                   cstackBANK1  0000B7
ISR@a_244                   cstackBANK1  0000B9
ISR@a_245                   cstackBANK1  0000BB
ISR@a_248                   cstackBANK1  0000C3
ISR@auxiliar                cstackBANK1  0000AB
ISR@byte                    cstackBANK1  0000AE
ISR@checksum                cstackBANK1  0000AD
ISR@delta                   cstackBANK1  0000B0
ISR@index                   cstackBANK1  0000AF
ISR@reajuste                cstackBANK1  0000A8
ISR@rpmAux                  cstackBANK1  0000A0
ISR@rule                    cstackBANK1  0000C0
ISR@soma                    cstackBANK1  0000B2
ISR@total_area              cstackBANK1  0000BD
ISR@x                       cstackBANK1  0000C5
LCD_Cursor@Col              cstackCOMMON 000070
LCD_Cursor@Row              cstackCOMMON 000072
LCD_WriteCmd@Byte           cstackBANK3  0001C1
LCD_WriteData@Byte          cstackCOMMON 000071
PWM_DutyCycle1@valor        cstackBANK3  0001C0
PWM_DutyCycle2@valor        cstackBANK3  0001C0
TIMER0_Set@contagens        cstackBANK3  0001C0
USART_Init@BaudRate         cstackBANK3  0001CF
USART_ReceiveChar@byte      cstackCOMMON 000074
USART_WriteChar@byte        cstackCOMMON 000070
USART_WriteString@str       cstackCOMMON 000072
_ADCON0bits                 (abs)        00001F
_ADCON1bits                 (abs)        00009F
_ADRESH                     (abs)        00001E
_ADRESL                     (abs)        00009E
_CCP1CON                    (abs)        000017
_CCP1CONbits                (abs)        000017
_CCP2CON                    (abs)        00001D
_CCP2CONbits                (abs)        00001D
_CCPR1L                     (abs)        000015
_CCPR2L                     (abs)        00001B
_EEADR                      (abs)        00010D
_EECON1bits                 (abs)        00018C
_EECON2                     (abs)        00018D
_EEDATA                     (abs)        00010C
_INTCONbits                 (abs)        00000B
_ISR                        text13       00092A
_ISR$1667                   cstackBANK1  0000A2
_ISR$1668                   cstackBANK1  0000A5
_LCD_Cursor                 text40       00110D
_LCD_Init                   text11       0014DD
_LCD_WriteCmd               text12       001123
_LCD_WriteData              text39       0010FE
_OERR                       (abs)        0000C1
_OPTION_REGbits             (abs)        000081
_PIE1bits                   (abs)        00008C
_PIE2bits                   (abs)        00008D
_PIR1bits                   (abs)        00000C
_PIR2bits                   (abs)        00000D
_PORTA                      (abs)        000005
_PORTB                      (abs)        000006
_PORTBbits                  (abs)        000006
_PORTC                      (abs)        000007
_PORTD                      (abs)        000008
_PORTE                      (abs)        000009
_PORTEbits                  (abs)        000009
_PR2                        (abs)        000092
_PWM_DutyCycle1             text10       0011FE
_PWM_DutyCycle2             text9        00121F
_PWM_Init                   text8        001240
_RCREG                      (abs)        00001A
_RCSTAbits                  (abs)        000018
_SPBRG                      (abs)        000099
_SSPADD                     (abs)        000093
_SSPBUF                     (abs)        000013
_SSPCON2                    (abs)        000091
_SSPCON2bits                (abs)        000091
_SSPCONbits                 (abs)        000014
_SSPSTATbits                (abs)        000094
_T1CON                      (abs)        000010
_T1CONbits                  (abs)        000010
_T2CONbits                  (abs)        000012
_TIMER0_Init                text7        0010E5
_TIMER0_Set                 text6        0010B9
_TMR0                       (abs)        000001
_TMR1                       (abs)        00000E
_TMR1H                      (abs)        00000F
_TMR1L                      (abs)        00000E
_TRISA                      (abs)        000085
_TRISB                      (abs)        000086
_TRISC                      (abs)        000087
_TRISD                      (abs)        000088
_TRISE                      (abs)        000089
_TXREG                      (abs)        000019
_TXSTAbits                  (abs)        000098
_USART_Init                 text4        0013C9
_USART_ReceiveChar          text36       00113A
_USART_WriteChar            text38       0010B1
_USART_WriteString          text37       001185
__CFG_BOREN$OFF             (abs)        000000
__CFG_CP$OFF                (abs)        000000
__CFG_CPD$OFF               (abs)        000000
__CFG_FOSC$HS               (abs)        000000
__CFG_LVP$OFF               (abs)        000000
__CFG_PWRTE$ON              (abs)        000000
__CFG_WDTE$OFF              (abs)        000000
__Habs1                     abs1         000000
__Hbank0                    bank0        000000
__Hbank1                    bank1        000000
__Hbank2                    bank2        000000
__Hbank3                    bank3        000000
__HbssBANK0                 bssBANK0     000000
__HbssBANK1                 bssBANK1     000000
__HbssBANK2                 bssBANK2     000000
__HbssBANK3                 bssBANK3     000000
__Hcinit                    cinit        000053
__Hclrtext                  clrtext      000000
__Hcode                     code         000000
__Hcommon                   common       000000
__Hconfig                   config       002008
__HcstackBANK0              cstackBANK0  000000
__HcstackBANK1              cstackBANK1  000000
__HcstackBANK3              cstackBANK3  000000
__HcstackCOMMON             cstackCOMMON 000000
__HdataBANK0                dataBANK0    000000
__HdataBANK1                dataBANK1    000000
__Heeprom_data              eeprom_data  000000
__Hend_init                 end_init     000015
__Hfunctab                  functab      000000
__HidataBANK0               idataBANK0   000000
__HidataBANK1               idataBANK1   000000
__Hidloc                    idloc        000000
__Hinit                     init         000012
__Hintentry                 intentry     000012
__Hmaintext                 maintext     000000
__Hpowerup                  powerup      000000
__Hram                      ram          000000
__Hreset_vec                reset_vec    000003
__Hsfr0                     sfr0         000000
__Hsfr1                     sfr1         000000
__Hsfr2                     sfr2         000000
__Hsfr3                     sfr3         000000
__Hspace_0                  (abs)        002008
__Hspace_1                  (abs)        0001DA
__Hspace_2                  (abs)        000000
__Hspace_3                  (abs)        000000
__Hstack                    stack        000000
__Hstrings                  strings      000000
__Htext                     text         000000
__Labs1                     abs1         000000
__Lbank0                    bank0        000000
__Lbank1                    bank1        000000
__Lbank2                    bank2        000000
__Lbank3                    bank3        000000
__LbssBANK0                 bssBANK0     000000
__LbssBANK1                 bssBANK1     000000
__LbssBANK2                 bssBANK2     000000
__LbssBANK3                 bssBANK3     000000
__Lcinit                    cinit        000015
__Lclrtext                  clrtext      000000
__Lcode                     code         000000
__Lcommon                   common       000000
__Lconfig                   config       002007
__LcstackBANK0              cstackBANK0  000000
__LcstackBANK1              cstackBANK1  000000
__LcstackBANK3              cstackBANK3  000000
__LcstackCOMMON             cstackCOMMON 000000
__LdataBANK0                dataBANK0    000000
__LdataBANK1                dataBANK1    000000
__Leeprom_data              eeprom_data  000000
__Lend_init                 end_init     000012
__Lfunctab                  functab      000000
__LidataBANK0               idataBANK0   000000
__LidataBANK1               idataBANK1   000000
__Lidloc                    idloc        000000
__Linit                     init         000012
__Lintentry                 intentry     000004
__Lmaintext                 maintext     000000
__Lpowerup                  powerup      000000
__Lram                      ram          000000
__Lreset_vec                reset_vec    000000
__Lsfr0                     sfr0         000000
__Lsfr1                     sfr1         000000
__Lsfr2                     sfr2         000000
__Lsfr3                     sfr3         000000
__Lspace_0                  (abs)        000000
__Lspace_1                  (abs)        000000
__Lspace_2                  (abs)        000000
__Lspace_3                  (abs)        000000
__Lstack                    stack        000000
__Lstrings                  strings      000000
__Ltext                     text         000000
__S0                        (abs)        002008
__S1                        (abs)        0001DA
__S2                        (abs)        000000
__S3                        (abs)        000000
___aldiv                    text5        001771
___aldiv@counter            cstackBANK3  0001C9
___aldiv@dividend           cstackBANK3  0001C4
___aldiv@divisor            cstackBANK3  0001C0
___aldiv@quotient           cstackBANK3  0001CB
___aldiv@sign               cstackBANK3  0001CA
___awtoft                   text34       0011DD
___awtoft@c                 cstackCOMMON 000078
___awtoft@sign              cstackCOMMON 00007D
___bmul                     text33       0007EC
___bmul@multiplicand        cstackCOMMON 000070
___bmul@multiplier          cstackCOMMON 000073
___bmul@product             cstackCOMMON 000072
___ftadd                    text22       000DA1
___ftadd@exp1               cstackBANK0  00002F
___ftadd@exp2               cstackBANK0  00002E
___ftadd@f1                 cstackBANK0  000023
___ftadd@f2                 cstackBANK0  000026
___ftadd@sign               cstackBANK0  00002D
___ftdiv                    text21       000B3D
___ftdiv@cntr               cstackBANK0  00003A
___ftdiv@exp                cstackBANK0  00003E
___ftdiv@f1                 cstackBANK0  000033
___ftdiv@f2                 cstackBANK0  000030
___ftdiv@f3                 cstackBANK0  00003B
___ftdiv@sign               cstackBANK0  00003F
___ftge                     text27       001414
___ftge@ff1                 cstackCOMMON 000074
___ftge@ff2                 cstackCOMMON 000077
___ftmul                    text32       000BF5
___ftmul@cntr               cstackBANK0  000060
___ftmul@exp                cstackBANK0  00005C
___ftmul@f1                 cstackBANK0  000052
___ftmul@f2                 cstackBANK0  000055
___ftmul@f3_as_product      cstackBANK0  00005D
___ftmul@sign               cstackBANK0  000061
___ftneg                    text20       0010DB
___ftneg@f1                 cstackBANK0  000020
___ftpack                   text35       001475
___ftpack@arg               cstackCOMMON 000070
___ftpack@exp               cstackCOMMON 000073
___ftpack@sign              cstackCOMMON 000074
___fttol                    text31       0016E3
___fttol@exp1               cstackBANK0  00003F
___fttol@f1                 cstackBANK0  000032
___fttol@lval               cstackBANK0  00003B
___fttol@sign1              cstackBANK0  00003A
___int_sp                   stack        000000
___latbits                  (abs)        000002
___lwdiv                    text24       0012C3
___lwdiv@counter            cstackCOMMON 000077
___lwdiv@dividend           cstackCOMMON 000072
___lwdiv@divisor            cstackCOMMON 000070
___lwdiv@quotient           cstackCOMMON 000075
___lwtoft                   text30       001152
___lwtoft@c                 cstackBANK0  000046
___sp                       stack        000000
___wmul                     text29       001264
___wmul@multiplicand        cstackBANK0  000042
___wmul@multiplier          cstackBANK0  000040
___wmul@product             cstackBANK0  000044
__end_of_ISR                text13_split_7 0007E9
__end_of_LCD_Cursor         text40       001123
__end_of_LCD_Init           text11       00154A
__end_of_LCD_WriteCmd       text12       00113A
__end_of_LCD_WriteData      text39       00110D
__end_of_PWM_DutyCycle1     text10       00121F
__end_of_PWM_DutyCycle2     text9        001240
__end_of_PWM_Init           text8        001264
__end_of_TIMER0_Init        text7        0010F0
__end_of_TIMER0_Set         text6        0010C1
__end_of_USART_Init         text4        001414
__end_of_USART_ReceiveChar  text36       001152
__end_of_USART_WriteChar    text38       0010B9
__end_of_USART_WriteString  text37       0011A1
__end_of___aldiv            text5        001800
__end_of___awtoft           text34       0011FE
__end_of___bmul             text33       0007FD
__end_of___ftadd            text22       000EAA
__end_of___ftdiv            text21       000BF5
__end_of___ftge             text27       001475
__end_of___ftmul            text32       000CC8
__end_of___ftneg            text20       0010E5
__end_of___ftpack           text35       0014DD
__end_of___fttol            text31       001771
__end_of___lwdiv            text24       001301
__end_of___lwtoft           text30       00116A
__end_of___wmul             text29       001289
__end_of__initialization    cinit        00004F
__end_of__stringdata        strings      00102E
__end_of__stringtab         strings      001006
__end_of_abs                text28       0010FE
__end_of_inicia             text3        0010DB
__end_of_main               maintext     000DA1
__end_of_maximo             text26       0011BF
__end_of_minimo             text25       0011DD
__end_of_res                text2        00133F
__end_of_send               text23       001657
__end_of_set                text1        0013C9
__end_of_trapmf             text19       001000
__end_ofi1_PWM_DutyCycle2   text18       001185
__end_ofi1_TIMER0_Set       text17       0010B1
__end_ofi1_inicia           text16       0010D2
__end_ofi1_res              text15       0012C3
__end_ofi1_set              text14       001382
__initialization            cinit        000015
__pbssBANK0                 bssBANK0     000068
__pbssBANK1                 bssBANK1     0000C8
__pbssBANK2                 bssBANK2     000110
__pbssBANK3                 bssBANK3     000190
__pcstackBANK0              cstackBANK0  000020
__pcstackBANK1              cstackBANK1  0000A0
__pcstackBANK3              cstackBANK3  0001C0
__pcstackCOMMON             cstackCOMMON 000070
__pdataBANK0                dataBANK0    00006E
__pdataBANK1                dataBANK1    0000E5
__pidataBANK0               idataBANK0   0007FD
__pidataBANK1               idataBANK1   0010A9
__pintentry                 intentry     000004
__pmaintext                 maintext     000CC8
__pstrings                  strings      001000
__ptext1                    text1        001382
__ptext10                   text10       0011FE
__ptext11                   text11       0014DD
__ptext12                   text12       001123
__ptext13                   text13       00092A
__ptext14                   text14       00133F
__ptext15                   text15       001289
__ptext16                   text16       0010C9
__ptext17                   text17       0010AB
__ptext18                   text18       00116A
__ptext19                   text19       000EAA
__ptext2                    text2        001301
__ptext20                   text20       0010DB
__ptext21                   text21       000B3D
__ptext22                   text22       000DA1
__ptext23                   text23       0015D0
__ptext24                   text24       0012C3
__ptext25                   text25       0011BF
__ptext26                   text26       0011A1
__ptext27                   text27       001414
__ptext28                   text28       0010F0
__ptext29                   text29       001264
__ptext3                    text3        0010D2
__ptext30                   text30       001152
__ptext31                   text31       0016E3
__ptext32                   text32       000BF5
__ptext33                   text33       0007EC
__ptext34                   text34       0011DD
__ptext35                   text35       001475
__ptext36                   text36       00113A
__ptext37                   text37       001185
__ptext38                   text38       0010B1
__ptext39                   text39       0010FE
__ptext4                    text4        0013C9
__ptext40                   text40       00110D
__ptext5                    text5        001771
__ptext6                    text6        0010B9
__ptext7                    text7        0010E5
__ptext8                    text8        001240
__ptext9                    text9        00121F
__size_of_ISR               (abs)        000000
__size_of_LCD_Cursor        (abs)        000000
__size_of_LCD_Init          (abs)        000000
__size_of_LCD_WriteCmd      (abs)        000000
__size_of_LCD_WriteData     (abs)        000000
__size_of_PWM_DutyCycle1    (abs)        000000
__size_of_PWM_DutyCycle2    (abs)        000000
__size_of_PWM_Init          (abs)        000000
__size_of_TIMER0_Init       (abs)        000000
__size_of_TIMER0_Set        (abs)        000000
__size_of_USART_Init        (abs)        000000
__size_of_USART_ReceiveChar (abs)        000000
__size_of_USART_WriteChar   (abs)        000000
__size_of_USART_WriteString (abs)        000000
__size_of___aldiv           (abs)        000000
__size_of___awtoft          (abs)        000000
__size_of___bmul            (abs)        000000
__size_of___ftadd           (abs)        000000
__size_of___ftdiv           (abs)        000000
__size_of___ftge            (abs)        000000
__size_of___ftmul           (abs)        000000
__size_of___ftneg           (abs)        000000
__size_of___ftpack          (abs)        000000
__size_of___fttol           (abs)        000000
__size_of___lwdiv           (abs)        000000
__size_of___lwtoft          (abs)        000000
__size_of___wmul            (abs)        000000
__size_of_abs               (abs)        000000
__size_of_inicia            (abs)        000000
__size_of_main              (abs)        000000
__size_of_maximo            (abs)        000000
__size_of_minimo            (abs)        000000
__size_of_res               (abs)        000000
__size_of_send              (abs)        000000
__size_of_set               (abs)        000000
__size_of_trapmf            (abs)        000000
__size_ofi1_PWM_DutyCycle2  (abs)        000000
__size_ofi1_TIMER0_Set      (abs)        000000
__size_ofi1_inicia          (abs)        000000
__size_ofi1_res             (abs)        000000
__size_ofi1_set             (abs)        000000
__stringbase                strings      001005
__stringdata                strings      001006
__stringtab                 strings      001000
_abs                        text28       0010F0
_buffer                     bssBANK1     0000C8
_contador_rb6               bssBANK0     000068
_contagens_tm0              bssBANK1     0000D6
_erro_anterior              bssBANK1     0000D8
_erro_atual                 bssBANK1     0000DA
_inicia                     text3        0010D2
_kmph                       bssBANK0     00006A
_main                       maintext     000CC8
_maximo                     text26       0011A1
_minimo                     text25       0011BF
_pilotoAtivo                bssBANK1     0000E4
_pulsos                     bssBANK1     0000DC
_pwm                        bssBANK1     0000DE
_rBaixo                     bssBANK3     000190
_rGrande                    bssBANK2     000110
_rMedio                     bssBANK2     000140
_receiveIndex               bssBANK1     0000E0
_receivedBuffer             bssBANK1     0000D1
_res                        text2        001301
_rpm                        bssBANK1     0000E2
_send                       text23       0015D0
_set                        text1        001382
_setpoint                   dataBANK1    0000E5
_tempo_rb6                  bssBANK0     00006C
_trapmf                     text19       000EAA
_velocidadeSetada           dataBANK0    00006E
abs@a                       cstackCOMMON 000070
btemp                       (abs)        00007E
clear_ram0                  clrtext      0010C1
end_of_initialization       cinit        00004F
i1PWM_DutyCycle2@valor      cstackCOMMON 000070
i1TIMER0_Set@contagens      cstackCOMMON 000070
i1_PWM_DutyCycle2           text18       00116A
i1_TIMER0_Set               text17       0010AB
i1_inicia                   text16       0010C9
i1_res                      text15       001289
i1_set                      text14       00133F
interrupt_function          intentry     000004
intlevel0                   functab      000000
intlevel1                   functab      000000
intlevel2                   functab      000000
intlevel3                   functab      000000
intlevel4                   functab      000000
intlevel5                   functab      000000
ltemp                       (abs)        00007E
ltemp0                      (abs)        00007E
ltemp1                      (abs)        000082
ltemp2                      (abs)        000086
ltemp3                      (abs)        000080
maximo@a                    cstackBANK0  00002C
maximo@b                    cstackBANK0  00002F
minimo@a                    cstackBANK0  000026
minimo@b                    cstackBANK0  000029
pnum$text13                 (abs)        00001E
pnum$text13_split_1         (abs)        00003B
pnum$text13_split_2         (abs)        00003C
pnum$text13_split_3         (abs)        00003D
pnum$text13_split_4         (abs)        00003E
pnum$text13_split_5         (abs)        00003F
pnum$text13_split_6         (abs)        000040
pnum$text13_split_7         (abs)        000041
psplit$0                    (abs)        1E003B
psplit$1                    (abs)        3B003C
psplit$2                    (abs)        3C003D
psplit$3                    (abs)        3D003E
psplit$4                    (abs)        3E003F
psplit$5                    (abs)        3F0040
psplit$6                    (abs)        400041
reset_vec                   reset_vec    000000
saved_w                     (abs)        00007E
send@checksum               cstackCOMMON 000079
send@index                  cstackCOMMON 00007A
stackhi                     (abs)        000000
stacklo                     (abs)        000000
start                       init         000012
start_initialization        cinit        000015
trapmf@a                    cstackBANK0  000043
trapmf@b                    cstackBANK0  000046
trapmf@c                    cstackBANK0  000049
trapmf@d                    cstackBANK0  00004C
trapmf@ua                   cstackBANK0  00004F
trapmf@x                    cstackBANK0  000040
ttemp                       (abs)        00007E
ttemp0                      (abs)        00007E
ttemp1                      (abs)        000081
ttemp2                      (abs)        000084
ttemp3                      (abs)        000087
ttemp4                      (abs)        00007F
wtemp                       (abs)        00007E
wtemp0                      (abs)        00007E
wtemp1                      (abs)        000080
wtemp2                      (abs)        000082
wtemp3                      (abs)        000084
wtemp4                      (abs)        000086
wtemp5                      (abs)        000088
wtemp6                      (abs)        00007F


FUNCTION INFORMATION:

 *************** function _main *****************
 Defined at:
		line 413 in file "C:\Users\332414\Desktop\FuzzySI\firmware - Copia\main.c"
 Parameters:    Size  Location     Type
		None
 Auto vars:     Size  Location     Type
		None
 Return value:  Size  Location     Type
		None               void
 Registers used:
		wreg, status,2, status,0, pclath, cstack
 Tracked objects:
		On entry : 
		On exit  : 
		Unchanged: 
 Data sizes:     COMMON   BANK0   BANK1   BANK3   BANK2
      Params:         0       0       0       0       0
      Locals:         0       0       0       0       0
      Temps:          0       0       0       3       0
      Totals:         0       0       0       3       0
Total ram usage:        3 bytes
 Hardware stack levels required when called:    6
 This function calls:
		_LCD_Init
		_PWM_DutyCycle1
		_PWM_DutyCycle2
		_PWM_Init
		_TIMER0_Init
		_TIMER0_Set
		_USART_Init
		_inicia
		_res
		_set
 This function is called by:
		Startup code after reset
 This function uses a non-reentrant model


 *************** function _set *****************
 Defined at:
		line 99 in file "C:\Users\332414\Desktop\FuzzySI\firmware - Copia\main.c"
 Parameters:    Size  Location     Type
		None
 Auto vars:     Size  Location     Type
		None
 Return value:  Size  Location     Type
		None               void
 Registers used:
		wreg, status,2, status,0
 Tracked objects:
		On entry : 
		On exit  : 
		Unchanged: 
 Data sizes:     COMMON   BANK0   BANK1   BANK3   BANK2
      Params:         0       0       0       0       0
      Locals:         0       0       0       0       0
      Temps:          0       0       0       1       0
      Totals:         0       0       0       1       0
Total ram usage:        1 bytes
 Hardware stack levels used:    1
 Hardware stack levels required when called:    4
 This function calls:
		Nothing
 This function is called by:
		_main
 This function uses a non-reentrant model


 *************** function _res *****************
 Defined at:
		line 86 in file "C:\Users\332414\Desktop\FuzzySI\firmware - Copia\main.c"
 Parameters:    Size  Location     Type
		None
 Auto vars:     Size  Location     Type
		None
 Return value:  Size  Location     Type
		None               void
 Registers used:
		wreg, status,2, status,0
 Tracked objects:
		On entry : 
		On exit  : 
		Unchanged: 
 Data sizes:     COMMON   BANK0   BANK1   BANK3   BANK2
      Params:         0       0       0       0       0
      Locals:         0       0       0       0       0
      Temps:          0       0       0       1       0
      Totals:         0       0       0       1       0
Total ram usage:        1 bytes
 Hardware stack levels used:    1
 Hardware stack levels required when called:    4
 This function calls:
		Nothing
 This function is called by:
		_main
 This function uses a non-reentrant model


 *************** function _inicia *****************
 Defined at:
		line 79 in file "C:\Users\332414\Desktop\FuzzySI\firmware - Copia\main.c"
 Parameters:    Size  Location     Type
		None
 Auto vars:     Size  Location     Type
		None
 Return value:  Size  Location     Type
		None               void
 Registers used:
		status,2
 Tracked objects:
		On entry : 
		On exit  : 
		Unchanged: 
 Data sizes:     COMMON   BANK0   BANK1   BANK3   BANK2
      Params:         0       0       0       0       0
      Locals:         0       0       0       0       0
      Temps:          0       0       0       0       0
      Totals:         0       0       0       0       0
Total ram usage:        0 bytes
 Hardware stack levels used:    1
 Hardware stack levels required when called:    4
 This function calls:
		Nothing
 This function is called by:
		_main
 This function uses a non-reentrant model


 *************** function _USART_Init *****************
 Defined at:
		line 6 in file "C:\Users\332414\Desktop\FuzzySI\firmware - Copia\usart.c"
 Parameters:    Size  Location     Type
  BaudRate        4   15[BANK3 ] long 
 Auto vars:     Size  Location     Type
		None
 Return value:  Size  Location     Type
		None               void
 Registers used:
		wreg, status,2, status,0, pclath, cstack
 Tracked objects:
		On entry : 
		On exit  : 
		Unchanged: 
 Data sizes:     COMMON   BANK0   BANK1   BANK3   BANK2
      Params:         0       0       0       4       0
      Locals:         0       0       0       0       0
      Temps:          0       0       0       4       0
      Totals:         0       0       0       8       0
Total ram usage:        8 bytes
 Hardware stack levels used:    1
 Hardware stack levels required when called:    5
 This function calls:
		___aldiv
 This function is called by:
		_main
 This function uses a non-reentrant model


 *************** function ___aldiv *****************
 Defined at:
		line 6 in file "C:\Program Files (x86)\Microchip\xc8\v1.33\sources\common\aldiv.c"
 Parameters:    Size  Location     Type
  divisor         4    0[BANK3 ] long 
  dividend        4    4[BANK3 ] long 
 Auto vars:     Size  Location     Type
  quotient        4   11[BANK3 ] long 
  sign            1   10[BANK3 ] unsigned char 
  counter         1    9[BANK3 ] unsigned char 
 Return value:  Size  Location     Type
                  4    0[BANK3 ] long 
 Registers used:
		wreg, status,2, status,0
 Tracked objects:
		On entry : 
		On exit  : 
		Unchanged: 
 Data sizes:     COMMON   BANK0   BANK1   BANK3   BANK2
      Params:         0       0       0       8       0
      Locals:         0       0       0       6       0
      Temps:          0       0       0       1       0
      Totals:         0       0       0      15       0
Total ram usage:       15 bytes
 Hardware stack levels used:    1
 Hardware stack levels required when called:    4
 This function calls:
		Nothing
 This function is called by:
		_USART_Init
 This function uses a non-reentrant model


 *************** function _TIMER0_Set *****************
 Defined at:
		line 20 in file "C:\Users\332414\Desktop\FuzzySI\firmware - Copia\timers.c"
 Parameters:    Size  Location     Type
  contagens       1    wreg     unsigned char 
 Auto vars:     Size  Location     Type
  contagens       1    0[BANK3 ] unsigned char 
 Return value:  Size  Location     Type
		None               void
 Registers used:
		wreg
 Tracked objects:
		On entry : 
		On exit  : 
		Unchanged: 
 Data sizes:     COMMON   BANK0   BANK1   BANK3   BANK2
      Params:         0       0       0       0       0
      Locals:         0       0       0       1       0
      Temps:          0       0       0       0       0
      Totals:         0       0       0       1       0
Total ram usage:        1 bytes
 Hardware stack levels used:    1
 Hardware stack levels required when called:    4
 This function calls:
		Nothing
 This function is called by:
		_main
 This function uses a non-reentrant model


 *************** function _TIMER0_Init *****************
 Defined at:
		line 6 in file "C:\Users\332414\Desktop\FuzzySI\firmware - Copia\timers.c"
 Parameters:    Size  Location     Type
		None
 Auto vars:     Size  Location     Type
		None
 Return value:  Size  Location     Type
		None               void
 Registers used:
		None
 Tracked objects:
		On entry : 
		On exit  : 
		Unchanged: 
 Data sizes:     COMMON   BANK0   BANK1   BANK3   BANK2
      Params:         0       0       0       0       0
      Locals:         0       0       0       0       0
      Temps:          0       0       0       0       0
      Totals:         0       0       0       0       0
Total ram usage:        0 bytes
 Hardware stack levels used:    1
 Hardware stack levels required when called:    4
 This function calls:
		Nothing
 This function is called by:
		_main
 This function uses a non-reentrant model


 *************** function _PWM_Init *****************
 Defined at:
		line 5 in file "C:\Users\332414\Desktop\FuzzySI\firmware - Copia\pwm.c"
 Parameters:    Size  Location     Type
		None
 Auto vars:     Size  Location     Type
		None
 Return value:  Size  Location     Type
		None               void
 Registers used:
		wreg
 Tracked objects:
		On entry : 
		On exit  : 
		Unchanged: 
 Data sizes:     COMMON   BANK0   BANK1   BANK3   BANK2
      Params:         0       0       0       0       0
      Locals:         0       0       0       0       0
      Temps:          0       0       0       0       0
      Totals:         0       0       0       0       0
Total ram usage:        0 bytes
 Hardware stack levels used:    1
 Hardware stack levels required when called:    4
 This function calls:
		Nothing
 This function is called by:
		_main
 This function uses a non-reentrant model


 *************** function _PWM_DutyCycle2 *****************
 Defined at:
		line 96 in file "C:\Users\332414\Desktop\FuzzySI\firmware - Copia\pwm.c"
 Parameters:    Size  Location     Type
  valor           2    0[BANK3 ] int 
 Auto vars:     Size  Location     Type
		None
 Return value:  Size  Location     Type
		None               void
 Registers used:
		wreg, status,2, status,0
 Tracked objects:
		On entry : 
		On exit  : 
		Unchanged: 
 Data sizes:     COMMON   BANK0   BANK1   BANK3   BANK2
      Params:         0       0       0       2       0
      Locals:         0       0       0       0       0
      Temps:          0       0       0       2       0
      Totals:         0       0       0       4       0
Total ram usage:        4 bytes
 Hardware stack levels used:    1
 Hardware stack levels required when called:    4
 This function calls:
		Nothing
 This function is called by:
		_main
 This function uses a non-reentrant model


 *************** function _PWM_DutyCycle1 *****************
 Defined at:
		line 64 in file "C:\Users\332414\Desktop\FuzzySI\firmware - Copia\pwm.c"
 Parameters:    Size  Location     Type
  valor           2    0[BANK3 ] int 
 Auto vars:     Size  Location     Type
		None
 Return value:  Size  Location     Type
		None               void
 Registers used:
		wreg, status,2, status,0
 Tracked objects:
		On entry : 
		On exit  : 
		Unchanged: 
 Data sizes:     COMMON   BANK0   BANK1   BANK3   BANK2
      Params:         0       0       0       2       0
      Locals:         0       0       0       0       0
      Temps:          0       0       0       2       0
      Totals:         0       0       0       4       0
Total ram usage:        4 bytes
 Hardware stack levels used:    1
 Hardware stack levels required when called:    4
 This function calls:
		Nothing
 This function is called by:
		_main
 This function uses a non-reentrant model


 *************** function _LCD_Init *****************
 Defined at:
		line 87 in file "C:\Users\332414\Desktop\FuzzySI\firmware - Copia\lcd.c"
 Parameters:    Size  Location     Type
		None
 Auto vars:     Size  Location     Type
		None
 Return value:  Size  Location     Type
		None               void
 Registers used:
		wreg, status,2, status,0, pclath, cstack
 Tracked objects:
		On entry : 
		On exit  : 
		Unchanged: 
 Data sizes:     COMMON   BANK0   BANK1   BANK3   BANK2
      Params:         0       0       0       0       0
      Locals:         0       0       0       0       0
      Temps:          0       0       0       2       0
      Totals:         0       0       0       2       0
Total ram usage:        2 bytes
 Hardware stack levels used:    1
 Hardware stack levels required when called:    5
 This function calls:
		_LCD_WriteCmd
 This function is called by:
		_main
 This function uses a non-reentrant model


 *************** function _LCD_WriteCmd *****************
 Defined at:
		line 32 in file "C:\Users\332414\Desktop\FuzzySI\firmware - Copia\lcd.c"
 Parameters:    Size  Location     Type
  Byte            1    wreg     unsigned char 
 Auto vars:     Size  Location     Type
  Byte            1    1[BANK3 ] unsigned char 
 Return value:  Size  Location     Type
		None               void
 Registers used:
		wreg
 Tracked objects:
		On entry : 
		On exit  : 
		Unchanged: 
 Data sizes:     COMMON   BANK0   BANK1   BANK3   BANK2
      Params:         0       0       0       0       0
      Locals:         0       0       0       1       0
      Temps:          0       0       0       1       0
      Totals:         0       0       0       2       0
Total ram usage:        2 bytes
 Hardware stack levels used:    1
 Hardware stack levels required when called:    4
 This function calls:
		Nothing
 This function is called by:
		_LCD_Init
		_LCD_Clear
 This function uses a non-reentrant model


 *************** function _ISR *****************
 Defined at:
		line 166 in file "C:\Users\332414\Desktop\FuzzySI\firmware - Copia\main.c"
 Parameters:    Size  Location     Type
		None
 Auto vars:     Size  Location     Type
  index           1   15[BANK1 ] unsigned char 
  a               2   27[BANK1 ] int 
  a               2   25[BANK1 ] int 
  a               2   23[BANK1 ] int 
  a               2   21[BANK1 ] int 
  checksum        1   13[BANK1 ] unsigned char 
  a               2   35[BANK1 ] int 
  x               3   37[BANK1 ] float 
  rule            3   32[BANK1 ] float 
  total_area      3   29[BANK1 ] float 
  soma            3   18[BANK1 ] float 
  reajuste        3    8[BANK1 ] float 
  delta           2   16[BANK1 ] int 
  auxiliar        2   11[BANK1 ] int 
  rpmAux          2    0[BANK1 ] int 
  byte            1   14[BANK1 ] unsigned char 
 Return value:  Size  Location     Type
		None               void
 Registers used:
		wreg, fsr0l, fsr0h, status,2, status,0, btemp+1, pclath, cstack
 Tracked objects:
		On entry : 
		On exit  : 
		Unchanged: 
 Data sizes:     COMMON   BANK0   BANK1   BANK3   BANK2
      Params:         0       0       0       0       0
      Locals:         0       0      40       0       0
      Temps:          0       6       0       0       0
      Totals:         0       6      40       0       0
Total ram usage:       46 bytes
 Hardware stack levels used:    1
 Hardware stack levels required when called:    3
 This function calls:
		_LCD_Cursor
		_LCD_WriteData
		_USART_ReceiveChar
		___awtoft
		___bmul
		___ftadd
		___ftdiv
		___ftge
		___ftmul
		___ftneg
		___fttol
		___lwdiv
		___lwtoft
		___wmul
		_abs
		_maximo
		_minimo
		_send
		_trapmf
		i1_PWM_DutyCycle2
		i1_TIMER0_Set
		i1_inicia
		i1_res
		i1_set
 This function is called by:
		Interrupt level 1
 This function uses a non-reentrant model


 *************** function i1_set *****************
 Defined at:
		line 99 in file "C:\Users\332414\Desktop\FuzzySI\firmware - Copia\main.c"
 Parameters:    Size  Location     Type
		None
 Auto vars:     Size  Location     Type
		None
 Return value:  Size  Location     Type
		None               void
 Registers used:
		wreg, status,2, status,0
 Tracked objects:
		On entry : 
		On exit  : 
		Unchanged: 
 Data sizes:     COMMON   BANK0   BANK1   BANK3   BANK2
      Params:         0       0       0       0       0
      Locals:         0       0       0       0       0
      Temps:          1       0       0       0       0
      Totals:         1       0       0       0       0
Total ram usage:        1 bytes
 Hardware stack levels used:    1
 This function calls:
		Nothing
 This function is called by:
		_ISR
 This function uses a non-reentrant model


 *************** function i1_res *****************
 Defined at:
		line 86 in file "C:\Users\332414\Desktop\FuzzySI\firmware - Copia\main.c"
 Parameters:    Size  Location     Type
		None
 Auto vars:     Size  Location     Type
		None
 Return value:  Size  Location     Type
		None               void
 Registers used:
		wreg, status,2, status,0
 Tracked objects:
		On entry : 
		On exit  : 
		Unchanged: 
 Data sizes:     COMMON   BANK0   BANK1   BANK3   BANK2
      Params:         0       0       0       0       0
      Locals:         0       0       0       0       0
      Temps:          1       0       0       0       0
      Totals:         1       0       0       0       0
Total ram usage:        1 bytes
 Hardware stack levels used:    1
 This function calls:
		Nothing
 This function is called by:
		_ISR
 This function uses a non-reentrant model


 *************** function i1_inicia *****************
 Defined at:
		line 79 in file "C:\Users\332414\Desktop\FuzzySI\firmware - Copia\main.c"
 Parameters:    Size  Location     Type
		None
 Auto vars:     Size  Location     Type
		None
 Return value:  Size  Location     Type
		None               void
 Registers used:
		status,2
 Tracked objects:
		On entry : 
		On exit  : 
		Unchanged: 
 Data sizes:     COMMON   BANK0   BANK1   BANK3   BANK2
      Params:         0       0       0       0       0
      Locals:         0       0       0       0       0
      Temps:          0       0       0       0       0
      Totals:         0       0       0       0       0
Total ram usage:        0 bytes
 Hardware stack levels used:    1
 This function calls:
		Nothing
 This function is called by:
		_ISR
 This function uses a non-reentrant model


 *************** function i1_TIMER0_Set *****************
 Defined at:
		line 20 in file "C:\Users\332414\Desktop\FuzzySI\firmware - Copia\timers.c"
 Parameters:    Size  Location     Type
  contagens       1    wreg     unsigned char 
 Auto vars:     Size  Location     Type
  contagens       1    0[COMMON] unsigned char 
 Return value:  Size  Location     Type
		None               void
 Registers used:
		wreg
 Tracked objects:
		On entry : 
		On exit  : 
		Unchanged: 
 Data sizes:     COMMON   BANK0   BANK1   BANK3   BANK2
      Params:         0       0       0       0       0
      Locals:         1       0       0       0       0
      Temps:          0       0       0       0       0
      Totals:         1       0       0       0       0
Total ram usage:        1 bytes
 Hardware stack levels used:    1
 This function calls:
		Nothing
 This function is called by:
		_ISR
 This function uses a non-reentrant model


 *************** function i1_PWM_DutyCycle2 *****************
 Defined at:
		line 96 in file "C:\Users\332414\Desktop\FuzzySI\firmware - Copia\pwm.c"
 Parameters:    Size  Location     Type
  valor           2    0[COMMON] int 
 Auto vars:     Size  Location     Type
		None
 Return value:  Size  Location     Type
		None               void
 Registers used:
		wreg, status,2, status,0
 Tracked objects:
		On entry : 
		On exit  : 
		Unchanged: 
 Data sizes:     COMMON   BANK0   BANK1   BANK3   BANK2
      Params:         2       0       0       0       0
      Locals:         0       0       0       0       0
      Temps:          2       0       0       0       0
      Totals:         4       0       0       0       0
Total ram usage:        4 bytes
 Hardware stack levels used:    1
 This function calls:
		Nothing
 This function is called by:
		_ISR
 This function uses a non-reentrant model


 *************** function _trapmf *****************
 Defined at:
		line 116 in file "C:\Users\332414\Desktop\FuzzySI\firmware - Copia\main.c"
 Parameters:    Size  Location     Type
  x               3   32[BANK0 ] float 
  a               3   35[BANK0 ] float 
  b               3   38[BANK0 ] float 
  c               3   41[BANK0 ] float 
  d               3   44[BANK0 ] float 
 Auto vars:     Size  Location     Type
  ua              3   47[BANK0 ] float 
 Return value:  Size  Location     Type
                  3   32[BANK0 ] float 
 Registers used:
		wreg, status,2, status,0, pclath, cstack
 Tracked objects:
		On entry : 
		On exit  : 
		Unchanged: 
 Data sizes:     COMMON   BANK0   BANK1   BANK3   BANK2
      Params:         0      15       0       0       0
      Locals:         0       3       0       0       0
      Temps:          0       0       0       0       0
      Totals:         0      18       0       0       0
Total ram usage:       18 bytes
 Hardware stack levels used:    1
 Hardware stack levels required when called:    2
 This function calls:
		___ftadd
		___ftdiv
		___ftge
		___ftneg
 This function is called by:
		_ISR
 This function uses a non-reentrant model


 *************** function ___ftneg *****************
 Defined at:
		line 15 in file "C:\Program Files (x86)\Microchip\xc8\v1.33\sources\common\ftneg.c"
 Parameters:    Size  Location     Type
  f1              3    0[BANK0 ] float 
 Auto vars:     Size  Location     Type
		None
 Return value:  Size  Location     Type
                  3    0[BANK0 ] float 
 Registers used:
		wreg
 Tracked objects:
		On entry : 
		On exit  : 
		Unchanged: 
 Data sizes:     COMMON   BANK0   BANK1   BANK3   BANK2
      Params:         0       3       0       0       0
      Locals:         0       0       0       0       0
      Temps:          0       0       0       0       0
      Totals:         0       3       0       0       0
Total ram usage:        3 bytes
 Hardware stack levels used:    1
 This function calls:
		Nothing
 This function is called by:
		_trapmf
		_ISR
 This function uses a non-reentrant model


 *************** function ___ftdiv *****************
 Defined at:
		line 49 in file "C:\Program Files (x86)\Microchip\xc8\v1.33\sources\pic\ftdiv.c"
 Parameters:    Size  Location     Type
  f2              3   16[BANK0 ] float 
  f1              3   19[BANK0 ] float 
 Auto vars:     Size  Location     Type
  f3              3   27[BANK0 ] float 
  sign            1   31[BANK0 ] unsigned char 
  exp             1   30[BANK0 ] unsigned char 
  cntr            1   26[BANK0 ] unsigned char 
 Return value:  Size  Location     Type
                  3   16[BANK0 ] float 
 Registers used:
		wreg, status,2, status,0, pclath, cstack
 Tracked objects:
		On entry : 
		On exit  : 
		Unchanged: 
 Data sizes:     COMMON   BANK0   BANK1   BANK3   BANK2
      Params:         0       6       0       0       0
      Locals:         0       6       0       0       0
      Temps:          0       4       0       0       0
      Totals:         0      16       0       0       0
Total ram usage:       16 bytes
 Hardware stack levels used:    1
 Hardware stack levels required when called:    1
 This function calls:
		___ftpack
 This function is called by:
		_trapmf
		_ISR
 This function uses a non-reentrant model


 *************** function ___ftadd *****************
 Defined at:
		line 86 in file "C:\Program Files (x86)\Microchip\xc8\v1.33\sources\common\ftadd.c"
 Parameters:    Size  Location     Type
  f1              3    3[BANK0 ] float 
  f2              3    6[BANK0 ] float 
 Auto vars:     Size  Location     Type
  exp1            1   15[BANK0 ] unsigned char 
  exp2            1   14[BANK0 ] unsigned char 
  sign            1   13[BANK0 ] unsigned char 
 Return value:  Size  Location     Type
                  3    3[BANK0 ] float 
 Registers used:
		wreg, status,2, status,0, pclath, cstack
 Tracked objects:
		On entry : 
		On exit  : 
		Unchanged: 
 Data sizes:     COMMON   BANK0   BANK1   BANK3   BANK2
      Params:         0       6       0       0       0
      Locals:         0       3       0       0       0
      Temps:          0       4       0       0       0
      Totals:         0      13       0       0       0
Total ram usage:       13 bytes
 Hardware stack levels used:    1
 Hardware stack levels required when called:    1
 This function calls:
		___ftpack
 This function is called by:
		_trapmf
		_ISR
 This function uses a non-reentrant model


 *************** function _send *****************
 Defined at:
		line 134 in file "C:\Users\332414\Desktop\FuzzySI\firmware - Copia\main.c"
 Parameters:    Size  Location     Type
		None
 Auto vars:     Size  Location     Type
  index           1   10[COMMON] unsigned char 
  checksum        1    9[COMMON] unsigned char 
 Return value:  Size  Location     Type
		None               void
 Registers used:
		wreg, fsr0l, fsr0h, status,2, status,0, pclath, cstack
 Tracked objects:
		On entry : 
		On exit  : 
		Unchanged: 
 Data sizes:     COMMON   BANK0   BANK1   BANK3   BANK2
      Params:         0       0       0       0       0
      Locals:         2       0       0       0       0
      Temps:          1       0       0       0       0
      Totals:         3       0       0       0       0
Total ram usage:        3 bytes
 Hardware stack levels used:    1
 Hardware stack levels required when called:    1
 This function calls:
		_USART_WriteChar
		___lwdiv
 This function is called by:
		_ISR
 This function uses a non-reentrant model


 *************** function ___lwdiv *****************
 Defined at:
		line 6 in file "C:\Program Files (x86)\Microchip\xc8\v1.33\sources\common\lwdiv.c"
 Parameters:    Size  Location     Type
  divisor         2    0[COMMON] unsigned int 
  dividend        2    2[COMMON] unsigned int 
 Auto vars:     Size  Location     Type
  quotient        2    5[COMMON] unsigned int 
  counter         1    7[COMMON] unsigned char 
 Return value:  Size  Location     Type
                  2    0[COMMON] unsigned int 
 Registers used:
		wreg, status,2, status,0
 Tracked objects:
		On entry : 
		On exit  : 
		Unchanged: 
 Data sizes:     COMMON   BANK0   BANK1   BANK3   BANK2
      Params:         4       0       0       0       0
      Locals:         3       0       0       0       0
      Temps:          1       0       0       0       0
      Totals:         8       0       0       0       0
Total ram usage:        8 bytes
 Hardware stack levels used:    1
 This function calls:
		Nothing
 This function is called by:
		_send
		_ISR
 This function uses a non-reentrant model


 *************** function _minimo *****************
 Defined at:
		line 25 in file "C:\Users\332414\Desktop\FuzzySI\firmware - Copia\main.c"
 Parameters:    Size  Location     Type
  a               3    6[BANK0 ] float 
  b               3    9[BANK0 ] float 
 Auto vars:     Size  Location     Type
		None
 Return value:  Size  Location     Type
                  3    6[BANK0 ] float 
 Registers used:
		wreg, status,2, status,0, pclath, cstack
 Tracked objects:
		On entry : 
		On exit  : 
		Unchanged: 
 Data sizes:     COMMON   BANK0   BANK1   BANK3   BANK2
      Params:         0       6       0       0       0
      Locals:         0       0       0       0       0
      Temps:          0       0       0       0       0
      Totals:         0       6       0       0       0
Total ram usage:        6 bytes
 Hardware stack levels used:    1
 Hardware stack levels required when called:    1
 This function calls:
		___ftge
 This function is called by:
		_ISR
 This function uses a non-reentrant model


 *************** function _maximo *****************
 Defined at:
		line 18 in file "C:\Users\332414\Desktop\FuzzySI\firmware - Copia\main.c"
 Parameters:    Size  Location     Type
  a               3   12[BANK0 ] float 
  b               3   15[BANK0 ] float 
 Auto vars:     Size  Location     Type
		None
 Return value:  Size  Location     Type
                  3   12[BANK0 ] float 
 Registers used:
		wreg, status,2, status,0, pclath, cstack
 Tracked objects:
		On entry : 
		On exit  : 
		Unchanged: 
 Data sizes:     COMMON   BANK0   BANK1   BANK3   BANK2
      Params:         0       6       0       0       0
      Locals:         0       0       0       0       0
      Temps:          0       0       0       0       0
      Totals:         0       6       0       0       0
Total ram usage:        6 bytes
 Hardware stack levels used:    1
 Hardware stack levels required when called:    1
 This function calls:
		___ftge
 This function is called by:
		_ISR
 This function uses a non-reentrant model


 *************** function ___ftge *****************
 Defined at:
		line 4 in file "C:\Program Files (x86)\Microchip\xc8\v1.33\sources\common\ftge.c"
 Parameters:    Size  Location     Type
  ff1             3    4[COMMON] float 
  ff2             3    7[COMMON] float 
 Auto vars:     Size  Location     Type
		None
 Return value:  Size  Location     Type
		None               void
 Registers used:
		wreg, status,2, status,0
 Tracked objects:
		On entry : 
		On exit  : 
		Unchanged: 
 Data sizes:     COMMON   BANK0   BANK1   BANK3   BANK2
      Params:         6       0       0       0       0
      Locals:         0       0       0       0       0
      Temps:          0       6       0       0       0
      Totals:         6       6       0       0       0
Total ram usage:       12 bytes
 Hardware stack levels used:    1
 This function calls:
		Nothing
 This function is called by:
		_maximo
		_minimo
		_trapmf
		_ISR
 This function uses a non-reentrant model


 *************** function _abs *****************
 Defined at:
		line 4 in file "C:\Program Files (x86)\Microchip\xc8\v1.33\sources\common\abs.c"
 Parameters:    Size  Location     Type
  a               2    0[COMMON] int 
 Auto vars:     Size  Location     Type
		None
 Return value:  Size  Location     Type
                  2    0[COMMON] int 
 Registers used:
		wreg, status,2, status,0
 Tracked objects:
		On entry : 
		On exit  : 
		Unchanged: 
 Data sizes:     COMMON   BANK0   BANK1   BANK3   BANK2
      Params:         2       0       0       0       0
      Locals:         0       0       0       0       0
      Temps:          2       0       0       0       0
      Totals:         4       0       0       0       0
Total ram usage:        4 bytes
 Hardware stack levels used:    1
 This function calls:
		Nothing
 This function is called by:
		_ISR
 This function uses a non-reentrant model


 *************** function ___wmul *****************
 Defined at:
		line 15 in file "C:\Program Files (x86)\Microchip\xc8\v1.33\sources\common\Umul16.c"
 Parameters:    Size  Location     Type
  multiplier      2   32[BANK0 ] unsigned int 
  multiplicand    2   34[BANK0 ] unsigned int 
 Auto vars:     Size  Location     Type
  product         2   36[BANK0 ] unsigned int 
 Return value:  Size  Location     Type
                  2   32[BANK0 ] unsigned int 
 Registers used:
		wreg, status,2, status,0
 Tracked objects:
		On entry : 
		On exit  : 
		Unchanged: 
 Data sizes:     COMMON   BANK0   BANK1   BANK3   BANK2
      Params:         0       4       0       0       0
      Locals:         0       2       0       0       0
      Temps:          0       0       0       0       0
      Totals:         0       6       0       0       0
Total ram usage:        6 bytes
 Hardware stack levels used:    1
 This function calls:
		Nothing
 This function is called by:
		_ISR
 This function uses a non-reentrant model


 *************** function ___lwtoft *****************
 Defined at:
		line 28 in file "C:\Program Files (x86)\Microchip\xc8\v1.33\sources\common\lwtoft.c"
 Parameters:    Size  Location     Type
  c               2   38[BANK0 ] unsigned int 
 Auto vars:     Size  Location     Type
		None
 Return value:  Size  Location     Type
                  3   38[BANK0 ] float 
 Registers used:
		wreg, status,2, status,0, pclath, cstack
 Tracked objects:
		On entry : 
		On exit  : 
		Unchanged: 
 Data sizes:     COMMON   BANK0   BANK1   BANK3   BANK2
      Params:         0       3       0       0       0
      Locals:         0       0       0       0       0
      Temps:          0       1       0       0       0
      Totals:         0       4       0       0       0
Total ram usage:        4 bytes
 Hardware stack levels used:    1
 Hardware stack levels required when called:    1
 This function calls:
		___ftpack
 This function is called by:
		_ISR
 This function uses a non-reentrant model


 *************** function ___fttol *****************
 Defined at:
		line 44 in file "C:\Program Files (x86)\Microchip\xc8\v1.33\sources\common\fttol.c"
 Parameters:    Size  Location     Type
  f1              3   18[BANK0 ] float 
 Auto vars:     Size  Location     Type
  lval            4   27[BANK0 ] unsigned long 
  exp1            1   31[BANK0 ] unsigned char 
  sign1           1   26[BANK0 ] unsigned char 
 Return value:  Size  Location     Type
                  4   18[BANK0 ] long 
 Registers used:
		wreg, status,2, status,0
 Tracked objects:
		On entry : 
		On exit  : 
		Unchanged: 
 Data sizes:     COMMON   BANK0   BANK1   BANK3   BANK2
      Params:         0       4       0       0       0
      Locals:         0       6       0       0       0
      Temps:          0       4       0       0       0
      Totals:         0      14       0       0       0
Total ram usage:       14 bytes
 Hardware stack levels used:    1
 This function calls:
		Nothing
 This function is called by:
		_ISR
 This function uses a non-reentrant model


 *************** function ___ftmul *****************
 Defined at:
		line 62 in file "C:\Program Files (x86)\Microchip\xc8\v1.33\sources\common\ftmul.c"
 Parameters:    Size  Location     Type
  f1              3   50[BANK0 ] float 
  f2              3   53[BANK0 ] float 
 Auto vars:     Size  Location     Type
  f3_as_produc    3   61[BANK0 ] unsigned um
  sign            1   65[BANK0 ] unsigned char 
  cntr            1   64[BANK0 ] unsigned char 
  exp             1   60[BANK0 ] unsigned char 
 Return value:  Size  Location     Type
                  3   50[BANK0 ] float 
 Registers used:
		wreg, status,2, status,0, pclath, cstack
 Tracked objects:
		On entry : 
		On exit  : 
		Unchanged: 
 Data sizes:     COMMON   BANK0   BANK1   BANK3   BANK2
      Params:         0       6       0       0       0
      Locals:         0       6       0       0       0
      Temps:          0       4       0       0       0
      Totals:         0      16       0       0       0
Total ram usage:       16 bytes
 Hardware stack levels used:    1
 Hardware stack levels required when called:    1
 This function calls:
		___ftpack
 This function is called by:
		_ISR
 This function uses a non-reentrant model


 *************** function ___bmul *****************
 Defined at:
		line 4 in file "C:\Program Files (x86)\Microchip\xc8\v1.33\sources\common\Umul8.c"
 Parameters:    Size  Location     Type
  multiplier      1    wreg     unsigned char 
  multiplicand    1    0[COMMON] unsigned char 
 Auto vars:     Size  Location     Type
  multiplier      1    3[COMMON] unsigned char 
  product         1    2[COMMON] unsigned char 
 Return value:  Size  Location     Type
                  1    wreg      unsigned char 
 Registers used:
		wreg, status,2, status,0
 Tracked objects:
		On entry : 
		On exit  : 
		Unchanged: 
 Data sizes:     COMMON   BANK0   BANK1   BANK3   BANK2
      Params:         1       0       0       0       0
      Locals:         2       0       0       0       0
      Temps:          1       0       0       0       0
      Totals:         4       0       0       0       0
Total ram usage:        4 bytes
 Hardware stack levels used:    1
 This function calls:
		Nothing
 This function is called by:
		_ISR
 This function uses a non-reentrant model


 *************** function ___awtoft *****************
 Defined at:
		line 32 in file "C:\Program Files (x86)\Microchip\xc8\v1.33\sources\common\awtoft.c"
 Parameters:    Size  Location     Type
  c               2    8[COMMON] int 
 Auto vars:     Size  Location     Type
  sign            1   13[COMMON] unsigned char 
 Return value:  Size  Location     Type
                  3    8[COMMON] float 
 Registers used:
		wreg, status,2, status,0, pclath, cstack
 Tracked objects:
		On entry : 
		On exit  : 
		Unchanged: 
 Data sizes:     COMMON   BANK0   BANK1   BANK3   BANK2
      Params:         3       0       0       0       0
      Locals:         1       0       0       0       0
      Temps:          2       0       0       0       0
      Totals:         6       0       0       0       0
Total ram usage:        6 bytes
 Hardware stack levels used:    1
 Hardware stack levels required when called:    1
 This function calls:
		___ftpack
 This function is called by:
		_ISR
 This function uses a non-reentrant model


 *************** function ___ftpack *****************
 Defined at:
		line 62 in file "C:\Program Files (x86)\Microchip\xc8\v1.33\sources\common\float.c"
 Parameters:    Size  Location     Type
  arg             3    0[COMMON] unsigned um
  exp             1    3[COMMON] unsigned char 
  sign            1    4[COMMON] unsigned char 
 Auto vars:     Size  Location     Type
		None
 Return value:  Size  Location     Type
                  3    0[COMMON] float 
 Registers used:
		wreg, status,2, status,0
 Tracked objects:
		On entry : 
		On exit  : 
		Unchanged: 
 Data sizes:     COMMON   BANK0   BANK1   BANK3   BANK2
      Params:         5       0       0       0       0
      Locals:         0       0       0       0       0
      Temps:          3       0       0       0       0
      Totals:         8       0       0       0       0
Total ram usage:        8 bytes
 Hardware stack levels used:    1
 This function calls:
		Nothing
 This function is called by:
		___awtoft
		___ftadd
		___ftdiv
		___ftmul
		___lwtoft
 This function uses a non-reentrant model


 *************** function _USART_ReceiveChar *****************
 Defined at:
		line 63 in file "C:\Users\332414\Desktop\FuzzySI\firmware - Copia\usart.c"
 Parameters:    Size  Location     Type
		None
 Auto vars:     Size  Location     Type
  byte            1    4[COMMON] unsigned char 
 Return value:  Size  Location     Type
                  1    wreg      unsigned char 
 Registers used:
		wreg, fsr0l, fsr0h, status,2, status,0, pclath, cstack
 Tracked objects:
		On entry : 
		On exit  : 
		Unchanged: 
 Data sizes:     COMMON   BANK0   BANK1   BANK3   BANK2
      Params:         0       0       0       0       0
      Locals:         1       0       0       0       0
      Temps:          1       0       0       0       0
      Totals:         2       0       0       0       0
Total ram usage:        2 bytes
 Hardware stack levels used:    1
 Hardware stack levels required when called:    2
 This function calls:
		_USART_WriteString
 This function is called by:
		_ISR
 This function uses a non-reentrant model


 *************** function _USART_WriteString *****************
 Defined at:
		line 52 in file "C:\Users\332414\Desktop\FuzzySI\firmware - Copia\usart.c"
 Parameters:    Size  Location     Type
  str             1    wreg     PTR const unsigned char 
		 -> STR_1(40), 
 Auto vars:     Size  Location     Type
  str             1    2[COMMON] PTR const unsigned char 
		 -> STR_1(40), 
 Return value:  Size  Location     Type
		None               void
 Registers used:
		wreg, fsr0l, fsr0h, status,2, status,0, pclath, cstack
 Tracked objects:
		On entry : 
		On exit  : 
		Unchanged: 
 Data sizes:     COMMON   BANK0   BANK1   BANK3   BANK2
      Params:         0       0       0       0       0
      Locals:         1       0       0       0       0
      Temps:          1       0       0       0       0
      Totals:         2       0       0       0       0
Total ram usage:        2 bytes
 Hardware stack levels used:    1
 Hardware stack levels required when called:    1
 This function calls:
		_USART_WriteChar
 This function is called by:
		_USART_ReceiveChar
 This function uses a non-reentrant model


 *************** function _USART_WriteChar *****************
 Defined at:
		line 44 in file "C:\Users\332414\Desktop\FuzzySI\firmware - Copia\usart.c"
 Parameters:    Size  Location     Type
  byte            1    wreg     unsigned char 
 Auto vars:     Size  Location     Type
  byte            1    0[COMMON] unsigned char 
 Return value:  Size  Location     Type
		None               void
 Registers used:
		wreg
 Tracked objects:
		On entry : 
		On exit  : 
		Unchanged: 
 Data sizes:     COMMON   BANK0   BANK1   BANK3   BANK2
      Params:         0       0       0       0       0
      Locals:         1       0       0       0       0
      Temps:          0       0       0       0       0
      Totals:         1       0       0       0       0
Total ram usage:        1 bytes
 Hardware stack levels used:    1
 This function calls:
		Nothing
 This function is called by:
		_send
		_USART_WriteString
 This function uses a non-reentrant model


 *************** function _LCD_WriteData *****************
 Defined at:
		line 47 in file "C:\Users\332414\Desktop\FuzzySI\firmware - Copia\lcd.c"
 Parameters:    Size  Location     Type
  Byte            1    wreg     unsigned char 
 Auto vars:     Size  Location     Type
  Byte            1    1[COMMON] unsigned char 
 Return value:  Size  Location     Type
		None               void
 Registers used:
		wreg
 Tracked objects:
		On entry : 
		On exit  : 
		Unchanged: 
 Data sizes:     COMMON   BANK0   BANK1   BANK3   BANK2
      Params:         0       0       0       0       0
      Locals:         1       0       0       0       0
      Temps:          1       0       0       0       0
      Totals:         2       0       0       0       0
Total ram usage:        2 bytes
 Hardware stack levels used:    1
 This function calls:
		Nothing
 This function is called by:
		_ISR
		_LCD_WriteString
 This function uses a non-reentrant model


 *************** function _LCD_Cursor *****************
 Defined at:
		line 10 in file "C:\Users\332414\Desktop\FuzzySI\firmware - Copia\lcd.c"
 Parameters:    Size  Location     Type
  Row             1    wreg     unsigned char 
  Col             1    0[COMMON] unsigned char 
 Auto vars:     Size  Location     Type
  Row             1    2[COMMON] unsigned char 
 Return value:  Size  Location     Type
		None               void
 Registers used:
		wreg, status,2, status,0
 Tracked objects:
		On entry : 
		On exit  : 
		Unchanged: 
 Data sizes:     COMMON   BANK0   BANK1   BANK3   BANK2
      Params:         1       0       0       0       0
      Locals:         1       0       0       0       0
      Temps:          1       0       0       0       0
      Totals:         3       0       0       0       0
Total ram usage:        3 bytes
 Hardware stack levels used:    1
 This function calls:
		Nothing
 This function is called by:
		_ISR
 This function uses a non-reentrant model



MODULE INFORMATION

Module		Function		Class		Link	Load	Size
C:\Program Files (x86)\Microchip\xc8\v1.33\sources\common\ftneg.c
		___ftneg       		CODE           	10DB	0000	10

C:\Program Files (x86)\Microchip\xc8\v1.33\sources\common\ftneg.c estimated size: 10

C:\Program Files (x86)\Microchip\xc8\v1.33\sources\common\ftge.c
		___ftge        		CODE           	1414	0000	97

C:\Program Files (x86)\Microchip\xc8\v1.33\sources\common\ftge.c estimated size: 97

C:\Program Files (x86)\Microchip\xc8\v1.33\sources\common\float.c
		___ftpack      		CODE           	1475	0000	104

C:\Program Files (x86)\Microchip\xc8\v1.33\sources\common\float.c estimated size: 104

C:\Program Files (x86)\Microchip\xc8\v1.33\sources\common\Umul16.c
		___wmul        		CODE           	1264	0000	37

C:\Program Files (x86)\Microchip\xc8\v1.33\sources\common\Umul16.c estimated size: 37

C:\Program Files (x86)\Microchip\xc8\v1.33\sources\common\ftmul.c
		___ftmul       		CODE           	0BF5	0000	211

C:\Program Files (x86)\Microchip\xc8\v1.33\sources\common\ftmul.c estimated size: 211

C:\Users\332414\Desktop\FuzzySI\firmware - Copia\usart.c
		_USART_WriteCha		CODE           	10B1	0000	8
		_USART_ReceiveC		CODE           	113A	0000	24
		_USART_WriteStr		CODE           	1185	0000	28
		_USART_Init    		CODE           	13C9	0000	75

C:\Users\332414\Desktop\FuzzySI\firmware - Copia\usart.c estimated size: 135

C:\Program Files (x86)\Microchip\xc8\v1.33\sources\common\lwdiv.c
		___lwdiv       		CODE           	12C3	0000	62

C:\Program Files (x86)\Microchip\xc8\v1.33\sources\common\lwdiv.c estimated size: 62

C:\Users\332414\Desktop\FuzzySI\firmware - Copia\pwm.c
		_PWM_DutyCycle1		CODE           	11FE	0000	33
		_PWM_DutyCycle2		CODE           	121F	0000	33
		_PWM_Init      		CODE           	1240	0000	36

C:\Users\332414\Desktop\FuzzySI\firmware - Copia\pwm.c estimated size: 102

C:\Users\332414\Desktop\FuzzySI\firmware - Copia\timers.c
		_TIMER0_Set    		CODE           	10B9	0000	8
		_TIMER0_Init   		CODE           	10E5	0000	11

C:\Users\332414\Desktop\FuzzySI\firmware - Copia\timers.c estimated size: 19

shared
		i1_inicia      		CODE           	10C9	0000	9
		i1_TIMER0_Set  		CODE           	10AB	0000	6
		i1_res         		CODE           	1289	0000	58
		__stringtab    		STRING         	1000	0000	6
		i1_PWM_DutyCycl		CODE           	116A	0000	27
		__stringdata   		STRING         	1006	0000	40
		i1_set         		CODE           	133F	0000	67
		__initializatio		CODE           	0015	0000	58

shared estimated size: 271

C:\Program Files (x86)\Microchip\xc8\v1.33\sources\common\aldiv.c
		___aldiv       		CODE           	1771	0000	143

C:\Program Files (x86)\Microchip\xc8\v1.33\sources\common\aldiv.c estimated size: 143

C:\Program Files (x86)\Microchip\xc8\v1.33\sources\common\Umul8.c
		___bmul        		CODE           	07EC	0000	17

C:\Program Files (x86)\Microchip\xc8\v1.33\sources\common\Umul8.c estimated size: 17

C:\Program Files (x86)\Microchip\xc8\v1.33\sources\common\fttol.c
		___fttol       		CODE           	16E3	0000	142

C:\Program Files (x86)\Microchip\xc8\v1.33\sources\common\fttol.c estimated size: 142

C:\Program Files (x86)\Microchip\xc8\v1.33\sources\common\awtoft.c
		___awtoft      		CODE           	11DD	0000	33

C:\Program Files (x86)\Microchip\xc8\v1.33\sources\common\awtoft.c estimated size: 33

C:\Program Files (x86)\Microchip\xc8\v1.33\sources\common\abs.c
		_abs           		CODE           	10F0	0000	14

C:\Program Files (x86)\Microchip\xc8\v1.33\sources\common\abs.c estimated size: 14

C:\Users\332414\Desktop\FuzzySI\firmware - Copia\main.c
		_inicia        		CODE           	10D2	0000	9
		_ISR           		CODE           	092A	0000	4294966975
		_minimo        		CODE           	11BF	0000	30
		_main          		CODE           	0CC8	0000	217
		_trapmf        		CODE           	0EAA	0000	342
		_res           		CODE           	1301	0000	62
		_maximo        		CODE           	11A1	0000	30
		_set           		CODE           	1382	0000	71
		_send          		CODE           	15D0	0000	135

C:\Users\332414\Desktop\FuzzySI\firmware - Copia\main.c estimated size: 575

C:\Program Files (x86)\Microchip\xc8\v1.33\sources\common\ftadd.c
		___ftadd       		CODE           	0DA1	0000	265

C:\Program Files (x86)\Microchip\xc8\v1.33\sources\common\ftadd.c estimated size: 265

C:\Program Files (x86)\Microchip\xc8\v1.33\sources\pic\ftdiv.c
		___ftdiv       		CODE           	0B3D	0000	184

C:\Program Files (x86)\Microchip\xc8\v1.33\sources\pic\ftdiv.c estimated size: 184

C:\Program Files (x86)\Microchip\xc8\v1.33\sources\common\lwtoft.c
		___lwtoft      		CODE           	1152	0000	24

C:\Program Files (x86)\Microchip\xc8\v1.33\sources\common\lwtoft.c estimated size: 24

C:\Users\332414\Desktop\FuzzySI\firmware - Copia\lcd.c
		_LCD_Init      		CODE           	14DD	0000	109
		_LCD_Cursor    		CODE           	110D	0000	22
		_LCD_WriteCmd  		CODE           	1123	0000	23
		_LCD_WriteData 		CODE           	10FE	0000	15

C:\Users\332414\Desktop\FuzzySI\firmware - Copia\lcd.c estimated size: 169

