Microchip MPLAB XC8 Compiler V1.33 ()

Linker command line:

--edf=C:\Program Files (x86)\Microchip\xc8\v1.33\dat\en_msgs.txt -cs \
  -h+PIC16F877A.sym --cmf=PIC16F877A.cmf -z -Q16F877A \
  -oC:\Users\filip\AppData\Local\Temp\sdrs.6 -MPIC16F877A.map -E1 -ver=XC8 \
  -ASTACK=0157h-016fh -pstack=STACK -ACONST=00h-0FFhx32 -ACODE=00h-07FFhx4 \
  -ASTRCODE=00h-01FFFh -AENTRY=00h-0FFhx32 -ASTRING=00h-0FFhx32 \
  -ACOMMON=070h-07Fh -ABANK0=020h-06Fh -ABANK1=0A0h-0EFh \
  -ABANK2=0110h-016Fh -ABANK3=0190h-01EFh \
  -ARAM=020h-06Fh,0A0h-0EFh,0110h-016Fh,0190h-01EFh \
  -AABS1=020h-07Fh,0A0h-0EFh,0110h-016Fh,0190h-01EFh -ASFR0=00h-01Fh \
  -ASFR1=080h-09Fh -ASFR2=0100h-010Fh -ASFR3=0180h-018Fh \
  -preset_vec=00h,intentry=04h,init,end_init -ppowerup=CODE -pcinit=CODE \
  -pfunctab=CODE -ACONFIG=02007h-02007h -pconfig=CONFIG -DCONFIG=2 \
  -AIDLOC=02000h-02003h -pidloc=IDLOC -DIDLOC=2 -AEEDATA=00h-0FFh/02100h \
  -peeprom_data=EEDATA -DEEDATA=2 -DCODE=2 -DSTRCODE=2 -DSTRING=2 -DCONST=2 \
  -DENTRY=2 -k startup.obj PIC16F877A.obj 

Object code version is 3.11

Machine type is 16F877A



                Name                               Link     Load   Length Selector   Space Scale
startup.obj     end_init                             16       16        3        8       0
                reset_vec                             0        0        3        0       0
                config                             2007     2007        1     400E       0
PIC16F877A.obj  cinit                                19       19       2B        8       0
                intentry                              4        4       12        8       0
                text22_split_2                       44       44      725        8       0
                text22_split_1                      809      809      114     1012       0
                text34                             1269     1269       68     24D2       0
                text33                             1F62     1F62       14     3EC4       0
                text32                             1FDF     1FDF       21     3FBE       0
                text31                             153E     153E       D3     2A7C       0
                text30                             133E     133E       8E     267C       0
                text29                             16F9     16F9      107     2DF2       0
                text28                             13CC     13CC       B8     2798       0
                text27                             120C     120C       5D     2418       0
                text26                             105E     105E        8     20BC       0
                text25                              A3B      A3B      150     1476       0
                text24                              91D      91D      11E     123A       0
                text23                             1FA4     1FA4       1B     3F48       0
                text22                              D42      D42      2BE     1A84       0
                text21                             1F2F     1F2F        6     3E5E       0
                text20                             1484     1484       BA     2908       0
                text19                             1F50     1F50       12     3EA0       0
                text18                             1F76     1F76       17     3EEC       0
                text17                             10F1     10F1       29     21E2       0
                text16                             1FBF     1FBF       20     3F7E       0
                text15                             12D1     12D1       6D     25A2       0
                text14                             1F8D     1F8D       17     3F1A       0
                text13                             111A     111A       31     2234       0
                text12                             1066     1066       21     20CC       0
                text11                             1087     1087       21     210E       0
                text10                             10A8     10A8       24     2150       0
                text9                              1F35     1F35        B     3E6A       0
                text8                               801      801        8     1002       0
                text7                               769      769       8F        8       0
                text6                              11C1     11C1       4B     2382       0
                text5                              1181     1181       40     2302       0
                text4                              114B     114B       36     2296       0
                text3                              10CC     10CC       25     2198       0
                text2                              1F40     1F40       10     3E80       0
                text1                               B8B      B8B      1B7     1716       0
                maintext                           1611     1611       E8     2C22       0
                cstackBANK0                          20       20       4E       20       1
                cstackCOMMON                         70       70        E       70       1
                cstackBANK1                          A0       A0       4E       A0       1
                cstackBANK2                         110      110       28      110       1
                cstackBANK3                         190      190       60      190       1
                clrtext                             7F8      7F8        8        8       0
                dataBANK2                           153      153        4      110       1
                bssBANK2                            138      138       1B      110       1
                bssBANK1                             EE       EE        2       A0       1
                bssBANK0                             6E       6E        2       20       1
                strings                            1000     1000       5E     2000       0
                idataBANK2                         1F2B     1F2B        4     3E56       0

TOTAL           Name                               Link     Load   Length     Space
        CLASS   STACK          

        CLASS   CONST          

        CLASS   CODE           
                end_init                             16       16        3         0
                cinit                                19       19       2B         0
                intentry                              4        4       12         0
                reset_vec                             0        0        3         0
                text22_split_2                       44       44      725         0
                text22_split_1                      809      809      114         0
                text34                             1269     1269       68         0
                text33                             1F62     1F62       14         0
                text32                             1FDF     1FDF       21         0
                text31                             153E     153E       D3         0
                text30                             133E     133E       8E         0
                text29                             16F9     16F9      107         0
                text28                             13CC     13CC       B8         0
                text27                             120C     120C       5D         0
                text26                             105E     105E        8         0
                text25                              A3B      A3B      150         0
                text24                              91D      91D      11E         0
                text23                             1FA4     1FA4       1B         0
                text22                              D42      D42      2BE         0
                text21                             1F2F     1F2F        6         0
                text20                             1484     1484       BA         0
                text19                             1F50     1F50       12         0
                text18                             1F76     1F76       17         0
                text17                             10F1     10F1       29         0
                text16                             1FBF     1FBF       20         0
                text15                             12D1     12D1       6D         0
                text14                             1F8D     1F8D       17         0
                text13                             111A     111A       31         0
                text12                             1066     1066       21         0
                text11                             1087     1087       21         0
                text10                             10A8     10A8       24         0
                text9                              1F35     1F35        B         0
                text8                               801      801        8         0
                text7                               769      769       8F         0
                text6                              11C1     11C1       4B         0
                text5                              1181     1181       40         0
                text4                              114B     114B       36         0
                text3                              10CC     10CC       25         0
                text2                              1F40     1F40       10         0
                text1                               B8B      B8B      1B7         0
                maintext                           1611     1611       E8         0
                clrtext                             7F8      7F8        8         0
                idataBANK2                         1F2B     1F2B        4         0

        CLASS   STRCODE        

        CLASS   ENTRY          

        CLASS   STRING         
                strings                            1000     1000       5E         0

        CLASS   COMMON         
                cstackCOMMON                         70       70        E         1

        CLASS   BANK0          
                cstackBANK0                          20       20       4E         1
                bssBANK0                             6E       6E        2         1

        CLASS   BANK1          
                cstackBANK1                          A0       A0       4E         1
                bssBANK1                             EE       EE        2         1

        CLASS   BANK2          
                cstackBANK2                         110      110       28         1
                dataBANK2                           153      153        4         1
                bssBANK2                            138      138       1B         1

        CLASS   BANK3          
                cstackBANK3                         190      190       60         1

        CLASS   RAM            

        CLASS   ABS1           
                abs_s1                               7E       7E        2         1

        CLASS   SFR0           

        CLASS   SFR1           

        CLASS   SFR2           

        CLASS   SFR3           

        CLASS   CONFIG         
                config                             2007     2007        1         0

        CLASS   IDLOC          

        CLASS   EEDATA         



SEGMENTS        Name                           Load    Length   Top    Selector   Space  Class     Delta

                reset_vec                      000000  000003  000003         0       0  CODE        2
                intentry                       000004  0007FC  000800         8       0  CODE        2
                cstackBANK0                    000020  000050  000070        20       1  BANK0       1
                cstackCOMMON                   000070  00000E  00007E        70       1  COMMON      1
                cstackBANK1                    0000A0  000050  0000F0        A0       1  BANK1       1
                cstackBANK2                    000110  000047  000157       110       1  BANK2       1
                cstackBANK3                    000190  000060  0001F0       190       1  BANK3       1
                text8                          000801  000008  000809      1002       0  CODE        2
                text22_split_1                 000809  000114  00091D      1012       0  CODE        2
                text24                         00091D  00011E  000A3B      123A       0  CODE        2
                text25                         000A3B  000150  000B8B      1476       0  CODE        2
                text1                          000B8B  0001B7  000D42      1716       0  CODE        2
                text22                         000D42  0002BE  001000      1A84       0  CODE        2
                strings                        001000  00005E  00105E      2000       0  STRING      2
                text26                         00105E  000008  001066      20BC       0  CODE        2
                text12                         001066  000021  001087      20CC       0  CODE        2
                text11                         001087  000021  0010A8      210E       0  CODE        2
                text10                         0010A8  000024  0010CC      2150       0  CODE        2
                text3                          0010CC  000025  0010F1      2198       0  CODE        2
                text17                         0010F1  000029  00111A      21E2       0  CODE        2
                text13                         00111A  000031  00114B      2234       0  CODE        2
                text4                          00114B  000036  001181      2296       0  CODE        2
                text5                          001181  000040  0011C1      2302       0  CODE        2
                text6                          0011C1  00004B  00120C      2382       0  CODE        2
                text27                         00120C  00005D  001269      2418       0  CODE        2
                text34                         001269  000068  0012D1      24D2       0  CODE        2
                text15                         0012D1  00006D  00133E      25A2       0  CODE        2
                text30                         00133E  00008E  0013CC      267C       0  CODE        2
                text28                         0013CC  0000B8  001484      2798       0  CODE        2
                text20                         001484  0000BA  00153E      2908       0  CODE        2
                text31                         00153E  0000D3  001611      2A7C       0  CODE        2
                maintext                       001611  0000E8  0016F9      2C22       0  CODE        2
                text29                         0016F9  000107  001800      2DF2       0  CODE        2
                idataBANK2                     001F2B  000004  001F2F      3E56       0  CODE        2
                text21                         001F2F  000006  001F35      3E5E       0  CODE        2
                text9                          001F35  00000B  001F40      3E6A       0  CODE        2
                text2                          001F40  000010  001F50      3E80       0  CODE        2
                text19                         001F50  000012  001F62      3EA0       0  CODE        2
                text33                         001F62  000014  001F76      3EC4       0  CODE        2
                text18                         001F76  000017  001F8D      3EEC       0  CODE        2
                text14                         001F8D  000017  001FA4      3F1A       0  CODE        2
                text23                         001FA4  00001B  001FBF      3F48       0  CODE        2
                text16                         001FBF  000020  001FDF      3F7E       0  CODE        2
                text32                         001FDF  000021  002000      3FBE       0  CODE        2
                config                         002007  000001  002008      400E       0  CONFIG      2


UNUSED ADDRESS RANGES

        Name                Unused          Largest block    Delta
        BANK2            000157-00016F               19           1
        CODE             000003-000003                1           2
                         000800-000800                1
                         001800-001F2A              72B
        CONST            000003-000003                1           2
                         000800-000800                1
                         001800-001F2A              100
        EEDATA           002100-0021FF              100           2
        ENTRY            000003-000003                1           2
                         000800-000800                1
                         001800-001F2A              100
        IDLOC            002000-002003                4           2
        RAM              000157-00016F               19           1
        SFR0             000000-00001F               20           1
        SFR1             000080-00009F               20           1
        SFR2             000100-00010F               10           1
        SFR3             000180-00018F               10           1
        STACK            000157-00016F               19           1
        STRCODE          000003-000003                1           2
                         000800-000800                1
                         001800-001F2A              72B
        STRING           000003-000003                1           2
                         000800-000800                1
                         001800-001F2A              100

                                  Symbol Table

?___aldiv                  cstackBANK2  000116
?___awtoft                 cstackCOMMON 000078
?___ftadd                  cstackCOMMON 000078
?___ftdiv                  cstackBANK0  000027
?___ftmul                  cstackBANK0  000037
?___ftneg                  cstackCOMMON 000070
?___ftpack                 cstackCOMMON 000070
?___fttol                  cstackBANK0  000047
?___lwdiv                  cstackBANK2  000116
?___lwmod                  cstackBANK2  00011E
?___lwtoft                 cstackCOMMON 000078
?___wmul                   cstackBANK2  000116
?_sprintf                  cstackBANK2  000124
?_trapezoidal              cstackBANK0  000037
?_triangular               cstackBANK0  000037
LCD_Cursor@Col             cstackBANK2  000116
LCD_Cursor@Row             cstackBANK2  000118
LCD_WriteCmd@Byte          cstackBANK2  000117
LCD_WriteData@Byte         cstackBANK2  000117
LCD_WriteString@Str        cstackBANK2  000118
PWM_DutyCycle1@valor       cstackBANK2  000116
PWM_DutyCycle2@valor       cstackBANK2  000116
TIMER0_Set@contagens       cstackBANK2  000116
USART_Init@BaudRate        cstackBANK2  000125
_ADCON0bits                (abs)        00001F
_ADCON1bits                (abs)        00009F
_ADCResult                 bssBANK2     00013B
_ADC_Init                  text19       001F50
_ADRESH                    (abs)        00001E
_ADRESL                    (abs)        00009E
_CCP1CON                   (abs)        000017
_CCP1CONbits               (abs)        000017
_CCP2CON                   (abs)        00001D
_CCP2CONbits               (abs)        00001D
_CCPR1L                    (abs)        000015
_CCPR2L                    (abs)        00001B
_EEADR                     (abs)        00010D
_EECON1bits                (abs)        00018C
_EECON2                    (abs)        00018D
_EEDATA                    (abs)        00010C
_INTCONbits                (abs)        00000B
_ISR                       text20       001484
_LCD_Clear                 text17       0010F1
_LCD_Cursor                text16       001FBF
_LCD_Init                  text15       0012D1
_LCD_WriteCmd              text18       001F76
_LCD_WriteData             text14       001F8D
_LCD_WriteString           text13       00111A
_OERR                      (abs)        0000C1
_OPTION_REGbits            (abs)        000081
_PIE1bits                  (abs)        00008C
_PIE2bits                  (abs)        00008D
_PIR1bits                  (abs)        00000C
_PIR2bits                  (abs)        00000D
_PORTA                     (abs)        000005
_PORTB                     (abs)        000006
_PORTBbits                 (abs)        000006
_PORTC                     (abs)        000007
_PORTD                     (abs)        000008
_PORTE                     (abs)        000009
_PORTEbits                 (abs)        000009
_PR2                       (abs)        000092
_PWM_DutyCycle1            text12       001066
_PWM_DutyCycle2            text11       001087
_PWM_Init                  text10       0010A8
_RCREG                     (abs)        00001A
_RCSTAbits                 (abs)        000018
_SPBRG                     (abs)        000099
_SSPADD                    (abs)        000093
_SSPBUF                    (abs)        000013
_SSPCON2                   (abs)        000091
_SSPCON2bits               (abs)        000091
_SSPCONbits                (abs)        000014
_SSPSTATbits               (abs)        000094
_T1CON                     (abs)        000010
_T1CONbits                 (abs)        000010
_T2CONbits                 (abs)        000012
_TIMER0_Init               text9        001F35
_TIMER0_Set                text8        000801
_TMR0                      (abs)        000001
_TMR1                      (abs)        00000E
_TMR1H                     (abs)        00000F
_TMR1L                     (abs)        00000E
_TRISA                     (abs)        000085
_TRISB                     (abs)        000086
_TRISC                     (abs)        000087
_TRISD                     (abs)        000088
_TRISE                     (abs)        000089
_TXREG                     (abs)        000019
_TXSTAbits                 (abs)        000098
_USART_Init                text6        0011C1
__CFG_BOREN$OFF            (abs)        000000
__CFG_CP$OFF               (abs)        000000
__CFG_CPD$OFF              (abs)        000000
__CFG_FOSC$HS              (abs)        000000
__CFG_LVP$OFF              (abs)        000000
__CFG_PWRTE$ON             (abs)        000000
__CFG_WDTE$OFF             (abs)        000000
__Habs1                    abs1         000000
__Hbank0                   bank0        000000
__Hbank1                   bank1        000000
__Hbank2                   bank2        000000
__Hbank3                   bank3        000000
__HbssBANK0                bssBANK0     000000
__HbssBANK1                bssBANK1     000000
__HbssBANK2                bssBANK2     000000
__Hcinit                   cinit        000044
__Hclrtext                 clrtext      000000
__Hcode                    code         000000
__Hcommon                  common       000000
__Hconfig                  config       002008
__HcstackBANK0             cstackBANK0  000000
__HcstackBANK1             cstackBANK1  000000
__HcstackBANK2             cstackBANK2  000000
__HcstackBANK3             cstackBANK3  000000
__HcstackCOMMON            cstackCOMMON 000000
__HdataBANK2               dataBANK2    000000
__Heeprom_data             eeprom_data  000000
__Hend_init                end_init     000019
__Hfunctab                 functab      000000
__HidataBANK2              idataBANK2   000000
__Hidloc                   idloc        000000
__Hinit                    init         000016
__Hintentry                intentry     000016
__Hmaintext                maintext     000000
__Hpowerup                 powerup      000000
__Hram                     ram          000000
__Hreset_vec               reset_vec    000003
__Hsfr0                    sfr0         000000
__Hsfr1                    sfr1         000000
__Hsfr2                    sfr2         000000
__Hsfr3                    sfr3         000000
__Hspace_0                 (abs)        002008
__Hspace_1                 (abs)        0001F0
__Hspace_2                 (abs)        000000
__Hspace_3                 (abs)        000000
__Hstack                   stack        000000
__Hstrings                 strings      000000
__Htext                    text         000000
__Labs1                    abs1         000000
__Lbank0                   bank0        000000
__Lbank1                   bank1        000000
__Lbank2                   bank2        000000
__Lbank3                   bank3        000000
__LbssBANK0                bssBANK0     000000
__LbssBANK1                bssBANK1     000000
__LbssBANK2                bssBANK2     000000
__Lcinit                   cinit        000019
__Lclrtext                 clrtext      000000
__Lcode                    code         000000
__Lcommon                  common       000000
__Lconfig                  config       002007
__LcstackBANK0             cstackBANK0  000000
__LcstackBANK1             cstackBANK1  000000
__LcstackBANK2             cstackBANK2  000000
__LcstackBANK3             cstackBANK3  000000
__LcstackCOMMON            cstackCOMMON 000000
__LdataBANK2               dataBANK2    000000
__Leeprom_data             eeprom_data  000000
__Lend_init                end_init     000016
__Lfunctab                 functab      000000
__LidataBANK2              idataBANK2   000000
__Lidloc                   idloc        000000
__Linit                    init         000016
__Lintentry                intentry     000004
__Lmaintext                maintext     000000
__Lpowerup                 powerup      000000
__Lram                     ram          000000
__Lreset_vec               reset_vec    000000
__Lsfr0                    sfr0         000000
__Lsfr1                    sfr1         000000
__Lsfr2                    sfr2         000000
__Lsfr3                    sfr3         000000
__Lspace_0                 (abs)        000000
__Lspace_1                 (abs)        000000
__Lspace_2                 (abs)        000000
__Lspace_3                 (abs)        000000
__Lstack                   stack        000000
__Lstrings                 strings      000000
__Ltext                    text         000000
__S0                       (abs)        002008
__S1                       (abs)        0001F0
__S2                       (abs)        000000
__S3                       (abs)        000000
___aldiv                   text7        000769
___aldiv@counter           cstackBANK2  00011F
___aldiv@dividend          cstackBANK2  00011A
___aldiv@divisor           cstackBANK2  000116
___aldiv@quotient          cstackBANK2  000121
___aldiv@sign              cstackBANK2  000120
___awtoft                  text32       001FDF
___awtoft@c                cstackCOMMON 000078
___awtoft@sign             cstackCOMMON 00007D
___ftadd                   text29       0016F9
___ftadd@exp1              cstackBANK0  000026
___ftadd@exp2              cstackBANK0  000025
___ftadd@f1                cstackCOMMON 000078
___ftadd@f2                cstackCOMMON 00007B
___ftadd@sign              cstackBANK0  000024
___ftdiv                   text28       0013CC
___ftdiv@cntr              cstackBANK0  000031
___ftdiv@exp               cstackBANK0  000035
___ftdiv@f1                cstackBANK0  00002A
___ftdiv@f2                cstackBANK0  000027
___ftdiv@f3                cstackBANK0  000032
___ftdiv@sign              cstackBANK0  000036
___ftge                    text27       00120C
___ftge@ff1                cstackCOMMON 000070
___ftge@ff2                cstackCOMMON 000073
___ftmul                   text31       00153E
___ftmul@cntr              cstackBANK0  000045
___ftmul@exp               cstackBANK0  000041
___ftmul@f1                cstackBANK0  000037
___ftmul@f2                cstackBANK0  00003A
___ftmul@f3_as_product     cstackBANK0  000042
___ftmul@sign              cstackBANK0  000046
___ftneg                   text26       00105E
___ftneg@f1                cstackCOMMON 000070
___ftpack                  text34       001269
___ftpack@arg              cstackCOMMON 000070
___ftpack@exp              cstackCOMMON 000073
___ftpack@sign             cstackCOMMON 000074
___fttol                   text30       00133E
___fttol@exp1              cstackBANK0  000054
___fttol@f1                cstackBANK0  000047
___fttol@lval              cstackBANK0  000050
___fttol@sign1             cstackBANK0  00004F
___int_sp                  stack        000000
___latbits                 (abs)        000002
___lwdiv                   text5        001181
___lwdiv@counter           cstackBANK2  00011D
___lwdiv@dividend          cstackBANK2  000118
___lwdiv@divisor           cstackBANK2  000116
___lwdiv@quotient          cstackBANK2  00011B
___lwmod                   text4        00114B
___lwmod@counter           cstackBANK2  000123
___lwmod@dividend          cstackBANK2  000120
___lwmod@divisor           cstackBANK2  00011E
___lwtoft                  text33       001F62
___lwtoft@c                cstackCOMMON 000078
___sp                      stack        000000
___wmul                    text3        0010CC
___wmul@multiplicand       cstackBANK2  000118
___wmul@multiplier         cstackBANK2  000116
___wmul@product            cstackBANK2  00011A
__end_of_ADC_Init          text19       001F62
__end_of_ISR               text20       00153E
__end_of_LCD_Clear         text17       00111A
__end_of_LCD_Cursor        text16       001FDF
__end_of_LCD_Init          text15       00133E
__end_of_LCD_WriteCmd      text18       001F8D
__end_of_LCD_WriteData     text14       001FA4
__end_of_LCD_WriteString   text13       00114B
__end_of_PWM_DutyCycle1    text12       001087
__end_of_PWM_DutyCycle2    text11       0010A8
__end_of_PWM_Init          text10       0010CC
__end_of_TIMER0_Init       text9        001F40
__end_of_TIMER0_Set        text8        000809
__end_of_USART_Init        text6        00120C
__end_of___aldiv           text7        0007F8
__end_of___awtoft          text32       002000
__end_of___ftadd           text29       001800
__end_of___ftdiv           text28       001484
__end_of___ftge            text27       001269
__end_of___ftmul           text31       001611
__end_of___ftneg           text26       001066
__end_of___ftpack          text34       0012D1
__end_of___fttol           text30       0013CC
__end_of___lwdiv           text5        0011C1
__end_of___lwmod           text4        001181
__end_of___lwtoft          text33       001F76
__end_of___wmul            text3        0010F1
__end_of__initialization   cinit        000040
__end_of__stringdata       strings      00105E
__end_of__stringtab        strings      001010
__end_of_dpowers           strings      00101A
__end_of_fuzzy             text22_split_2 000769
__end_of_isdigit           text2        001F50
__end_of_main              maintext     0016F9
__end_of_sprintf           text1        000D42
__end_of_trapezoidal       text25       000B8B
__end_of_triangular        text24       000A3B
__end_ofi1_PWM_DutyCycle2  text23       001FBF
__end_ofi1_TIMER0_Set      text21       001F35
__initialization           cinit        000019
__pbssBANK0                bssBANK0     00006E
__pbssBANK1                bssBANK1     0000EE
__pbssBANK2                bssBANK2     000138
__pcstackBANK0             cstackBANK0  000020
__pcstackBANK1             cstackBANK1  0000A0
__pcstackBANK2             cstackBANK2  000110
__pcstackBANK3             cstackBANK3  000190
__pcstackCOMMON            cstackCOMMON 000070
__pdataBANK2               dataBANK2    000153
__pidataBANK2              idataBANK2   001F2B
__pintentry                intentry     000004
__pmaintext                maintext     001611
__pstrings                 strings      001000
__ptext1                   text1        000B8B
__ptext10                  text10       0010A8
__ptext11                  text11       001087
__ptext12                  text12       001066
__ptext13                  text13       00111A
__ptext14                  text14       001F8D
__ptext15                  text15       0012D1
__ptext16                  text16       001FBF
__ptext17                  text17       0010F1
__ptext18                  text18       001F76
__ptext19                  text19       001F50
__ptext2                   text2        001F40
__ptext20                  text20       001484
__ptext21                  text21       001F2F
__ptext22                  text22       000D42
__ptext23                  text23       001FA4
__ptext24                  text24       00091D
__ptext25                  text25       000A3B
__ptext26                  text26       00105E
__ptext27                  text27       00120C
__ptext28                  text28       0013CC
__ptext29                  text29       0016F9
__ptext3                   text3        0010CC
__ptext30                  text30       00133E
__ptext31                  text31       00153E
__ptext32                  text32       001FDF
__ptext33                  text33       001F62
__ptext34                  text34       001269
__ptext4                   text4        00114B
__ptext5                   text5        001181
__ptext6                   text6        0011C1
__ptext7                   text7        000769
__ptext8                   text8        000801
__ptext9                   text9        001F35
__size_of_ADC_Init         (abs)        000000
__size_of_ISR              (abs)        000000
__size_of_LCD_Clear        (abs)        000000
__size_of_LCD_Cursor       (abs)        000000
__size_of_LCD_Init         (abs)        000000
__size_of_LCD_WriteCmd     (abs)        000000
__size_of_LCD_WriteData    (abs)        000000
__size_of_LCD_WriteString  (abs)        000000
__size_of_PWM_DutyCycle1   (abs)        000000
__size_of_PWM_DutyCycle2   (abs)        000000
__size_of_PWM_Init         (abs)        000000
__size_of_TIMER0_Init      (abs)        000000
__size_of_TIMER0_Set       (abs)        000000
__size_of_USART_Init       (abs)        000000
__size_of___aldiv          (abs)        000000
__size_of___awtoft         (abs)        000000
__size_of___ftadd          (abs)        000000
__size_of___ftdiv          (abs)        000000
__size_of___ftge           (abs)        000000
__size_of___ftmul          (abs)        000000
__size_of___ftneg          (abs)        000000
__size_of___ftpack         (abs)        000000
__size_of___fttol          (abs)        000000
__size_of___lwdiv          (abs)        000000
__size_of___lwmod          (abs)        000000
__size_of___lwtoft         (abs)        000000
__size_of___wmul           (abs)        000000
__size_of_fuzzy            (abs)        000000
__size_of_isdigit          (abs)        000000
__size_of_main             (abs)        000000
__size_of_sprintf          (abs)        000000
__size_of_trapezoidal      (abs)        000000
__size_of_triangular       (abs)        000000
__size_ofi1_PWM_DutyCycle2 (abs)        000000
__size_ofi1_TIMER0_Set     (abs)        000000
__stringbase               strings      00100F
__stringdata               strings      00101A
__stringtab                strings      001000
_contador_rb6              bssBANK2     00013D
_contagens_tm0             bssBANK2     00013F
_display                   bssBANK2     000149
_dpowers                   strings      001010
_erro_atual                bssBANK0     00006E
_fuzzy                     text22       000D42
_fuzzy$205                 cstackBANK0  00005C
_fuzzy$206                 cstackBANK0  00005F
_fuzzy$207                 cstackBANK0  000062
_fuzzy$208                 cstackBANK0  000065
_fuzzy$209                 cstackBANK0  000068
_fuzzy$210                 cstackBANK0  00006B
_fuzzy$211                 cstackBANK1  0000A0
_fuzzy$212                 cstackBANK1  0000A3
_fuzzy$213                 cstackBANK1  0000A6
_fuzzy$214                 cstackBANK1  0000A9
_fuzzy$215                 cstackBANK1  0000AC
_fuzzy$216                 cstackBANK1  0000AF
_fuzzy$217                 cstackBANK1  0000B2
_fuzzy$218                 cstackBANK1  0000B5
_fuzzy$219                 cstackBANK1  0000B8
_fuzzy$220                 cstackBANK1  0000BB
_fuzzy$221                 cstackBANK1  0000BE
_fuzzy$222                 cstackBANK1  0000C1
_fuzzy$223                 cstackBANK1  0000C4
_fuzzy$224                 cstackBANK1  0000C7
_fuzzy$225                 cstackBANK1  0000CA
_fuzzy$226                 cstackBANK1  0000CD
_fuzzy$227                 cstackBANK1  0000D0
_fuzzy$228                 cstackBANK1  0000D3
_fuzzy$229                 cstackBANK1  0000D6
_fuzzy$230                 cstackBANK1  0000D9
_fuzzy$231                 cstackBANK1  0000DC
_fuzzy$232                 cstackBANK1  0000DF
_fuzzy$233                 cstackBANK1  0000E2
_fuzzy$234                 cstackBANK1  0000E5
_fuzzy$235                 cstackBANK1  0000E8
_fuzzy$236                 cstackBANK1  0000EB
_fuzzy$237                 cstackBANK3  000190
_fuzzy$238                 cstackBANK3  000193
_fuzzy$239                 cstackBANK3  000196
_fuzzy$240                 cstackBANK3  000199
_fuzzy$241                 cstackBANK3  00019C
_fuzzy$242                 cstackBANK3  00019F
_fuzzy$243                 cstackBANK3  0001A2
_fuzzy$244                 cstackBANK3  0001A5
_fuzzy$245                 cstackBANK3  0001A8
_fuzzy$246                 cstackBANK3  0001AB
_fuzzy$247                 cstackBANK3  0001AE
_fuzzy$248                 cstackBANK3  0001B1
_fuzzy$249                 cstackBANK3  0001B4
_fuzzy$250                 cstackBANK3  0001B7
_fuzzy$251                 cstackBANK3  0001BA
_fuzzy$252                 cstackBANK3  0001BD
_fuzzy$253                 cstackBANK3  0001C0
_fuzzy$254                 cstackBANK3  0001C3
_fuzzy$255                 cstackBANK3  0001C6
_fuzzy$256                 cstackBANK3  0001C9
_fuzzy$257                 cstackBANK3  0001CC
_fuzzy$258                 cstackBANK3  0001CF
_fuzzy$259                 cstackBANK3  0001D2
_fuzzy$260                 cstackBANK3  0001D5
_fuzzy$261                 cstackBANK3  0001D8
_fuzzy$262                 cstackBANK3  0001DB
_fuzzy$263                 cstackBANK3  0001DE
_isdigit                   text2        001F40
_isdigit$1463              cstackBANK2  000116
_ligado                    dataBANK2    000153
_main                      maintext     001611
_pulsos                    bssBANK2     000141
_receiveIndex              bssBANK2     000143
_rpm                       bssBANK1     0000EE
_setpoint                  dataBANK2    000155
_sprintf                   text1        000B8B
_status                    bssBANK2     000145
_temp_lida                 bssBANK2     000138
_tempo_rb6                 bssBANK2     000147
_trapezoidal               text25       000A3B
_triangular                text24       00091D
btemp                      (abs)        00007E
clear_ram0                 clrtext      0007F8
end_of_initialization      cinit        000040
fuzzy@acelera              cstackBANK3  0001E4
fuzzy@aceleraM             cstackBANK3  0001E1
fuzzy@freia                cstackBANK3  0001EA
fuzzy@freiaM               cstackBANK3  0001ED
fuzzy@maior                cstackBANK0  000059
fuzzy@mantem               cstackBANK3  0001E7
i1PWM_DutyCycle2@valor     cstackBANK0  000055
i1TIMER0_Set@contagens     cstackCOMMON 000070
i1_PWM_DutyCycle2          text23       001FA4
i1_TIMER0_Set              text21       001F2F
interrupt_function         intentry     000004
intlevel0                  functab      000000
intlevel1                  functab      000000
intlevel2                  functab      000000
intlevel3                  functab      000000
intlevel4                  functab      000000
intlevel5                  functab      000000
isdigit@c                  cstackBANK2  000117
ltemp                      (abs)        00007E
ltemp0                     (abs)        00007E
ltemp1                     (abs)        000082
ltemp2                     (abs)        000086
ltemp3                     (abs)        000080
pnum$text22                (abs)        000026
pnum$text22_split_1        (abs)        000033
pnum$text22_split_2        (abs)        000034
psplit$0                   (abs)        260033
psplit$1                   (abs)        330034
reset_vec                  reset_vec    000000
saved_w                    (abs)        00007E
sprintf@_val               cstackBANK2  00012C
sprintf@ap                 cstackBANK2  00012A
sprintf@c                  cstackBANK2  000134
sprintf@f                  cstackBANK2  000124
sprintf@flag               cstackBANK2  000130
sprintf@prec               cstackBANK2  00012B
sprintf@sp                 cstackBANK2  000133
sprintf@width              cstackBANK2  000131
stackhi                    (abs)        000000
stacklo                    (abs)        000000
start                      init         000016
start_initialization       cinit        000019
trapezoidal@a              cstackBANK0  00003A
trapezoidal@b              cstackBANK0  00003D
trapezoidal@c              cstackBANK0  000040
trapezoidal@d              cstackBANK0  000043
trapezoidal@ua             cstackBANK0  000046
trapezoidal@x              cstackBANK0  000037
triangular@a               cstackBANK0  00003A
triangular@b               cstackBANK0  00003D
triangular@c               cstackBANK0  000040
triangular@ua              cstackBANK0  000043
triangular@x               cstackBANK0  000037
ttemp                      (abs)        00007E
ttemp0                     (abs)        00007E
ttemp1                     (abs)        000081
ttemp2                     (abs)        000084
ttemp3                     (abs)        000087
ttemp4                     (abs)        00007F
wtemp                      (abs)        00007E
wtemp0                     (abs)        00007E
wtemp1                     (abs)        000080
wtemp2                     (abs)        000082
wtemp3                     (abs)        000084
wtemp4                     (abs)        000086
wtemp5                     (abs)        000088
wtemp6                     (abs)        00007F


FUNCTION INFORMATION:

 *************** function _main *****************
 Defined at:
		line 213 in file "C:\Users\filip\programs\FuzzySI\firmware\main.c"
 Parameters:    Size  Location     Type
		None
 Auto vars:     Size  Location     Type
		None
 Return value:  Size  Location     Type
		None               void
 Registers used:
		wreg, fsr0l, fsr0h, status,2, status,0, btemp+1, pclath, cstack
 Tracked objects:
		On entry : 
		On exit  : 
		Unchanged: 
 Data sizes:     COMMON   BANK0   BANK1   BANK3   BANK2
      Params:         0       0       0       0       0
      Locals:         0       0       0       0       0
      Temps:          0       0       0       0       3
      Totals:         0       0       0       0       3
Total ram usage:        3 bytes
 Hardware stack levels required when called:    7
 This function calls:
		_ADC_Init
		_LCD_Clear
		_LCD_Cursor
		_LCD_Init
		_LCD_WriteString
		_PWM_DutyCycle1
		_PWM_DutyCycle2
		_PWM_Init
		_TIMER0_Init
		_TIMER0_Set
		_USART_Init
		_sprintf
 This function is called by:
		Startup code after reset
 This function uses a non-reentrant model


 *************** function _sprintf *****************
 Defined at:
		line 492 in file "C:\Program Files (x86)\Microchip\xc8\v1.33\sources\common\doprnt.c"
 Parameters:    Size  Location     Type
  sp              1    wreg     PTR unsigned char 
		 -> display(10), 
  f               1   20[BANK2 ] PTR const unsigned char 
		 -> STR_2(5), 
 Auto vars:     Size  Location     Type
  sp              1   35[BANK2 ] PTR unsigned char 
		 -> display(10), 
  _val            4   28[BANK2 ] struct .
  width           2   33[BANK2 ] int 
  c               1   36[BANK2 ] char 
  flag            1   32[BANK2 ] unsigned char 
  prec            1   27[BANK2 ] char 
  ap              1   26[BANK2 ] PTR void [1]
		 -> ?_sprintf(2), 
 Return value:  Size  Location     Type
                  2   20[BANK2 ] int 
 Registers used:
		wreg, fsr0l, fsr0h, status,2, status,0, btemp+1, pclath, cstack
 Tracked objects:
		On entry : 
		On exit  : 
		Unchanged: 
 Data sizes:     COMMON   BANK0   BANK1   BANK3   BANK2
      Params:         0       0       0       0       3
      Locals:         0       0       0       0      11
      Temps:          0       0       0       0       3
      Totals:         0       0       0       0      17
Total ram usage:       17 bytes
 Hardware stack levels used:    1
 Hardware stack levels required when called:    6
 This function calls:
		___lwdiv
		___lwmod
		___wmul
		_isdigit
 This function is called by:
		_main
 This function uses a non-reentrant model


 *************** function _isdigit *****************
 Defined at:
		line 8 in file "C:\Program Files (x86)\Microchip\xc8\v1.33\sources\common\isdigit.c"
 Parameters:    Size  Location     Type
  c               1    wreg     unsigned char 
 Auto vars:     Size  Location     Type
  c               1    7[BANK2 ] unsigned char 
 Return value:  Size  Location     Type
		None               void
 Registers used:
		wreg, status,2, status,0
 Tracked objects:
		On entry : 
		On exit  : 
		Unchanged: 
 Data sizes:     COMMON   BANK0   BANK1   BANK3   BANK2
      Params:         0       0       0       0       0
      Locals:         0       0       0       0       2
      Temps:          0       0       0       0       0
      Totals:         0       0       0       0       2
Total ram usage:        2 bytes
 Hardware stack levels used:    1
 Hardware stack levels required when called:    5
 This function calls:
		Nothing
 This function is called by:
		_sprintf
 This function uses a non-reentrant model


 *************** function ___wmul *****************
 Defined at:
		line 15 in file "C:\Program Files (x86)\Microchip\xc8\v1.33\sources\common\Umul16.c"
 Parameters:    Size  Location     Type
  multiplier      2    6[BANK2 ] unsigned int 
  multiplicand    2    8[BANK2 ] unsigned int 
 Auto vars:     Size  Location     Type
  product         2   10[BANK2 ] unsigned int 
 Return value:  Size  Location     Type
                  2    6[BANK2 ] unsigned int 
 Registers used:
		wreg, status,2, status,0
 Tracked objects:
		On entry : 
		On exit  : 
		Unchanged: 
 Data sizes:     COMMON   BANK0   BANK1   BANK3   BANK2
      Params:         0       0       0       0       4
      Locals:         0       0       0       0       2
      Temps:          0       0       0       0       0
      Totals:         0       0       0       0       6
Total ram usage:        6 bytes
 Hardware stack levels used:    1
 Hardware stack levels required when called:    5
 This function calls:
		Nothing
 This function is called by:
		_sprintf
 This function uses a non-reentrant model


 *************** function ___lwmod *****************
 Defined at:
		line 6 in file "C:\Program Files (x86)\Microchip\xc8\v1.33\sources\common\lwmod.c"
 Parameters:    Size  Location     Type
  divisor         2   14[BANK2 ] unsigned int 
  dividend        2   16[BANK2 ] unsigned int 
 Auto vars:     Size  Location     Type
  counter         1   19[BANK2 ] unsigned char 
 Return value:  Size  Location     Type
                  2   14[BANK2 ] unsigned int 
 Registers used:
		wreg, status,2, status,0
 Tracked objects:
		On entry : 
		On exit  : 
		Unchanged: 
 Data sizes:     COMMON   BANK0   BANK1   BANK3   BANK2
      Params:         0       0       0       0       4
      Locals:         0       0       0       0       1
      Temps:          0       0       0       0       1
      Totals:         0       0       0       0       6
Total ram usage:        6 bytes
 Hardware stack levels used:    1
 Hardware stack levels required when called:    5
 This function calls:
		Nothing
 This function is called by:
		_sprintf
 This function uses a non-reentrant model


 *************** function ___lwdiv *****************
 Defined at:
		line 6 in file "C:\Program Files (x86)\Microchip\xc8\v1.33\sources\common\lwdiv.c"
 Parameters:    Size  Location     Type
  divisor         2    6[BANK2 ] unsigned int 
  dividend        2    8[BANK2 ] unsigned int 
 Auto vars:     Size  Location     Type
  quotient        2   11[BANK2 ] unsigned int 
  counter         1   13[BANK2 ] unsigned char 
 Return value:  Size  Location     Type
                  2    6[BANK2 ] unsigned int 
 Registers used:
		wreg, status,2, status,0
 Tracked objects:
		On entry : 
		On exit  : 
		Unchanged: 
 Data sizes:     COMMON   BANK0   BANK1   BANK3   BANK2
      Params:         0       0       0       0       4
      Locals:         0       0       0       0       3
      Temps:          0       0       0       0       1
      Totals:         0       0       0       0       8
Total ram usage:        8 bytes
 Hardware stack levels used:    1
 Hardware stack levels required when called:    5
 This function calls:
		Nothing
 This function is called by:
		_sprintf
 This function uses a non-reentrant model


 *************** function _USART_Init *****************
 Defined at:
		line 6 in file "C:\Users\filip\programs\FuzzySI\firmware\usart.c"
 Parameters:    Size  Location     Type
  BaudRate        4   21[BANK2 ] long 
 Auto vars:     Size  Location     Type
		None
 Return value:  Size  Location     Type
		None               void
 Registers used:
		wreg, status,2, status,0, pclath, cstack
 Tracked objects:
		On entry : 
		On exit  : 
		Unchanged: 
 Data sizes:     COMMON   BANK0   BANK1   BANK3   BANK2
      Params:         0       0       0       0       4
      Locals:         0       0       0       0       0
      Temps:          0       0       0       0       4
      Totals:         0       0       0       0       8
Total ram usage:        8 bytes
 Hardware stack levels used:    1
 Hardware stack levels required when called:    6
 This function calls:
		___aldiv
 This function is called by:
		_main
 This function uses a non-reentrant model


 *************** function ___aldiv *****************
 Defined at:
		line 6 in file "C:\Program Files (x86)\Microchip\xc8\v1.33\sources\common\aldiv.c"
 Parameters:    Size  Location     Type
  divisor         4    6[BANK2 ] long 
  dividend        4   10[BANK2 ] long 
 Auto vars:     Size  Location     Type
  quotient        4   17[BANK2 ] long 
  sign            1   16[BANK2 ] unsigned char 
  counter         1   15[BANK2 ] unsigned char 
 Return value:  Size  Location     Type
                  4    6[BANK2 ] long 
 Registers used:
		wreg, status,2, status,0
 Tracked objects:
		On entry : 
		On exit  : 
		Unchanged: 
 Data sizes:     COMMON   BANK0   BANK1   BANK3   BANK2
      Params:         0       0       0       0       8
      Locals:         0       0       0       0       6
      Temps:          0       0       0       0       1
      Totals:         0       0       0       0      15
Total ram usage:       15 bytes
 Hardware stack levels used:    1
 Hardware stack levels required when called:    5
 This function calls:
		Nothing
 This function is called by:
		_USART_Init
 This function uses a non-reentrant model


 *************** function _TIMER0_Set *****************
 Defined at:
		line 20 in file "C:\Users\filip\programs\FuzzySI\firmware\timers.c"
 Parameters:    Size  Location     Type
  contagens       1    wreg     unsigned char 
 Auto vars:     Size  Location     Type
  contagens       1    6[BANK2 ] unsigned char 
 Return value:  Size  Location     Type
		None               void
 Registers used:
		wreg
 Tracked objects:
		On entry : 
		On exit  : 
		Unchanged: 
 Data sizes:     COMMON   BANK0   BANK1   BANK3   BANK2
      Params:         0       0       0       0       0
      Locals:         0       0       0       0       1
      Temps:          0       0       0       0       0
      Totals:         0       0       0       0       1
Total ram usage:        1 bytes
 Hardware stack levels used:    1
 Hardware stack levels required when called:    5
 This function calls:
		Nothing
 This function is called by:
		_main
 This function uses a non-reentrant model


 *************** function _TIMER0_Init *****************
 Defined at:
		line 6 in file "C:\Users\filip\programs\FuzzySI\firmware\timers.c"
 Parameters:    Size  Location     Type
		None
 Auto vars:     Size  Location     Type
		None
 Return value:  Size  Location     Type
		None               void
 Registers used:
		None
 Tracked objects:
		On entry : 
		On exit  : 
		Unchanged: 
 Data sizes:     COMMON   BANK0   BANK1   BANK3   BANK2
      Params:         0       0       0       0       0
      Locals:         0       0       0       0       0
      Temps:          0       0       0       0       0
      Totals:         0       0       0       0       0
Total ram usage:        0 bytes
 Hardware stack levels used:    1
 Hardware stack levels required when called:    5
 This function calls:
		Nothing
 This function is called by:
		_main
 This function uses a non-reentrant model


 *************** function _PWM_Init *****************
 Defined at:
		line 5 in file "C:\Users\filip\programs\FuzzySI\firmware\pwm.c"
 Parameters:    Size  Location     Type
		None
 Auto vars:     Size  Location     Type
		None
 Return value:  Size  Location     Type
		None               void
 Registers used:
		wreg
 Tracked objects:
		On entry : 
		On exit  : 
		Unchanged: 
 Data sizes:     COMMON   BANK0   BANK1   BANK3   BANK2
      Params:         0       0       0       0       0
      Locals:         0       0       0       0       0
      Temps:          0       0       0       0       0
      Totals:         0       0       0       0       0
Total ram usage:        0 bytes
 Hardware stack levels used:    1
 Hardware stack levels required when called:    5
 This function calls:
		Nothing
 This function is called by:
		_main
 This function uses a non-reentrant model


 *************** function _PWM_DutyCycle2 *****************
 Defined at:
		line 96 in file "C:\Users\filip\programs\FuzzySI\firmware\pwm.c"
 Parameters:    Size  Location     Type
  valor           2    6[BANK2 ] int 
 Auto vars:     Size  Location     Type
		None
 Return value:  Size  Location     Type
		None               void
 Registers used:
		wreg, status,2, status,0
 Tracked objects:
		On entry : 
		On exit  : 
		Unchanged: 
 Data sizes:     COMMON   BANK0   BANK1   BANK3   BANK2
      Params:         0       0       0       0       2
      Locals:         0       0       0       0       0
      Temps:          0       0       0       0       2
      Totals:         0       0       0       0       4
Total ram usage:        4 bytes
 Hardware stack levels used:    1
 Hardware stack levels required when called:    5
 This function calls:
		Nothing
 This function is called by:
		_main
 This function uses a non-reentrant model


 *************** function _PWM_DutyCycle1 *****************
 Defined at:
		line 64 in file "C:\Users\filip\programs\FuzzySI\firmware\pwm.c"
 Parameters:    Size  Location     Type
  valor           2    6[BANK2 ] int 
 Auto vars:     Size  Location     Type
		None
 Return value:  Size  Location     Type
		None               void
 Registers used:
		wreg, status,2, status,0
 Tracked objects:
		On entry : 
		On exit  : 
		Unchanged: 
 Data sizes:     COMMON   BANK0   BANK1   BANK3   BANK2
      Params:         0       0       0       0       2
      Locals:         0       0       0       0       0
      Temps:          0       0       0       0       2
      Totals:         0       0       0       0       4
Total ram usage:        4 bytes
 Hardware stack levels used:    1
 Hardware stack levels required when called:    5
 This function calls:
		Nothing
 This function is called by:
		_main
 This function uses a non-reentrant model


 *************** function _LCD_WriteString *****************
 Defined at:
		line 61 in file "C:\Users\filip\programs\FuzzySI\firmware\lcd.c"
 Parameters:    Size  Location     Type
  Str             2    8[BANK2 ] PTR const unsigned char 
		 -> STR_3(6), STR_1(17), display(10), 
 Auto vars:     Size  Location     Type
		None
 Return value:  Size  Location     Type
		None               void
 Registers used:
		wreg, fsr0l, fsr0h, status,2, status,0, btemp+1, pclath, cstack
 Tracked objects:
		On entry : 
		On exit  : 
		Unchanged: 
 Data sizes:     COMMON   BANK0   BANK1   BANK3   BANK2
      Params:         0       0       0       0       2
      Locals:         0       0       0       0       0
      Temps:          0       0       0       0       0
      Totals:         0       0       0       0       2
Total ram usage:        2 bytes
 Hardware stack levels used:    1
 Hardware stack levels required when called:    6
 This function calls:
		_LCD_WriteData
 This function is called by:
		_main
 This function uses a non-reentrant model


 *************** function _LCD_WriteData *****************
 Defined at:
		line 47 in file "C:\Users\filip\programs\FuzzySI\firmware\lcd.c"
 Parameters:    Size  Location     Type
  Byte            1    wreg     unsigned char 
 Auto vars:     Size  Location     Type
  Byte            1    7[BANK2 ] unsigned char 
 Return value:  Size  Location     Type
		None               void
 Registers used:
		wreg
 Tracked objects:
		On entry : 
		On exit  : 
		Unchanged: 
 Data sizes:     COMMON   BANK0   BANK1   BANK3   BANK2
      Params:         0       0       0       0       0
      Locals:         0       0       0       0       1
      Temps:          0       0       0       0       1
      Totals:         0       0       0       0       2
Total ram usage:        2 bytes
 Hardware stack levels used:    1
 Hardware stack levels required when called:    5
 This function calls:
		Nothing
 This function is called by:
		_LCD_WriteString
 This function uses a non-reentrant model


 *************** function _LCD_Init *****************
 Defined at:
		line 87 in file "C:\Users\filip\programs\FuzzySI\firmware\lcd.c"
 Parameters:    Size  Location     Type
		None
 Auto vars:     Size  Location     Type
		None
 Return value:  Size  Location     Type
		None               void
 Registers used:
		wreg, status,2, status,0, pclath, cstack
 Tracked objects:
		On entry : 
		On exit  : 
		Unchanged: 
 Data sizes:     COMMON   BANK0   BANK1   BANK3   BANK2
      Params:         0       0       0       0       0
      Locals:         0       0       0       0       0
      Temps:          0       0       0       0       2
      Totals:         0       0       0       0       2
Total ram usage:        2 bytes
 Hardware stack levels used:    1
 Hardware stack levels required when called:    6
 This function calls:
		_LCD_WriteCmd
 This function is called by:
		_main
 This function uses a non-reentrant model


 *************** function _LCD_Cursor *****************
 Defined at:
		line 10 in file "C:\Users\filip\programs\FuzzySI\firmware\lcd.c"
 Parameters:    Size  Location     Type
  Row             1    wreg     unsigned char 
  Col             1    6[BANK2 ] unsigned char 
 Auto vars:     Size  Location     Type
  Row             1    8[BANK2 ] unsigned char 
 Return value:  Size  Location     Type
		None               void
 Registers used:
		wreg, status,2, status,0
 Tracked objects:
		On entry : 
		On exit  : 
		Unchanged: 
 Data sizes:     COMMON   BANK0   BANK1   BANK3   BANK2
      Params:         0       0       0       0       1
      Locals:         0       0       0       0       1
      Temps:          0       0       0       0       1
      Totals:         0       0       0       0       3
Total ram usage:        3 bytes
 Hardware stack levels used:    1
 Hardware stack levels required when called:    5
 This function calls:
		Nothing
 This function is called by:
		_main
 This function uses a non-reentrant model


 *************** function _LCD_Clear *****************
 Defined at:
		line 71 in file "C:\Users\filip\programs\FuzzySI\firmware\lcd.c"
 Parameters:    Size  Location     Type
		None
 Auto vars:     Size  Location     Type
		None
 Return value:  Size  Location     Type
		None               void
 Registers used:
		wreg, status,2, status,0, pclath, cstack
 Tracked objects:
		On entry : 
		On exit  : 
		Unchanged: 
 Data sizes:     COMMON   BANK0   BANK1   BANK3   BANK2
      Params:         0       0       0       0       0
      Locals:         0       0       0       0       0
      Temps:          0       0       0       0       2
      Totals:         0       0       0       0       2
Total ram usage:        2 bytes
 Hardware stack levels used:    1
 Hardware stack levels required when called:    6
 This function calls:
		_LCD_WriteCmd
 This function is called by:
		_main
 This function uses a non-reentrant model


 *************** function _LCD_WriteCmd *****************
 Defined at:
		line 32 in file "C:\Users\filip\programs\FuzzySI\firmware\lcd.c"
 Parameters:    Size  Location     Type
  Byte            1    wreg     unsigned char 
 Auto vars:     Size  Location     Type
  Byte            1    7[BANK2 ] unsigned char 
 Return value:  Size  Location     Type
		None               void
 Registers used:
		wreg
 Tracked objects:
		On entry : 
		On exit  : 
		Unchanged: 
 Data sizes:     COMMON   BANK0   BANK1   BANK3   BANK2
      Params:         0       0       0       0       0
      Locals:         0       0       0       0       1
      Temps:          0       0       0       0       1
      Totals:         0       0       0       0       2
Total ram usage:        2 bytes
 Hardware stack levels used:    1
 Hardware stack levels required when called:    5
 This function calls:
		Nothing
 This function is called by:
		_LCD_Clear
		_LCD_Init
 This function uses a non-reentrant model


 *************** function _ADC_Init *****************
 Defined at:
		line 6 in file "C:\Users\filip\programs\FuzzySI\firmware\adc.c"
 Parameters:    Size  Location     Type
		None
 Auto vars:     Size  Location     Type
		None
 Return value:  Size  Location     Type
		None               void
 Registers used:
		None
 Tracked objects:
		On entry : 
		On exit  : 
		Unchanged: 
 Data sizes:     COMMON   BANK0   BANK1   BANK3   BANK2
      Params:         0       0       0       0       0
      Locals:         0       0       0       0       0
      Temps:          0       0       0       0       0
      Totals:         0       0       0       0       0
Total ram usage:        0 bytes
 Hardware stack levels used:    1
 Hardware stack levels required when called:    5
 This function calls:
		Nothing
 This function is called by:
		_main
 This function uses a non-reentrant model


 *************** function _ISR *****************
 Defined at:
		line 132 in file "C:\Users\filip\programs\FuzzySI\firmware\main.c"
 Parameters:    Size  Location     Type
		None
 Auto vars:     Size  Location     Type
		None
 Return value:  Size  Location     Type
		None               void
 Registers used:
		wreg, status,2, status,0, pclath, cstack
 Tracked objects:
		On entry : 
		On exit  : 
		Unchanged: 
 Data sizes:     COMMON   BANK0   BANK1   BANK3   BANK2
      Params:         0       0       0       0       0
      Locals:         0       0       0       0       0
      Temps:          0       0       0       0       6
      Totals:         0       0       0       0       6
Total ram usage:        6 bytes
 Hardware stack levels used:    1
 Hardware stack levels required when called:    4
 This function calls:
		___ftdiv
		___ftmul
		___fttol
		___lwtoft
		_fuzzy
		i1_TIMER0_Set
 This function is called by:
		Interrupt level 1
 This function uses a non-reentrant model


 *************** function i1_TIMER0_Set *****************
 Defined at:
		line 20 in file "C:\Users\filip\programs\FuzzySI\firmware\timers.c"
 Parameters:    Size  Location     Type
  contagens       1    wreg     unsigned char 
 Auto vars:     Size  Location     Type
  contagens       1    0[COMMON] unsigned char 
 Return value:  Size  Location     Type
		None               void
 Registers used:
		wreg
 Tracked objects:
		On entry : 
		On exit  : 
		Unchanged: 
 Data sizes:     COMMON   BANK0   BANK1   BANK3   BANK2
      Params:         0       0       0       0       0
      Locals:         1       0       0       0       0
      Temps:          0       0       0       0       0
      Totals:         1       0       0       0       0
Total ram usage:        1 bytes
 Hardware stack levels used:    1
 This function calls:
		Nothing
 This function is called by:
		_ISR
 This function uses a non-reentrant model


 *************** function _fuzzy *****************
 Defined at:
		line 102 in file "C:\Users\filip\programs\FuzzySI\firmware\main.c"
 Parameters:    Size  Location     Type
		None
 Auto vars:     Size  Location     Type
  freiaM          3   93[BANK3 ] float 
  freia           3   90[BANK3 ] float 
  mantem          3   87[BANK3 ] float 
  acelera         3   84[BANK3 ] float 
  aceleraM        3   81[BANK3 ] float 
  maior           3   57[BANK0 ] float 
 Return value:  Size  Location     Type
		None               void
 Registers used:
		wreg, status,2, status,0, pclath, cstack
 Tracked objects:
		On entry : 
		On exit  : 
		Unchanged: 
 Data sizes:     COMMON   BANK0   BANK1   BANK3   BANK2
      Params:         0       0       0       0       0
      Locals:         0      21      78      96       0
      Temps:          0       0       0       0       0
      Totals:         0      21      78      96       0
Total ram usage:      195 bytes
 Hardware stack levels used:    1
 Hardware stack levels required when called:    3
 This function calls:
		___awtoft
		___ftge
		___ftmul
		___fttol
		_trapezoidal
		_triangular
		i1_PWM_DutyCycle2
 This function is called by:
		_ISR
 This function uses a non-reentrant model


 *************** function i1_PWM_DutyCycle2 *****************
 Defined at:
		line 96 in file "C:\Users\filip\programs\FuzzySI\firmware\pwm.c"
 Parameters:    Size  Location     Type
  valor           2   53[BANK0 ] int 
 Auto vars:     Size  Location     Type
		None
 Return value:  Size  Location     Type
		None               void
 Registers used:
		wreg, status,2, status,0
 Tracked objects:
		On entry : 
		On exit  : 
		Unchanged: 
 Data sizes:     COMMON   BANK0   BANK1   BANK3   BANK2
      Params:         0       2       0       0       0
      Locals:         0       0       0       0       0
      Temps:          0       2       0       0       0
      Totals:         0       4       0       0       0
Total ram usage:        4 bytes
 Hardware stack levels used:    1
 This function calls:
		Nothing
 This function is called by:
		_fuzzy
 This function uses a non-reentrant model


 *************** function _triangular *****************
 Defined at:
		line 66 in file "C:\Users\filip\programs\FuzzySI\firmware\main.c"
 Parameters:    Size  Location     Type
  x               3   23[BANK0 ] float 
  a               3   26[BANK0 ] float 
  b               3   29[BANK0 ] float 
  c               3   32[BANK0 ] float 
 Auto vars:     Size  Location     Type
  ua              3   35[BANK0 ] float 
 Return value:  Size  Location     Type
                  3   23[BANK0 ] float 
 Registers used:
		wreg, status,2, status,0, pclath, cstack
 Tracked objects:
		On entry : 
		On exit  : 
		Unchanged: 
 Data sizes:     COMMON   BANK0   BANK1   BANK3   BANK2
      Params:         0      12       0       0       0
      Locals:         0       3       0       0       0
      Temps:          0       0       0       0       0
      Totals:         0      15       0       0       0
Total ram usage:       15 bytes
 Hardware stack levels used:    1
 Hardware stack levels required when called:    2
 This function calls:
		___ftadd
		___ftdiv
		___ftge
		___ftneg
 This function is called by:
		_fuzzy
 This function uses a non-reentrant model


 *************** function _trapezoidal *****************
 Defined at:
		line 84 in file "C:\Users\filip\programs\FuzzySI\firmware\main.c"
 Parameters:    Size  Location     Type
  x               3   23[BANK0 ] float 
  a               3   26[BANK0 ] float 
  b               3   29[BANK0 ] float 
  c               3   32[BANK0 ] float 
  d               3   35[BANK0 ] float 
 Auto vars:     Size  Location     Type
  ua              3   38[BANK0 ] float 
 Return value:  Size  Location     Type
                  3   23[BANK0 ] float 
 Registers used:
		wreg, status,2, status,0, pclath, cstack
 Tracked objects:
		On entry : 
		On exit  : 
		Unchanged: 
 Data sizes:     COMMON   BANK0   BANK1   BANK3   BANK2
      Params:         0      15       0       0       0
      Locals:         0       3       0       0       0
      Temps:          0       0       0       0       0
      Totals:         0      18       0       0       0
Total ram usage:       18 bytes
 Hardware stack levels used:    1
 Hardware stack levels required when called:    2
 This function calls:
		___ftadd
		___ftdiv
		___ftge
		___ftneg
 This function is called by:
		_fuzzy
 This function uses a non-reentrant model


 *************** function ___ftneg *****************
 Defined at:
		line 15 in file "C:\Program Files (x86)\Microchip\xc8\v1.33\sources\common\ftneg.c"
 Parameters:    Size  Location     Type
  f1              3    0[COMMON] float 
 Auto vars:     Size  Location     Type
		None
 Return value:  Size  Location     Type
                  3    0[COMMON] float 
 Registers used:
		wreg
 Tracked objects:
		On entry : 
		On exit  : 
		Unchanged: 
 Data sizes:     COMMON   BANK0   BANK1   BANK3   BANK2
      Params:         3       0       0       0       0
      Locals:         0       0       0       0       0
      Temps:          0       0       0       0       0
      Totals:         3       0       0       0       0
Total ram usage:        3 bytes
 Hardware stack levels used:    1
 This function calls:
		Nothing
 This function is called by:
		_triangular
		_trapezoidal
 This function uses a non-reentrant model


 *************** function ___ftge *****************
 Defined at:
		line 4 in file "C:\Program Files (x86)\Microchip\xc8\v1.33\sources\common\ftge.c"
 Parameters:    Size  Location     Type
  ff1             3    0[COMMON] float 
  ff2             3    3[COMMON] float 
 Auto vars:     Size  Location     Type
		None
 Return value:  Size  Location     Type
		None               void
 Registers used:
		wreg, status,2, status,0
 Tracked objects:
		On entry : 
		On exit  : 
		Unchanged: 
 Data sizes:     COMMON   BANK0   BANK1   BANK3   BANK2
      Params:         6       0       0       0       0
      Locals:         0       0       0       0       0
      Temps:          6       0       0       0       0
      Totals:        12       0       0       0       0
Total ram usage:       12 bytes
 Hardware stack levels used:    1
 This function calls:
		Nothing
 This function is called by:
		_triangular
		_trapezoidal
		_fuzzy
 This function uses a non-reentrant model


 *************** function ___ftdiv *****************
 Defined at:
		line 49 in file "C:\Program Files (x86)\Microchip\xc8\v1.33\sources\pic\ftdiv.c"
 Parameters:    Size  Location     Type
  f2              3    7[BANK0 ] float 
  f1              3   10[BANK0 ] float 
 Auto vars:     Size  Location     Type
  f3              3   18[BANK0 ] float 
  sign            1   22[BANK0 ] unsigned char 
  exp             1   21[BANK0 ] unsigned char 
  cntr            1   17[BANK0 ] unsigned char 
 Return value:  Size  Location     Type
                  3    7[BANK0 ] float 
 Registers used:
		wreg, status,2, status,0, pclath, cstack
 Tracked objects:
		On entry : 
		On exit  : 
		Unchanged: 
 Data sizes:     COMMON   BANK0   BANK1   BANK3   BANK2
      Params:         0       6       0       0       0
      Locals:         0       6       0       0       0
      Temps:          0       4       0       0       0
      Totals:         0      16       0       0       0
Total ram usage:       16 bytes
 Hardware stack levels used:    1
 Hardware stack levels required when called:    1
 This function calls:
		___ftpack
 This function is called by:
		_triangular
		_trapezoidal
		_ISR
 This function uses a non-reentrant model


 *************** function ___ftadd *****************
 Defined at:
		line 86 in file "C:\Program Files (x86)\Microchip\xc8\v1.33\sources\common\ftadd.c"
 Parameters:    Size  Location     Type
  f1              3    8[COMMON] float 
  f2              3   11[COMMON] float 
 Auto vars:     Size  Location     Type
  exp1            1    6[BANK0 ] unsigned char 
  exp2            1    5[BANK0 ] unsigned char 
  sign            1    4[BANK0 ] unsigned char 
 Return value:  Size  Location     Type
                  3    8[COMMON] float 
 Registers used:
		wreg, status,2, status,0, pclath, cstack
 Tracked objects:
		On entry : 
		On exit  : 
		Unchanged: 
 Data sizes:     COMMON   BANK0   BANK1   BANK3   BANK2
      Params:         6       0       0       0       0
      Locals:         0       3       0       0       0
      Temps:          0       4       0       0       0
      Totals:         6       7       0       0       0
Total ram usage:       13 bytes
 Hardware stack levels used:    1
 Hardware stack levels required when called:    1
 This function calls:
		___ftpack
 This function is called by:
		_triangular
		_trapezoidal
 This function uses a non-reentrant model


 *************** function ___fttol *****************
 Defined at:
		line 44 in file "C:\Program Files (x86)\Microchip\xc8\v1.33\sources\common\fttol.c"
 Parameters:    Size  Location     Type
  f1              3   39[BANK0 ] float 
 Auto vars:     Size  Location     Type
  lval            4   48[BANK0 ] unsigned long 
  exp1            1   52[BANK0 ] unsigned char 
  sign1           1   47[BANK0 ] unsigned char 
 Return value:  Size  Location     Type
                  4   39[BANK0 ] long 
 Registers used:
		wreg, status,2, status,0
 Tracked objects:
		On entry : 
		On exit  : 
		Unchanged: 
 Data sizes:     COMMON   BANK0   BANK1   BANK3   BANK2
      Params:         0       4       0       0       0
      Locals:         0       6       0       0       0
      Temps:          0       4       0       0       0
      Totals:         0      14       0       0       0
Total ram usage:       14 bytes
 Hardware stack levels used:    1
 This function calls:
		Nothing
 This function is called by:
		_fuzzy
		_ISR
 This function uses a non-reentrant model


 *************** function ___ftmul *****************
 Defined at:
		line 62 in file "C:\Program Files (x86)\Microchip\xc8\v1.33\sources\common\ftmul.c"
 Parameters:    Size  Location     Type
  f1              3   23[BANK0 ] float 
  f2              3   26[BANK0 ] float 
 Auto vars:     Size  Location     Type
  f3_as_produc    3   34[BANK0 ] unsigned um
  sign            1   38[BANK0 ] unsigned char 
  cntr            1   37[BANK0 ] unsigned char 
  exp             1   33[BANK0 ] unsigned char 
 Return value:  Size  Location     Type
                  3   23[BANK0 ] float 
 Registers used:
		wreg, status,2, status,0, pclath, cstack
 Tracked objects:
		On entry : 
		On exit  : 
		Unchanged: 
 Data sizes:     COMMON   BANK0   BANK1   BANK3   BANK2
      Params:         0       6       0       0       0
      Locals:         0       6       0       0       0
      Temps:          0       4       0       0       0
      Totals:         0      16       0       0       0
Total ram usage:       16 bytes
 Hardware stack levels used:    1
 Hardware stack levels required when called:    1
 This function calls:
		___ftpack
 This function is called by:
		_fuzzy
		_ISR
 This function uses a non-reentrant model


 *************** function ___awtoft *****************
 Defined at:
		line 32 in file "C:\Program Files (x86)\Microchip\xc8\v1.33\sources\common\awtoft.c"
 Parameters:    Size  Location     Type
  c               2    8[COMMON] int 
 Auto vars:     Size  Location     Type
  sign            1   13[COMMON] unsigned char 
 Return value:  Size  Location     Type
                  3    8[COMMON] float 
 Registers used:
		wreg, status,2, status,0, pclath, cstack
 Tracked objects:
		On entry : 
		On exit  : 
		Unchanged: 
 Data sizes:     COMMON   BANK0   BANK1   BANK3   BANK2
      Params:         3       0       0       0       0
      Locals:         1       0       0       0       0
      Temps:          2       0       0       0       0
      Totals:         6       0       0       0       0
Total ram usage:        6 bytes
 Hardware stack levels used:    1
 Hardware stack levels required when called:    1
 This function calls:
		___ftpack
 This function is called by:
		_fuzzy
 This function uses a non-reentrant model


 *************** function ___lwtoft *****************
 Defined at:
		line 28 in file "C:\Program Files (x86)\Microchip\xc8\v1.33\sources\common\lwtoft.c"
 Parameters:    Size  Location     Type
  c               2    8[COMMON] unsigned int 
 Auto vars:     Size  Location     Type
		None
 Return value:  Size  Location     Type
                  3    8[COMMON] float 
 Registers used:
		wreg, status,2, status,0, pclath, cstack
 Tracked objects:
		On entry : 
		On exit  : 
		Unchanged: 
 Data sizes:     COMMON   BANK0   BANK1   BANK3   BANK2
      Params:         3       0       0       0       0
      Locals:         0       0       0       0       0
      Temps:          1       0       0       0       0
      Totals:         4       0       0       0       0
Total ram usage:        4 bytes
 Hardware stack levels used:    1
 Hardware stack levels required when called:    1
 This function calls:
		___ftpack
 This function is called by:
		_ISR
 This function uses a non-reentrant model


 *************** function ___ftpack *****************
 Defined at:
		line 62 in file "C:\Program Files (x86)\Microchip\xc8\v1.33\sources\common\float.c"
 Parameters:    Size  Location     Type
  arg             3    0[COMMON] unsigned um
  exp             1    3[COMMON] unsigned char 
  sign            1    4[COMMON] unsigned char 
 Auto vars:     Size  Location     Type
		None
 Return value:  Size  Location     Type
                  3    0[COMMON] float 
 Registers used:
		wreg, status,2, status,0
 Tracked objects:
		On entry : 
		On exit  : 
		Unchanged: 
 Data sizes:     COMMON   BANK0   BANK1   BANK3   BANK2
      Params:         5       0       0       0       0
      Locals:         0       0       0       0       0
      Temps:          3       0       0       0       0
      Totals:         8       0       0       0       0
Total ram usage:        8 bytes
 Hardware stack levels used:    1
 This function calls:
		Nothing
 This function is called by:
		___awtoft
		___ftadd
		___ftdiv
		___ftmul
		___lwtoft
 This function uses a non-reentrant model



MODULE INFORMATION

Module		Function		Class		Link	Load	Size
C:\Program Files (x86)\Microchip\xc8\v1.33\sources\common\ftneg.c
		___ftneg       		CODE           	105E	0000	8

C:\Program Files (x86)\Microchip\xc8\v1.33\sources\common\ftneg.c estimated size: 8

C:\Program Files (x86)\Microchip\xc8\v1.33\sources\common\ftge.c
		___ftge        		CODE           	120C	0000	93

C:\Program Files (x86)\Microchip\xc8\v1.33\sources\common\ftge.c estimated size: 93

C:\Program Files (x86)\Microchip\xc8\v1.33\sources\common\doprnt.c
		_sprintf       		CODE           	0B8B	0000	439

C:\Program Files (x86)\Microchip\xc8\v1.33\sources\common\doprnt.c estimated size: 439

C:\Program Files (x86)\Microchip\xc8\v1.33\sources\common\float.c
		___ftpack      		CODE           	1269	0000	104

C:\Program Files (x86)\Microchip\xc8\v1.33\sources\common\float.c estimated size: 104

C:\Users\filip\programs\FuzzySI\firmware\usart.c
		_USART_Init    		CODE           	11C1	0000	75

C:\Users\filip\programs\FuzzySI\firmware\usart.c estimated size: 75

C:\Program Files (x86)\Microchip\xc8\v1.33\sources\common\lwmod.c
		___lwmod       		CODE           	114B	0000	54

C:\Program Files (x86)\Microchip\xc8\v1.33\sources\common\lwmod.c estimated size: 54

C:\Program Files (x86)\Microchip\xc8\v1.33\sources\common\Umul16.c
		___wmul        		CODE           	10CC	0000	37

C:\Program Files (x86)\Microchip\xc8\v1.33\sources\common\Umul16.c estimated size: 37

C:\Users\filip\programs\FuzzySI\firmware\pwm.c
		_PWM_DutyCycle1		CODE           	1066	0000	33
		_PWM_DutyCycle2		CODE           	1087	0000	33
		_PWM_Init      		CODE           	10A8	0000	36

C:\Users\filip\programs\FuzzySI\firmware\pwm.c estimated size: 102

C:\Users\filip\programs\FuzzySI\firmware\adc.c
		_ADC_Init      		CODE           	1F50	0000	18

C:\Users\filip\programs\FuzzySI\firmware\adc.c estimated size: 18

C:\Users\filip\programs\FuzzySI\firmware\timers.c
		_TIMER0_Set    		CODE           	0801	0000	8
		_TIMER0_Init   		CODE           	1F35	0000	11

C:\Users\filip\programs\FuzzySI\firmware\timers.c estimated size: 19

C:\Program Files (x86)\Microchip\xc8\v1.33\sources\common\ftmul.c
		___ftmul       		CODE           	153E	0000	211

C:\Program Files (x86)\Microchip\xc8\v1.33\sources\common\ftmul.c estimated size: 211

C:\Program Files (x86)\Microchip\xc8\v1.33\sources\common\lwdiv.c
		___lwdiv       		CODE           	1181	0000	64

C:\Program Files (x86)\Microchip\xc8\v1.33\sources\common\lwdiv.c estimated size: 64

shared
		i1_TIMER0_Set  		CODE           	1F2F	0000	6
		__stringtab    		STRING         	1000	0000	16
		i1_PWM_DutyCycl		CODE           	1FA4	0000	27
		__stringdata   		STRING         	101A	0000	68
		_dpowers       		STRING         	1010	0000	10
		__initializatio		CODE           	0019	0000	39

shared estimated size: 166

C:\Program Files (x86)\Microchip\xc8\v1.33\sources\common\aldiv.c
		___aldiv       		CODE           	0769	0000	143

C:\Program Files (x86)\Microchip\xc8\v1.33\sources\common\aldiv.c estimated size: 143

C:\Users\filip\programs\FuzzySI\firmware\lcd.c
		_LCD_Init      		CODE           	12D1	0000	109
		_LCD_WriteStrin		CODE           	111A	0000	49
		_LCD_Clear     		CODE           	10F1	0000	41
		_LCD_Cursor    		CODE           	1FBF	0000	32
		_LCD_WriteCmd  		CODE           	1F76	0000	23
		_LCD_WriteData 		CODE           	1F8D	0000	23

C:\Users\filip\programs\FuzzySI\firmware\lcd.c estimated size: 277

C:\Program Files (x86)\Microchip\xc8\v1.33\sources\common\fttol.c
		___fttol       		CODE           	133E	0000	142

C:\Program Files (x86)\Microchip\xc8\v1.33\sources\common\fttol.c estimated size: 142

C:\Program Files (x86)\Microchip\xc8\v1.33\sources\common\awtoft.c
		___awtoft      		CODE           	1FDF	0000	33

C:\Program Files (x86)\Microchip\xc8\v1.33\sources\common\awtoft.c estimated size: 33

C:\Users\filip\programs\FuzzySI\firmware\main.c
		_ISR           		CODE           	1484	0000	186
		_fuzzy         		CODE           	0D42	0000	4294965799
		_main          		CODE           	1611	0000	232
		_trapezoidal   		CODE           	0A3B	0000	336
		_triangular    		CODE           	091D	0000	286

C:\Users\filip\programs\FuzzySI\firmware\main.c estimated size: 4294966839

C:\Program Files (x86)\Microchip\xc8\v1.33\sources\common\ftadd.c
		___ftadd       		CODE           	16F9	0000	263

C:\Program Files (x86)\Microchip\xc8\v1.33\sources\common\ftadd.c estimated size: 263

C:\Program Files (x86)\Microchip\xc8\v1.33\sources\pic\ftdiv.c
		___ftdiv       		CODE           	13CC	0000	184

C:\Program Files (x86)\Microchip\xc8\v1.33\sources\pic\ftdiv.c estimated size: 184

C:\Program Files (x86)\Microchip\xc8\v1.33\sources\common\lwtoft.c
		___lwtoft      		CODE           	1F62	0000	20

C:\Program Files (x86)\Microchip\xc8\v1.33\sources\common\lwtoft.c estimated size: 20

C:\Program Files (x86)\Microchip\xc8\v1.33\sources\common\isdigit.c
		_isdigit       		CODE           	1F40	0000	16

C:\Program Files (x86)\Microchip\xc8\v1.33\sources\common\isdigit.c estimated size: 16

