Microchip MPLAB XC8 Compiler V1.33 ()

Linker command line:

--edf=C:\Program Files (x86)\Microchip\xc8\v1.33\dat\en_msgs.txt -cs \
  -h+PIC16F877A.sym --cmf=PIC16F877A.cmf -z -Q16F877A \
  -oC:\Users\332414\AppData\Local\Temp\saj4.6 -MPIC16F877A.map -E1 -ver=XC8 \
  -ASTACK=0110h-016fh -pstack=STACK -ACONST=00h-0FFhx32 -ACODE=00h-07FFhx4 \
  -ASTRCODE=00h-01FFFh -AENTRY=00h-0FFhx32 -ASTRING=00h-0FFhx32 \
  -ACOMMON=070h-07Fh -ABANK0=020h-06Fh -ABANK1=0A0h-0EFh \
  -ABANK2=0110h-016Fh -ABANK3=0190h-01EFh \
  -ARAM=020h-06Fh,0A0h-0EFh,0110h-016Fh,0190h-01EFh \
  -AABS1=020h-07Fh,0A0h-0EFh,0110h-016Fh,0190h-01EFh -ASFR0=00h-01Fh \
  -ASFR1=080h-09Fh -ASFR2=0100h-010Fh -ASFR3=0180h-018Fh \
  -preset_vec=00h,intentry=04h,init,end_init -ppowerup=CODE -pcinit=CODE \
  -pfunctab=CODE -ACONFIG=02007h-02007h -pconfig=CONFIG -DCONFIG=2 \
  -AIDLOC=02000h-02003h -pidloc=IDLOC -DIDLOC=2 -AEEDATA=00h-0FFh/02100h \
  -peeprom_data=EEDATA -DEEDATA=2 -DCODE=2 -DSTRCODE=2 -DSTRING=2 -DCONST=2 \
  -DENTRY=2 -k startup.obj PIC16F877A.obj 

Object code version is 3.11

Machine type is 16F877A



                Name                               Link     Load   Length Selector   Space Scale
startup.obj     end_init                             12       12        3        8       0
                reset_vec                             0        0        3        0       0
                config                             2007     2007        1     400E       0
PIC16F877A.obj  cinit                                15       15       21        8       0
                intentry                              4        4        E        8       0
                text27                              678      678       68        8       0
                text26                              3A0      3A0       B8        8       0
                text25                              2CD      2CD       D3        8       0
                text24                              57F      57F       8E        8       0
                text23                              E9F      E9F       14     1D3E       0
                text22                              ECA      ECA       1B     1D94       0
                text21                              E5C      E5C        6     1CB8       0
                text20                              458      458       98        8       0
                text19                              E8D      E8D       12     1D1A       0
                text18                              EB3      EB3       17     1D66       0
                text17                              F70      F70       29     1EE0       0
                text16                              6E0      6E0       20        8       0
                text15                              60D      60D       6B        8       0
                text14                              7E7      7E7       17      EBC       0
                text13                              F99      F99       31     1F32       0
                text12                              EE5      EE5       21     1DCA       0
                text11                              F06      F06       21     1E0C       0
                text10                              F27      F27       24     1E4E       0
                text9                               E72      E72        B     1CE4       0
                text8                               E62      E62        8     1CC4       0
                text7                               4F0      4F0       8F        8       0
                text6                               75E      75E       49      EBC       0
                text5                               7A7      7A7       40      EBC       0
                text4                               FCA      FCA       36     1F94       0
                text3                               F4B      F4B       25     1E96       0
                text2                               E7D      E7D       10     1CFA       0
                text1                                36       36      1B7        8       0
                maintext                            1ED      1ED       E0        8       0
                cstackBANK0                          20       20       34       20       1
                cstackCOMMON                         70       70        C       70       1
                cstackBANK1                          A0       A0       22       A0       1
                clrtext                             E6A      E6A        8     1CD4       0
                bssBANK1                             C2       C2       18       A0       1
                dataBANK0                            69       69        2       20       1
                bssBANK0                             54       54       15       20       1
                bssCOMMON                            7C       7C        2       70       1
                strings                             700      700       5E      E00       0
                idataBANK0                          7FE      7FE        2      EBC       0

TOTAL           Name                               Link     Load   Length     Space
        CLASS   STACK          

        CLASS   CONST          

        CLASS   CODE           
                end_init                             12       12        3         0
                cinit                                15       15       21         0
                intentry                              4        4        E         0
                reset_vec                             0        0        3         0
                text27                              678      678       68         0
                text26                              3A0      3A0       B8         0
                text25                              2CD      2CD       D3         0
                text24                              57F      57F       8E         0
                text23                              E9F      E9F       14         0
                text22                              ECA      ECA       1B         0
                text21                              E5C      E5C        6         0
                text20                              458      458       98         0
                text19                              E8D      E8D       12         0
                text18                              EB3      EB3       17         0
                text17                              F70      F70       29         0
                text16                              6E0      6E0       20         0
                text15                              60D      60D       6B         0
                text14                              7E7      7E7       17         0
                text13                              F99      F99       31         0
                text12                              EE5      EE5       21         0
                text11                              F06      F06       21         0
                text10                              F27      F27       24         0
                text9                               E72      E72        B         0
                text8                               E62      E62        8         0
                text7                               4F0      4F0       8F         0
                text6                               75E      75E       49         0
                text5                               7A7      7A7       40         0
                text4                               FCA      FCA       36         0
                text3                               F4B      F4B       25         0
                text2                               E7D      E7D       10         0
                text1                                36       36      1B7         0
                maintext                            1ED      1ED       E0         0
                clrtext                             E6A      E6A        8         0
                idataBANK0                          7FE      7FE        2         0

        CLASS   STRCODE        

        CLASS   ENTRY          

        CLASS   STRING         
                strings                             700      700       5E         0

        CLASS   COMMON         
                cstackCOMMON                         70       70        C         1
                bssCOMMON                            7C       7C        2         1

        CLASS   BANK0          
                cstackBANK0                          20       20       34         1
                dataBANK0                            69       69        2         1
                bssBANK0                             54       54       15         1

        CLASS   BANK1          
                cstackBANK1                          A0       A0       22         1
                bssBANK1                             C2       C2       18         1

        CLASS   BANK2          

        CLASS   BANK3          

        CLASS   RAM            

        CLASS   ABS1           
                abs_s1                               7E       7E        2         1

        CLASS   SFR0           

        CLASS   SFR1           

        CLASS   SFR2           

        CLASS   SFR3           

        CLASS   CONFIG         
                config                             2007     2007        1         0

        CLASS   IDLOC          

        CLASS   EEDATA         



SEGMENTS        Name                           Load    Length   Top    Selector   Space  Class     Delta

                reset_vec                      000000  000003  000003         0       0  CODE        2
                intentry                       000004  0006FC  000700         8       0  CODE        2
                cstackBANK0                    000020  00004B  00006B        20       1  BANK0       1
                cstackCOMMON                   000070  00000E  00007E        70       1  COMMON      1
                cstackBANK1                    0000A0  00003A  0000DA        A0       1  BANK1       1
                strings                        000700  00005E  00075E       E00       0  STRING      2
                text6                          00075E  0000A2  000800       EBC       0  CODE        2
                text21                         000E5C  000006  000E62      1CB8       0  CODE        2
                text8                          000E62  000008  000E6A      1CC4       0  CODE        2
                clrtext                        000E6A  000008  000E72      1CD4       0  CODE        2
                text9                          000E72  00000B  000E7D      1CE4       0  CODE        2
                text2                          000E7D  000010  000E8D      1CFA       0  CODE        2
                text19                         000E8D  000012  000E9F      1D1A       0  CODE        2
                text23                         000E9F  000014  000EB3      1D3E       0  CODE        2
                text18                         000EB3  000017  000ECA      1D66       0  CODE        2
                text22                         000ECA  00001B  000EE5      1D94       0  CODE        2
                text12                         000EE5  000021  000F06      1DCA       0  CODE        2
                text11                         000F06  000021  000F27      1E0C       0  CODE        2
                text10                         000F27  000024  000F4B      1E4E       0  CODE        2
                text3                          000F4B  000025  000F70      1E96       0  CODE        2
                text17                         000F70  000029  000F99      1EE0       0  CODE        2
                text13                         000F99  000031  000FCA      1F32       0  CODE        2
                text4                          000FCA  000036  001000      1F94       0  CODE        2
                config                         002007  000001  002008      400E       0  CONFIG      2


UNUSED ADDRESS RANGES

        Name                Unused          Largest block    Delta
        BANK0            006B-006F              5           1
        BANK1            00DA-00EF             16           1
        BANK2            0110-016F             60           1
        BANK3            0190-01EF             60           1
        CODE             0003-0003              1           2
                         0800-0E5B            65C
                         1000-1FFF            800
        CONST            0003-0003              1           2
                         0800-0E5B            100
                         1000-1FFF            100
        EEDATA           2100-21FF            100           2
        ENTRY            0003-0003              1           2
                         0800-0E5B            100
                         1000-1FFF            100
        IDLOC            2000-2003              4           2
        RAM              006B-006F              5           1
                         00DA-00EF             16
                         0110-016F             60
                         0190-01EF             60
        SFR0             0000-001F             20           1
        SFR1             0080-009F             20           1
        SFR2             0100-010F             10           1
        SFR3             0180-018F             10           1
        STACK            0110-016F             60           1
        STRCODE          0003-0003              1           2
                         0800-0E5B            65C
                         1000-1FFF           1000
        STRING           0003-0003              1           2
                         0800-0E5B            100
                         1000-1FFF            100

                                  Symbol Table

?___aldiv                  cstackBANK1  00A0
?___ftdiv                  cstackBANK0  0020
?___ftmul                  cstackBANK0  0030
?___ftpack                 cstackCOMMON 0070
?___fttol                  cstackBANK0  0040
?___lwdiv                  cstackBANK1  00A0
?___lwmod                  cstackBANK1  00A8
?___lwtoft                 cstackCOMMON 0078
?___wmul                   cstackBANK1  00A0
?_sprintf                  cstackBANK1  00AE
LCD_Cursor@Col             cstackBANK1  00A0
LCD_Cursor@Row             cstackBANK1  00A2
LCD_WriteCmd@Byte          cstackBANK1  00A1
LCD_WriteData@Byte         cstackBANK1  00A1
LCD_WriteString@Str        cstackBANK1  00A2
PWM_DutyCycle1@valor       cstackBANK1  00A0
PWM_DutyCycle2@valor       cstackBANK1  00A0
TIMER0_Set@contagens       cstackBANK1  00A0
USART_Init@BaudRate        cstackBANK1  00AF
_ADCON0bits                (abs)        001F
_ADCON1bits                (abs)        009F
_ADCResult                 bssBANK0     0057
_ADC_Init                  text19       0E8D
_ADRESH                    (abs)        001E
_ADRESL                    (abs)        009E
_CCP1CON                   (abs)        0017
_CCP1CONbits               (abs)        0017
_CCP2CON                   (abs)        001D
_CCP2CONbits               (abs)        001D
_CCPR1L                    (abs)        0015
_CCPR2L                    (abs)        001B
_EEADR                     (abs)        010D
_EECON1bits                (abs)        018C
_EECON2                    (abs)        018D
_EEDATA                    (abs)        010C
_INTCONbits                (abs)        000B
_ISR                       text20       0458
_LCD_Clear                 text17       0F70
_LCD_Cursor                text16       06E0
_LCD_Init                  text15       060D
_LCD_WriteCmd              text18       0EB3
_LCD_WriteData             text14       07E7
_LCD_WriteString           text13       0F99
_OERR                      (abs)        00C1
_OPTION_REGbits            (abs)        0081
_PIE1bits                  (abs)        008C
_PIE2bits                  (abs)        008D
_PIR1bits                  (abs)        000C
_PIR2bits                  (abs)        000D
_PORTA                     (abs)        0005
_PORTB                     (abs)        0006
_PORTBbits                 (abs)        0006
_PORTC                     (abs)        0007
_PORTD                     (abs)        0008
_PORTE                     (abs)        0009
_PORTEbits                 (abs)        0009
_PR2                       (abs)        0092
_PWM_DutyCycle1            text12       0EE5
_PWM_DutyCycle2            text11       0F06
_PWM_Init                  text10       0F27
_RCREG                     (abs)        001A
_RCSTAbits                 (abs)        0018
_SPBRG                     (abs)        0099
_SSPADD                    (abs)        0093
_SSPBUF                    (abs)        0013
_SSPCON2                   (abs)        0091
_SSPCON2bits               (abs)        0091
_SSPCONbits                (abs)        0014
_SSPSTATbits               (abs)        0094
_T1CON                     (abs)        0010
_T1CONbits                 (abs)        0010
_T2CONbits                 (abs)        0012
_TIMER0_Init               text9        0E72
_TIMER0_Set                text8        0E62
_TMR0                      (abs)        0001
_TMR1                      (abs)        000E
_TMR1H                     (abs)        000F
_TMR1L                     (abs)        000E
_TRISA                     (abs)        0085
_TRISB                     (abs)        0086
_TRISC                     (abs)        0087
_TRISD                     (abs)        0088
_TRISE                     (abs)        0089
_TXREG                     (abs)        0019
_TXSTAbits                 (abs)        0098
_USART_Init                text6        075E
__CFG_BOREN$OFF            (abs)        0000
__CFG_CP$OFF               (abs)        0000
__CFG_CPD$OFF              (abs)        0000
__CFG_FOSC$HS              (abs)        0000
__CFG_LVP$OFF              (abs)        0000
__CFG_PWRTE$ON             (abs)        0000
__CFG_WDTE$OFF             (abs)        0000
__Habs1                    abs1         0000
__Hbank0                   bank0        0000
__Hbank1                   bank1        0000
__Hbank2                   bank2        0000
__Hbank3                   bank3        0000
__HbssBANK0                bssBANK0     0000
__HbssBANK1                bssBANK1     0000
__HbssCOMMON               bssCOMMON    0000
__Hcinit                   cinit        0036
__Hclrtext                 clrtext      0000
__Hcode                    code         0000
__Hcommon                  common       0000
__Hconfig                  config       2008
__HcstackBANK0             cstackBANK0  0000
__HcstackBANK1             cstackBANK1  0000
__HcstackCOMMON            cstackCOMMON 0000
__HdataBANK0               dataBANK0    0000
__Heeprom_data             eeprom_data  0000
__Hend_init                end_init     0015
__Hfunctab                 functab      0000
__HidataBANK0              idataBANK0   0000
__Hidloc                   idloc        0000
__Hinit                    init         0012
__Hintentry                intentry     0012
__Hmaintext                maintext     0000
__Hpowerup                 powerup      0000
__Hram                     ram          0000
__Hreset_vec               reset_vec    0003
__Hsfr0                    sfr0         0000
__Hsfr1                    sfr1         0000
__Hsfr2                    sfr2         0000
__Hsfr3                    sfr3         0000
__Hspace_0                 (abs)        2008
__Hspace_1                 (abs)        00DA
__Hspace_2                 (abs)        0000
__Hspace_3                 (abs)        0000
__Hstack                   stack        0000
__Hstrings                 strings      0000
__Htext                    text         0000
__Labs1                    abs1         0000
__Lbank0                   bank0        0000
__Lbank1                   bank1        0000
__Lbank2                   bank2        0000
__Lbank3                   bank3        0000
__LbssBANK0                bssBANK0     0000
__LbssBANK1                bssBANK1     0000
__LbssCOMMON               bssCOMMON    0000
__Lcinit                   cinit        0015
__Lclrtext                 clrtext      0000
__Lcode                    code         0000
__Lcommon                  common       0000
__Lconfig                  config       2007
__LcstackBANK0             cstackBANK0  0000
__LcstackBANK1             cstackBANK1  0000
__LcstackCOMMON            cstackCOMMON 0000
__LdataBANK0               dataBANK0    0000
__Leeprom_data             eeprom_data  0000
__Lend_init                end_init     0012
__Lfunctab                 functab      0000
__LidataBANK0              idataBANK0   0000
__Lidloc                   idloc        0000
__Linit                    init         0012
__Lintentry                intentry     0004
__Lmaintext                maintext     0000
__Lpowerup                 powerup      0000
__Lram                     ram          0000
__Lreset_vec               reset_vec    0000
__Lsfr0                    sfr0         0000
__Lsfr1                    sfr1         0000
__Lsfr2                    sfr2         0000
__Lsfr3                    sfr3         0000
__Lspace_0                 (abs)        0000
__Lspace_1                 (abs)        0000
__Lspace_2                 (abs)        0000
__Lspace_3                 (abs)        0000
__Lstack                   stack        0000
__Lstrings                 strings      0000
__Ltext                    text         0000
__S0                       (abs)        2008
__S1                       (abs)        00DA
__S2                       (abs)        0000
__S3                       (abs)        0000
___aldiv                   text7        04F0
___aldiv@counter           cstackBANK1  00A9
___aldiv@dividend          cstackBANK1  00A4
___aldiv@divisor           cstackBANK1  00A0
___aldiv@quotient          cstackBANK1  00AB
___aldiv@sign              cstackBANK1  00AA
___ftdiv                   text26       03A0
___ftdiv@cntr              cstackBANK0  002A
___ftdiv@exp               cstackBANK0  002E
___ftdiv@f1                cstackBANK0  0023
___ftdiv@f2                cstackBANK0  0020
___ftdiv@f3                cstackBANK0  002B
___ftdiv@sign              cstackBANK0  002F
___ftmul                   text25       02CD
___ftmul@cntr              cstackBANK0  003E
___ftmul@exp               cstackBANK0  003A
___ftmul@f1                cstackBANK0  0030
___ftmul@f2                cstackBANK0  0033
___ftmul@f3_as_product     cstackBANK0  003B
___ftmul@sign              cstackBANK0  003F
___ftpack                  text27       0678
___ftpack@arg              cstackCOMMON 0070
___ftpack@exp              cstackCOMMON 0073
___ftpack@sign             cstackCOMMON 0074
___fttol                   text24       057F
___fttol@exp1              cstackBANK0  004D
___fttol@f1                cstackBANK0  0040
___fttol@lval              cstackBANK0  0049
___fttol@sign1             cstackBANK0  0048
___int_sp                  stack        0000
___latbits                 (abs)        0002
___lwdiv                   text5        07A7
___lwdiv@counter           cstackBANK1  00A7
___lwdiv@dividend          cstackBANK1  00A2
___lwdiv@divisor           cstackBANK1  00A0
___lwdiv@quotient          cstackBANK1  00A5
___lwmod                   text4        0FCA
___lwmod@counter           cstackBANK1  00AD
___lwmod@dividend          cstackBANK1  00AA
___lwmod@divisor           cstackBANK1  00A8
___lwtoft                  text23       0E9F
___lwtoft@c                cstackCOMMON 0078
___sp                      stack        0000
___wmul                    text3        0F4B
___wmul@multiplicand       cstackBANK1  00A2
___wmul@multiplier         cstackBANK1  00A0
___wmul@product            cstackBANK1  00A4
__end_of_ADC_Init          text19       0E9F
__end_of_ISR               text20       04F0
__end_of_LCD_Clear         text17       0F99
__end_of_LCD_Cursor        text16       0700
__end_of_LCD_Init          text15       0678
__end_of_LCD_WriteCmd      text18       0ECA
__end_of_LCD_WriteData     text14       07FE
__end_of_LCD_WriteString   text13       0FCA
__end_of_PWM_DutyCycle1    text12       0F06
__end_of_PWM_DutyCycle2    text11       0F27
__end_of_PWM_Init          text10       0F4B
__end_of_TIMER0_Init       text9        0E7D
__end_of_TIMER0_Set        text8        0E6A
__end_of_USART_Init        text6        07A7
__end_of___aldiv           text7        057F
__end_of___ftdiv           text26       0458
__end_of___ftmul           text25       03A0
__end_of___ftpack          text27       06E0
__end_of___fttol           text24       060D
__end_of___lwdiv           text5        07E7
__end_of___lwmod           text4        1000
__end_of___lwtoft          text23       0EB3
__end_of___wmul            text3        0F70
__end_of__initialization   cinit        0032
__end_of__stringdata       strings      075E
__end_of__stringtab        strings      0710
__end_of_dpowers           strings      071A
__end_of_isdigit           text2        0E8D
__end_of_main              maintext     02CD
__end_of_sprintf           text1        01ED
__end_ofi1_PWM_DutyCycle2  text22       0EE5
__end_ofi1_TIMER0_Set      text21       0E62
__initialization           cinit        0015
__pbssBANK0                bssBANK0     0054
__pbssBANK1                bssBANK1     00C2
__pbssCOMMON               bssCOMMON    007C
__pcstackBANK0             cstackBANK0  0020
__pcstackBANK1             cstackBANK1  00A0
__pcstackCOMMON            cstackCOMMON 0070
__pdataBANK0               dataBANK0    0069
__pidataBANK0              idataBANK0   07FE
__pintentry                intentry     0004
__pmaintext                maintext     01ED
__pstrings                 strings      0700
__ptext1                   text1        0036
__ptext10                  text10       0F27
__ptext11                  text11       0F06
__ptext12                  text12       0EE5
__ptext13                  text13       0F99
__ptext14                  text14       07E7
__ptext15                  text15       060D
__ptext16                  text16       06E0
__ptext17                  text17       0F70
__ptext18                  text18       0EB3
__ptext19                  text19       0E8D
__ptext2                   text2        0E7D
__ptext20                  text20       0458
__ptext21                  text21       0E5C
__ptext22                  text22       0ECA
__ptext23                  text23       0E9F
__ptext24                  text24       057F
__ptext25                  text25       02CD
__ptext26                  text26       03A0
__ptext27                  text27       0678
__ptext3                   text3        0F4B
__ptext4                   text4        0FCA
__ptext5                   text5        07A7
__ptext6                   text6        075E
__ptext7                   text7        04F0
__ptext8                   text8        0E62
__ptext9                   text9        0E72
__size_of_ADC_Init         (abs)        0000
__size_of_ISR              (abs)        0000
__size_of_LCD_Clear        (abs)        0000
__size_of_LCD_Cursor       (abs)        0000
__size_of_LCD_Init         (abs)        0000
__size_of_LCD_WriteCmd     (abs)        0000
__size_of_LCD_WriteData    (abs)        0000
__size_of_LCD_WriteString  (abs)        0000
__size_of_PWM_DutyCycle1   (abs)        0000
__size_of_PWM_DutyCycle2   (abs)        0000
__size_of_PWM_Init         (abs)        0000
__size_of_TIMER0_Init      (abs)        0000
__size_of_TIMER0_Set       (abs)        0000
__size_of_USART_Init       (abs)        0000
__size_of___aldiv          (abs)        0000
__size_of___ftdiv          (abs)        0000
__size_of___ftmul          (abs)        0000
__size_of___ftpack         (abs)        0000
__size_of___fttol          (abs)        0000
__size_of___lwdiv          (abs)        0000
__size_of___lwmod          (abs)        0000
__size_of___lwtoft         (abs)        0000
__size_of___wmul           (abs)        0000
__size_of_isdigit          (abs)        0000
__size_of_main             (abs)        0000
__size_of_sprintf          (abs)        0000
__size_ofi1_PWM_DutyCycle2 (abs)        0000
__size_ofi1_TIMER0_Set     (abs)        0000
__stringbase               strings      070F
__stringdata               strings      071A
__stringtab                strings      0700
_buffer                    bssBANK1     00C2
_contador_rb6              bssBANK0     0059
_contagens_tm0             bssBANK0     005B
_display                   bssBANK1     00D0
_dpowers                   strings      0710
_erro_atual                bssBANK0     005D
_isdigit                   text2        0E7D
_isdigit$1395              cstackBANK1  00A0
_ligado                    dataBANK0    0069
_main                      maintext     01ED
_pulsos                    bssBANK0     005F
_receiveIndex              bssBANK0     0061
_receivedBuffer            bssBANK1     00C9
_rpm                       bssCOMMON    007C
_setpoint                  bssBANK0     0063
_sprintf                   text1        0036
_status                    bssBANK0     0065
_temp_lida                 bssBANK0     0054
_tempo_rb6                 bssBANK0     0067
btemp                      (abs)        007E
clear_ram0                 clrtext      0E6A
end_of_initialization      cinit        0032
i1PWM_DutyCycle2@valor     cstackCOMMON 0070
i1TIMER0_Set@contagens     cstackCOMMON 0070
i1_PWM_DutyCycle2          text22       0ECA
i1_TIMER0_Set              text21       0E5C
interrupt_function         intentry     0004
intlevel0                  functab      0000
intlevel1                  functab      0000
intlevel2                  functab      0000
intlevel3                  functab      0000
intlevel4                  functab      0000
intlevel5                  functab      0000
isdigit@c                  cstackBANK1  00A1
ltemp                      (abs)        007E
ltemp0                     (abs)        007E
ltemp1                     (abs)        0082
ltemp2                     (abs)        0086
ltemp3                     (abs)        0080
reset_vec                  reset_vec    0000
saved_w                    (abs)        007E
sprintf@_val               cstackBANK1  00B6
sprintf@ap                 cstackBANK1  00B4
sprintf@c                  cstackBANK1  00BE
sprintf@f                  cstackBANK1  00AE
sprintf@flag               cstackBANK1  00BA
sprintf@prec               cstackBANK1  00B5
sprintf@sp                 cstackBANK1  00BD
sprintf@width              cstackBANK1  00BB
stackhi                    (abs)        0000
stacklo                    (abs)        0000
start                      init         0012
start_initialization       cinit        0015
ttemp                      (abs)        007E
ttemp0                     (abs)        007E
ttemp1                     (abs)        0081
ttemp2                     (abs)        0084
ttemp3                     (abs)        0087
ttemp4                     (abs)        007F
wtemp                      (abs)        007E
wtemp0                     (abs)        007E
wtemp1                     (abs)        0080
wtemp2                     (abs)        0082
wtemp3                     (abs)        0084
wtemp4                     (abs)        0086
wtemp5                     (abs)        0088
wtemp6                     (abs)        007F


FUNCTION INFORMATION:

 *************** function _main *****************
 Defined at:
		line 176 in file "C:\Users\332414\Desktop\FuzzySI\firmware\main.c"
 Parameters:    Size  Location     Type
		None
 Auto vars:     Size  Location     Type
		None
 Return value:  Size  Location     Type
		None               void
 Registers used:
		wreg, fsr0l, fsr0h, status,2, status,0, btemp+1, pclath, cstack
 Tracked objects:
		On entry : 
		On exit  : 
		Unchanged: 
 Data sizes:     COMMON   BANK0   BANK1   BANK3   BANK2
      Params:         0       0       0       0       0
      Locals:         0       0       0       0       0
      Temps:          0       0       3       0       0
      Totals:         0       0       3       0       0
Total ram usage:        3 bytes
 Hardware stack levels required when called:    5
 This function calls:
		_ADC_Init
		_LCD_Clear
		_LCD_Cursor
		_LCD_Init
		_LCD_WriteString
		_PWM_DutyCycle1
		_PWM_DutyCycle2
		_PWM_Init
		_TIMER0_Init
		_TIMER0_Set
		_USART_Init
		_sprintf
 This function is called by:
		Startup code after reset
 This function uses a non-reentrant model


 *************** function _sprintf *****************
 Defined at:
		line 492 in file "C:\Program Files (x86)\Microchip\xc8\v1.33\sources\common\doprnt.c"
 Parameters:    Size  Location     Type
  sp              1    wreg     PTR unsigned char 
		 -> display(10), 
  f               1   14[BANK1 ] PTR const unsigned char 
		 -> STR_2(5), 
 Auto vars:     Size  Location     Type
  sp              1   29[BANK1 ] PTR unsigned char 
		 -> display(10), 
  _val            4   22[BANK1 ] struct .
  width           2   27[BANK1 ] int 
  c               1   30[BANK1 ] char 
  flag            1   26[BANK1 ] unsigned char 
  prec            1   21[BANK1 ] char 
  ap              1   20[BANK1 ] PTR void [1]
		 -> ?_sprintf(2), 
 Return value:  Size  Location     Type
                  2   14[BANK1 ] int 
 Registers used:
		wreg, fsr0l, fsr0h, status,2, status,0, btemp+1, pclath, cstack
 Tracked objects:
		On entry : 
		On exit  : 
		Unchanged: 
 Data sizes:     COMMON   BANK0   BANK1   BANK3   BANK2
      Params:         0       0       3       0       0
      Locals:         0       0      11       0       0
      Temps:          0       0       3       0       0
      Totals:         0       0      17       0       0
Total ram usage:       17 bytes
 Hardware stack levels used:    1
 Hardware stack levels required when called:    4
 This function calls:
		___lwdiv
		___lwmod
		___wmul
		_isdigit
 This function is called by:
		_main
 This function uses a non-reentrant model


 *************** function _isdigit *****************
 Defined at:
		line 8 in file "C:\Program Files (x86)\Microchip\xc8\v1.33\sources\common\isdigit.c"
 Parameters:    Size  Location     Type
  c               1    wreg     unsigned char 
 Auto vars:     Size  Location     Type
  c               1    1[BANK1 ] unsigned char 
 Return value:  Size  Location     Type
		None               void
 Registers used:
		wreg, status,2, status,0
 Tracked objects:
		On entry : 
		On exit  : 
		Unchanged: 
 Data sizes:     COMMON   BANK0   BANK1   BANK3   BANK2
      Params:         0       0       0       0       0
      Locals:         0       0       2       0       0
      Temps:          0       0       0       0       0
      Totals:         0       0       2       0       0
Total ram usage:        2 bytes
 Hardware stack levels used:    1
 Hardware stack levels required when called:    3
 This function calls:
		Nothing
 This function is called by:
		_sprintf
 This function uses a non-reentrant model


 *************** function ___wmul *****************
 Defined at:
		line 15 in file "C:\Program Files (x86)\Microchip\xc8\v1.33\sources\common\Umul16.c"
 Parameters:    Size  Location     Type
  multiplier      2    0[BANK1 ] unsigned int 
  multiplicand    2    2[BANK1 ] unsigned int 
 Auto vars:     Size  Location     Type
  product         2    4[BANK1 ] unsigned int 
 Return value:  Size  Location     Type
                  2    0[BANK1 ] unsigned int 
 Registers used:
		wreg, status,2, status,0
 Tracked objects:
		On entry : 
		On exit  : 
		Unchanged: 
 Data sizes:     COMMON   BANK0   BANK1   BANK3   BANK2
      Params:         0       0       4       0       0
      Locals:         0       0       2       0       0
      Temps:          0       0       0       0       0
      Totals:         0       0       6       0       0
Total ram usage:        6 bytes
 Hardware stack levels used:    1
 Hardware stack levels required when called:    3
 This function calls:
		Nothing
 This function is called by:
		_sprintf
 This function uses a non-reentrant model


 *************** function ___lwmod *****************
 Defined at:
		line 6 in file "C:\Program Files (x86)\Microchip\xc8\v1.33\sources\common\lwmod.c"
 Parameters:    Size  Location     Type
  divisor         2    8[BANK1 ] unsigned int 
  dividend        2   10[BANK1 ] unsigned int 
 Auto vars:     Size  Location     Type
  counter         1   13[BANK1 ] unsigned char 
 Return value:  Size  Location     Type
                  2    8[BANK1 ] unsigned int 
 Registers used:
		wreg, status,2, status,0
 Tracked objects:
		On entry : 
		On exit  : 
		Unchanged: 
 Data sizes:     COMMON   BANK0   BANK1   BANK3   BANK2
      Params:         0       0       4       0       0
      Locals:         0       0       1       0       0
      Temps:          0       0       1       0       0
      Totals:         0       0       6       0       0
Total ram usage:        6 bytes
 Hardware stack levels used:    1
 Hardware stack levels required when called:    3
 This function calls:
		Nothing
 This function is called by:
		_sprintf
 This function uses a non-reentrant model


 *************** function ___lwdiv *****************
 Defined at:
		line 6 in file "C:\Program Files (x86)\Microchip\xc8\v1.33\sources\common\lwdiv.c"
 Parameters:    Size  Location     Type
  divisor         2    0[BANK1 ] unsigned int 
  dividend        2    2[BANK1 ] unsigned int 
 Auto vars:     Size  Location     Type
  quotient        2    5[BANK1 ] unsigned int 
  counter         1    7[BANK1 ] unsigned char 
 Return value:  Size  Location     Type
                  2    0[BANK1 ] unsigned int 
 Registers used:
		wreg, status,2, status,0
 Tracked objects:
		On entry : 
		On exit  : 
		Unchanged: 
 Data sizes:     COMMON   BANK0   BANK1   BANK3   BANK2
      Params:         0       0       4       0       0
      Locals:         0       0       3       0       0
      Temps:          0       0       1       0       0
      Totals:         0       0       8       0       0
Total ram usage:        8 bytes
 Hardware stack levels used:    1
 Hardware stack levels required when called:    3
 This function calls:
		Nothing
 This function is called by:
		_sprintf
 This function uses a non-reentrant model


 *************** function _USART_Init *****************
 Defined at:
		line 6 in file "C:\Users\332414\Desktop\FuzzySI\firmware\usart.c"
 Parameters:    Size  Location     Type
  BaudRate        4   15[BANK1 ] long 
 Auto vars:     Size  Location     Type
		None
 Return value:  Size  Location     Type
		None               void
 Registers used:
		wreg, status,2, status,0, pclath, cstack
 Tracked objects:
		On entry : 
		On exit  : 
		Unchanged: 
 Data sizes:     COMMON   BANK0   BANK1   BANK3   BANK2
      Params:         0       0       4       0       0
      Locals:         0       0       0       0       0
      Temps:          0       0       4       0       0
      Totals:         0       0       8       0       0
Total ram usage:        8 bytes
 Hardware stack levels used:    1
 Hardware stack levels required when called:    4
 This function calls:
		___aldiv
 This function is called by:
		_main
 This function uses a non-reentrant model


 *************** function ___aldiv *****************
 Defined at:
		line 6 in file "C:\Program Files (x86)\Microchip\xc8\v1.33\sources\common\aldiv.c"
 Parameters:    Size  Location     Type
  divisor         4    0[BANK1 ] long 
  dividend        4    4[BANK1 ] long 
 Auto vars:     Size  Location     Type
  quotient        4   11[BANK1 ] long 
  sign            1   10[BANK1 ] unsigned char 
  counter         1    9[BANK1 ] unsigned char 
 Return value:  Size  Location     Type
                  4    0[BANK1 ] long 
 Registers used:
		wreg, status,2, status,0
 Tracked objects:
		On entry : 
		On exit  : 
		Unchanged: 
 Data sizes:     COMMON   BANK0   BANK1   BANK3   BANK2
      Params:         0       0       8       0       0
      Locals:         0       0       6       0       0
      Temps:          0       0       1       0       0
      Totals:         0       0      15       0       0
Total ram usage:       15 bytes
 Hardware stack levels used:    1
 Hardware stack levels required when called:    3
 This function calls:
		Nothing
 This function is called by:
		_USART_Init
 This function uses a non-reentrant model


 *************** function _TIMER0_Set *****************
 Defined at:
		line 20 in file "C:\Users\332414\Desktop\FuzzySI\firmware\timers.c"
 Parameters:    Size  Location     Type
  contagens       1    wreg     unsigned char 
 Auto vars:     Size  Location     Type
  contagens       1    0[BANK1 ] unsigned char 
 Return value:  Size  Location     Type
		None               void
 Registers used:
		wreg
 Tracked objects:
		On entry : 
		On exit  : 
		Unchanged: 
 Data sizes:     COMMON   BANK0   BANK1   BANK3   BANK2
      Params:         0       0       0       0       0
      Locals:         0       0       1       0       0
      Temps:          0       0       0       0       0
      Totals:         0       0       1       0       0
Total ram usage:        1 bytes
 Hardware stack levels used:    1
 Hardware stack levels required when called:    3
 This function calls:
		Nothing
 This function is called by:
		_main
 This function uses a non-reentrant model


 *************** function _TIMER0_Init *****************
 Defined at:
		line 6 in file "C:\Users\332414\Desktop\FuzzySI\firmware\timers.c"
 Parameters:    Size  Location     Type
		None
 Auto vars:     Size  Location     Type
		None
 Return value:  Size  Location     Type
		None               void
 Registers used:
		None
 Tracked objects:
		On entry : 
		On exit  : 
		Unchanged: 
 Data sizes:     COMMON   BANK0   BANK1   BANK3   BANK2
      Params:         0       0       0       0       0
      Locals:         0       0       0       0       0
      Temps:          0       0       0       0       0
      Totals:         0       0       0       0       0
Total ram usage:        0 bytes
 Hardware stack levels used:    1
 Hardware stack levels required when called:    3
 This function calls:
		Nothing
 This function is called by:
		_main
 This function uses a non-reentrant model


 *************** function _PWM_Init *****************
 Defined at:
		line 5 in file "C:\Users\332414\Desktop\FuzzySI\firmware\pwm.c"
 Parameters:    Size  Location     Type
		None
 Auto vars:     Size  Location     Type
		None
 Return value:  Size  Location     Type
		None               void
 Registers used:
		wreg
 Tracked objects:
		On entry : 
		On exit  : 
		Unchanged: 
 Data sizes:     COMMON   BANK0   BANK1   BANK3   BANK2
      Params:         0       0       0       0       0
      Locals:         0       0       0       0       0
      Temps:          0       0       0       0       0
      Totals:         0       0       0       0       0
Total ram usage:        0 bytes
 Hardware stack levels used:    1
 Hardware stack levels required when called:    3
 This function calls:
		Nothing
 This function is called by:
		_main
 This function uses a non-reentrant model


 *************** function _PWM_DutyCycle2 *****************
 Defined at:
		line 96 in file "C:\Users\332414\Desktop\FuzzySI\firmware\pwm.c"
 Parameters:    Size  Location     Type
  valor           2    0[BANK1 ] int 
 Auto vars:     Size  Location     Type
		None
 Return value:  Size  Location     Type
		None               void
 Registers used:
		wreg, status,2, status,0
 Tracked objects:
		On entry : 
		On exit  : 
		Unchanged: 
 Data sizes:     COMMON   BANK0   BANK1   BANK3   BANK2
      Params:         0       0       2       0       0
      Locals:         0       0       0       0       0
      Temps:          0       0       2       0       0
      Totals:         0       0       4       0       0
Total ram usage:        4 bytes
 Hardware stack levels used:    1
 Hardware stack levels required when called:    3
 This function calls:
		Nothing
 This function is called by:
		_main
 This function uses a non-reentrant model


 *************** function _PWM_DutyCycle1 *****************
 Defined at:
		line 64 in file "C:\Users\332414\Desktop\FuzzySI\firmware\pwm.c"
 Parameters:    Size  Location     Type
  valor           2    0[BANK1 ] int 
 Auto vars:     Size  Location     Type
		None
 Return value:  Size  Location     Type
		None               void
 Registers used:
		wreg, status,2, status,0
 Tracked objects:
		On entry : 
		On exit  : 
		Unchanged: 
 Data sizes:     COMMON   BANK0   BANK1   BANK3   BANK2
      Params:         0       0       2       0       0
      Locals:         0       0       0       0       0
      Temps:          0       0       2       0       0
      Totals:         0       0       4       0       0
Total ram usage:        4 bytes
 Hardware stack levels used:    1
 Hardware stack levels required when called:    3
 This function calls:
		Nothing
 This function is called by:
		_main
 This function uses a non-reentrant model


 *************** function _LCD_WriteString *****************
 Defined at:
		line 61 in file "C:\Users\332414\Desktop\FuzzySI\firmware\lcd.c"
 Parameters:    Size  Location     Type
  Str             2    2[BANK1 ] PTR const unsigned char 
		 -> STR_3(6), display(10), STR_1(17), 
 Auto vars:     Size  Location     Type
		None
 Return value:  Size  Location     Type
		None               void
 Registers used:
		wreg, fsr0l, fsr0h, status,2, status,0, btemp+1, pclath, cstack
 Tracked objects:
		On entry : 
		On exit  : 
		Unchanged: 
 Data sizes:     COMMON   BANK0   BANK1   BANK3   BANK2
      Params:         0       0       2       0       0
      Locals:         0       0       0       0       0
      Temps:          0       0       0       0       0
      Totals:         0       0       2       0       0
Total ram usage:        2 bytes
 Hardware stack levels used:    1
 Hardware stack levels required when called:    4
 This function calls:
		_LCD_WriteData
 This function is called by:
		_main
 This function uses a non-reentrant model


 *************** function _LCD_WriteData *****************
 Defined at:
		line 47 in file "C:\Users\332414\Desktop\FuzzySI\firmware\lcd.c"
 Parameters:    Size  Location     Type
  Byte            1    wreg     unsigned char 
 Auto vars:     Size  Location     Type
  Byte            1    1[BANK1 ] unsigned char 
 Return value:  Size  Location     Type
		None               void
 Registers used:
		wreg
 Tracked objects:
		On entry : 
		On exit  : 
		Unchanged: 
 Data sizes:     COMMON   BANK0   BANK1   BANK3   BANK2
      Params:         0       0       0       0       0
      Locals:         0       0       1       0       0
      Temps:          0       0       1       0       0
      Totals:         0       0       2       0       0
Total ram usage:        2 bytes
 Hardware stack levels used:    1
 Hardware stack levels required when called:    3
 This function calls:
		Nothing
 This function is called by:
		_LCD_WriteString
 This function uses a non-reentrant model


 *************** function _LCD_Init *****************
 Defined at:
		line 87 in file "C:\Users\332414\Desktop\FuzzySI\firmware\lcd.c"
 Parameters:    Size  Location     Type
		None
 Auto vars:     Size  Location     Type
		None
 Return value:  Size  Location     Type
		None               void
 Registers used:
		wreg, status,2, status,0, pclath, cstack
 Tracked objects:
		On entry : 
		On exit  : 
		Unchanged: 
 Data sizes:     COMMON   BANK0   BANK1   BANK3   BANK2
      Params:         0       0       0       0       0
      Locals:         0       0       0       0       0
      Temps:          0       0       2       0       0
      Totals:         0       0       2       0       0
Total ram usage:        2 bytes
 Hardware stack levels used:    1
 Hardware stack levels required when called:    4
 This function calls:
		_LCD_WriteCmd
 This function is called by:
		_main
 This function uses a non-reentrant model


 *************** function _LCD_Cursor *****************
 Defined at:
		line 10 in file "C:\Users\332414\Desktop\FuzzySI\firmware\lcd.c"
 Parameters:    Size  Location     Type
  Row             1    wreg     unsigned char 
  Col             1    0[BANK1 ] unsigned char 
 Auto vars:     Size  Location     Type
  Row             1    2[BANK1 ] unsigned char 
 Return value:  Size  Location     Type
		None               void
 Registers used:
		wreg, status,2, status,0
 Tracked objects:
		On entry : 
		On exit  : 
		Unchanged: 
 Data sizes:     COMMON   BANK0   BANK1   BANK3   BANK2
      Params:         0       0       1       0       0
      Locals:         0       0       1       0       0
      Temps:          0       0       1       0       0
      Totals:         0       0       3       0       0
Total ram usage:        3 bytes
 Hardware stack levels used:    1
 Hardware stack levels required when called:    3
 This function calls:
		Nothing
 This function is called by:
		_main
 This function uses a non-reentrant model


 *************** function _LCD_Clear *****************
 Defined at:
		line 71 in file "C:\Users\332414\Desktop\FuzzySI\firmware\lcd.c"
 Parameters:    Size  Location     Type
		None
 Auto vars:     Size  Location     Type
		None
 Return value:  Size  Location     Type
		None               void
 Registers used:
		wreg, status,2, status,0, pclath, cstack
 Tracked objects:
		On entry : 
		On exit  : 
		Unchanged: 
 Data sizes:     COMMON   BANK0   BANK1   BANK3   BANK2
      Params:         0       0       0       0       0
      Locals:         0       0       0       0       0
      Temps:          0       0       2       0       0
      Totals:         0       0       2       0       0
Total ram usage:        2 bytes
 Hardware stack levels used:    1
 Hardware stack levels required when called:    4
 This function calls:
		_LCD_WriteCmd
 This function is called by:
		_main
 This function uses a non-reentrant model


 *************** function _LCD_WriteCmd *****************
 Defined at:
		line 32 in file "C:\Users\332414\Desktop\FuzzySI\firmware\lcd.c"
 Parameters:    Size  Location     Type
  Byte            1    wreg     unsigned char 
 Auto vars:     Size  Location     Type
  Byte            1    1[BANK1 ] unsigned char 
 Return value:  Size  Location     Type
		None               void
 Registers used:
		wreg
 Tracked objects:
		On entry : 
		On exit  : 
		Unchanged: 
 Data sizes:     COMMON   BANK0   BANK1   BANK3   BANK2
      Params:         0       0       0       0       0
      Locals:         0       0       1       0       0
      Temps:          0       0       1       0       0
      Totals:         0       0       2       0       0
Total ram usage:        2 bytes
 Hardware stack levels used:    1
 Hardware stack levels required when called:    3
 This function calls:
		Nothing
 This function is called by:
		_LCD_Clear
		_LCD_Init
 This function uses a non-reentrant model


 *************** function _ADC_Init *****************
 Defined at:
		line 6 in file "C:\Users\332414\Desktop\FuzzySI\firmware\adc.c"
 Parameters:    Size  Location     Type
		None
 Auto vars:     Size  Location     Type
		None
 Return value:  Size  Location     Type
		None               void
 Registers used:
		None
 Tracked objects:
		On entry : 
		On exit  : 
		Unchanged: 
 Data sizes:     COMMON   BANK0   BANK1   BANK3   BANK2
      Params:         0       0       0       0       0
      Locals:         0       0       0       0       0
      Temps:          0       0       0       0       0
      Totals:         0       0       0       0       0
Total ram usage:        0 bytes
 Hardware stack levels used:    1
 Hardware stack levels required when called:    3
 This function calls:
		Nothing
 This function is called by:
		_main
 This function uses a non-reentrant model


 *************** function _ISR *****************
 Defined at:
		line 94 in file "C:\Users\332414\Desktop\FuzzySI\firmware\main.c"
 Parameters:    Size  Location     Type
		None
 Auto vars:     Size  Location     Type
		None
 Return value:  Size  Location     Type
		None               void
 Registers used:
		wreg, status,2, status,0, pclath, cstack
 Tracked objects:
		On entry : 
		On exit  : 
		Unchanged: 
 Data sizes:     COMMON   BANK0   BANK1   BANK3   BANK2
      Params:         0       0       0       0       0
      Locals:         0       0       0       0       0
      Temps:          0       6       0       0       0
      Totals:         0       6       0       0       0
Total ram usage:        6 bytes
 Hardware stack levels used:    1
 Hardware stack levels required when called:    2
 This function calls:
		___ftdiv
		___ftmul
		___fttol
		___lwtoft
		i1_PWM_DutyCycle2
		i1_TIMER0_Set
 This function is called by:
		Interrupt level 1
 This function uses a non-reentrant model


 *************** function i1_TIMER0_Set *****************
 Defined at:
		line 20 in file "C:\Users\332414\Desktop\FuzzySI\firmware\timers.c"
 Parameters:    Size  Location     Type
  contagens       1    wreg     unsigned char 
 Auto vars:     Size  Location     Type
  contagens       1    0[COMMON] unsigned char 
 Return value:  Size  Location     Type
		None               void
 Registers used:
		wreg
 Tracked objects:
		On entry : 
		On exit  : 
		Unchanged: 
 Data sizes:     COMMON   BANK0   BANK1   BANK3   BANK2
      Params:         0       0       0       0       0
      Locals:         1       0       0       0       0
      Temps:          0       0       0       0       0
      Totals:         1       0       0       0       0
Total ram usage:        1 bytes
 Hardware stack levels used:    1
 This function calls:
		Nothing
 This function is called by:
		_ISR
 This function uses a non-reentrant model


 *************** function i1_PWM_DutyCycle2 *****************
 Defined at:
		line 96 in file "C:\Users\332414\Desktop\FuzzySI\firmware\pwm.c"
 Parameters:    Size  Location     Type
  valor           2    0[COMMON] int 
 Auto vars:     Size  Location     Type
		None
 Return value:  Size  Location     Type
		None               void
 Registers used:
		wreg, status,2, status,0
 Tracked objects:
		On entry : 
		On exit  : 
		Unchanged: 
 Data sizes:     COMMON   BANK0   BANK1   BANK3   BANK2
      Params:         2       0       0       0       0
      Locals:         0       0       0       0       0
      Temps:          2       0       0       0       0
      Totals:         4       0       0       0       0
Total ram usage:        4 bytes
 Hardware stack levels used:    1
 This function calls:
		Nothing
 This function is called by:
		_ISR
 This function uses a non-reentrant model


 *************** function ___lwtoft *****************
 Defined at:
		line 28 in file "C:\Program Files (x86)\Microchip\xc8\v1.33\sources\common\lwtoft.c"
 Parameters:    Size  Location     Type
  c               2    8[COMMON] unsigned int 
 Auto vars:     Size  Location     Type
		None
 Return value:  Size  Location     Type
                  3    8[COMMON] float 
 Registers used:
		wreg, status,2, status,0, pclath, cstack
 Tracked objects:
		On entry : 
		On exit  : 
		Unchanged: 
 Data sizes:     COMMON   BANK0   BANK1   BANK3   BANK2
      Params:         3       0       0       0       0
      Locals:         0       0       0       0       0
      Temps:          1       0       0       0       0
      Totals:         4       0       0       0       0
Total ram usage:        4 bytes
 Hardware stack levels used:    1
 Hardware stack levels required when called:    1
 This function calls:
		___ftpack
 This function is called by:
		_ISR
 This function uses a non-reentrant model


 *************** function ___fttol *****************
 Defined at:
		line 44 in file "C:\Program Files (x86)\Microchip\xc8\v1.33\sources\common\fttol.c"
 Parameters:    Size  Location     Type
  f1              3   32[BANK0 ] float 
 Auto vars:     Size  Location     Type
  lval            4   41[BANK0 ] unsigned long 
  exp1            1   45[BANK0 ] unsigned char 
  sign1           1   40[BANK0 ] unsigned char 
 Return value:  Size  Location     Type
                  4   32[BANK0 ] long 
 Registers used:
		wreg, status,2, status,0
 Tracked objects:
		On entry : 
		On exit  : 
		Unchanged: 
 Data sizes:     COMMON   BANK0   BANK1   BANK3   BANK2
      Params:         0       4       0       0       0
      Locals:         0       6       0       0       0
      Temps:          0       4       0       0       0
      Totals:         0      14       0       0       0
Total ram usage:       14 bytes
 Hardware stack levels used:    1
 This function calls:
		Nothing
 This function is called by:
		_ISR
 This function uses a non-reentrant model


 *************** function ___ftmul *****************
 Defined at:
		line 62 in file "C:\Program Files (x86)\Microchip\xc8\v1.33\sources\common\ftmul.c"
 Parameters:    Size  Location     Type
  f1              3   16[BANK0 ] float 
  f2              3   19[BANK0 ] float 
 Auto vars:     Size  Location     Type
  f3_as_produc    3   27[BANK0 ] unsigned um
  sign            1   31[BANK0 ] unsigned char 
  cntr            1   30[BANK0 ] unsigned char 
  exp             1   26[BANK0 ] unsigned char 
 Return value:  Size  Location     Type
                  3   16[BANK0 ] float 
 Registers used:
		wreg, status,2, status,0, pclath, cstack
 Tracked objects:
		On entry : 
		On exit  : 
		Unchanged: 
 Data sizes:     COMMON   BANK0   BANK1   BANK3   BANK2
      Params:         0       6       0       0       0
      Locals:         0       6       0       0       0
      Temps:          0       4       0       0       0
      Totals:         0      16       0       0       0
Total ram usage:       16 bytes
 Hardware stack levels used:    1
 Hardware stack levels required when called:    1
 This function calls:
		___ftpack
 This function is called by:
		_ISR
 This function uses a non-reentrant model


 *************** function ___ftdiv *****************
 Defined at:
		line 49 in file "C:\Program Files (x86)\Microchip\xc8\v1.33\sources\pic\ftdiv.c"
 Parameters:    Size  Location     Type
  f2              3    0[BANK0 ] float 
  f1              3    3[BANK0 ] float 
 Auto vars:     Size  Location     Type
  f3              3   11[BANK0 ] float 
  sign            1   15[BANK0 ] unsigned char 
  exp             1   14[BANK0 ] unsigned char 
  cntr            1   10[BANK0 ] unsigned char 
 Return value:  Size  Location     Type
                  3    0[BANK0 ] float 
 Registers used:
		wreg, status,2, status,0, pclath, cstack
 Tracked objects:
		On entry : 
		On exit  : 
		Unchanged: 
 Data sizes:     COMMON   BANK0   BANK1   BANK3   BANK2
      Params:         0       6       0       0       0
      Locals:         0       6       0       0       0
      Temps:          0       4       0       0       0
      Totals:         0      16       0       0       0
Total ram usage:       16 bytes
 Hardware stack levels used:    1
 Hardware stack levels required when called:    1
 This function calls:
		___ftpack
 This function is called by:
		_ISR
		_triangular
		_trapezoidal
 This function uses a non-reentrant model


 *************** function ___ftpack *****************
 Defined at:
		line 62 in file "C:\Program Files (x86)\Microchip\xc8\v1.33\sources\common\float.c"
 Parameters:    Size  Location     Type
  arg             3    0[COMMON] unsigned um
  exp             1    3[COMMON] unsigned char 
  sign            1    4[COMMON] unsigned char 
 Auto vars:     Size  Location     Type
		None
 Return value:  Size  Location     Type
                  3    0[COMMON] float 
 Registers used:
		wreg, status,2, status,0
 Tracked objects:
		On entry : 
		On exit  : 
		Unchanged: 
 Data sizes:     COMMON   BANK0   BANK1   BANK3   BANK2
      Params:         5       0       0       0       0
      Locals:         0       0       0       0       0
      Temps:          3       0       0       0       0
      Totals:         8       0       0       0       0
Total ram usage:        8 bytes
 Hardware stack levels used:    1
 This function calls:
		Nothing
 This function is called by:
		___ftdiv
		___ftmul
		___lwtoft
 This function uses a non-reentrant model



MODULE INFORMATION

Module		Function		Class		Link	Load	Size
C:\Program Files (x86)\Microchip\xc8\v1.33\sources\common\doprnt.c
		_sprintf       		CODE           	0036	0000	439

C:\Program Files (x86)\Microchip\xc8\v1.33\sources\common\doprnt.c estimated size: 439

C:\Program Files (x86)\Microchip\xc8\v1.33\sources\common\float.c
		___ftpack      		CODE           	0678	0000	104

C:\Program Files (x86)\Microchip\xc8\v1.33\sources\common\float.c estimated size: 104

C:\Users\332414\Desktop\FuzzySI\firmware\main.c
		_ISR           		CODE           	0458	0000	152
		_main          		CODE           	01ED	0000	224

C:\Users\332414\Desktop\FuzzySI\firmware\main.c estimated size: 376

C:\Program Files (x86)\Microchip\xc8\v1.33\sources\common\lwmod.c
		___lwmod       		CODE           	0FCA	0000	54

C:\Program Files (x86)\Microchip\xc8\v1.33\sources\common\lwmod.c estimated size: 54

C:\Program Files (x86)\Microchip\xc8\v1.33\sources\common\Umul16.c
		___wmul        		CODE           	0F4B	0000	37

C:\Program Files (x86)\Microchip\xc8\v1.33\sources\common\Umul16.c estimated size: 37

C:\Users\332414\Desktop\FuzzySI\firmware\pwm.c
		_PWM_DutyCycle1		CODE           	0EE5	0000	33
		_PWM_DutyCycle2		CODE           	0F06	0000	33
		_PWM_Init      		CODE           	0F27	0000	36

C:\Users\332414\Desktop\FuzzySI\firmware\pwm.c estimated size: 102

C:\Users\332414\Desktop\FuzzySI\firmware\adc.c
		_ADC_Init      		CODE           	0E8D	0000	18

C:\Users\332414\Desktop\FuzzySI\firmware\adc.c estimated size: 18

C:\Users\332414\Desktop\FuzzySI\firmware\usart.c
		_USART_Init    		CODE           	075E	0000	73

C:\Users\332414\Desktop\FuzzySI\firmware\usart.c estimated size: 73

C:\Program Files (x86)\Microchip\xc8\v1.33\sources\common\ftmul.c
		___ftmul       		CODE           	02CD	0000	211

C:\Program Files (x86)\Microchip\xc8\v1.33\sources\common\ftmul.c estimated size: 211

C:\Program Files (x86)\Microchip\xc8\v1.33\sources\common\lwdiv.c
		___lwdiv       		CODE           	07A7	0000	64

C:\Program Files (x86)\Microchip\xc8\v1.33\sources\common\lwdiv.c estimated size: 64

C:\Users\332414\Desktop\FuzzySI\firmware\lcd.c
		_LCD_Init      		CODE           	060D	0000	107
		_LCD_WriteStrin		CODE           	0F99	0000	49
		_LCD_Clear     		CODE           	0F70	0000	41
		_LCD_Cursor    		CODE           	06E0	0000	32
		_LCD_WriteCmd  		CODE           	0EB3	0000	23
		_LCD_WriteData 		CODE           	07E7	0000	23

C:\Users\332414\Desktop\FuzzySI\firmware\lcd.c estimated size: 275

shared
		i1_TIMER0_Set  		CODE           	0E5C	0000	6
		__stringtab    		STRING         	0700	0000	16
		i1_PWM_DutyCycl		CODE           	0ECA	0000	27
		__stringdata   		STRING         	071A	0000	68
		_dpowers       		STRING         	0710	0000	10
		__initializatio		CODE           	0015	0000	29

shared estimated size: 156

C:\Program Files (x86)\Microchip\xc8\v1.33\sources\common\aldiv.c
		___aldiv       		CODE           	04F0	0000	143

C:\Program Files (x86)\Microchip\xc8\v1.33\sources\common\aldiv.c estimated size: 143

C:\Program Files (x86)\Microchip\xc8\v1.33\sources\common\fttol.c
		___fttol       		CODE           	057F	0000	142

C:\Program Files (x86)\Microchip\xc8\v1.33\sources\common\fttol.c estimated size: 142

C:\Users\332414\Desktop\FuzzySI\firmware\timers.c
		_TIMER0_Set    		CODE           	0E62	0000	8
		_TIMER0_Init   		CODE           	0E72	0000	11

C:\Users\332414\Desktop\FuzzySI\firmware\timers.c estimated size: 19

C:\Program Files (x86)\Microchip\xc8\v1.33\sources\pic\ftdiv.c
		___ftdiv       		CODE           	03A0	0000	184

C:\Program Files (x86)\Microchip\xc8\v1.33\sources\pic\ftdiv.c estimated size: 184

C:\Program Files (x86)\Microchip\xc8\v1.33\sources\common\lwtoft.c
		___lwtoft      		CODE           	0E9F	0000	20

C:\Program Files (x86)\Microchip\xc8\v1.33\sources\common\lwtoft.c estimated size: 20

C:\Program Files (x86)\Microchip\xc8\v1.33\sources\common\isdigit.c
		_isdigit       		CODE           	0E7D	0000	16

C:\Program Files (x86)\Microchip\xc8\v1.33\sources\common\isdigit.c estimated size: 16

